2025-07-10T21:33:57.3368033Z Current runner version: '2.325.0'
2025-07-10T21:33:57.3407241Z ##[group]Runner Image Provisioner
2025-07-10T21:33:57.3408508Z Hosted Compute Agent
2025-07-10T21:33:57.3409428Z Version: 20250710.361
2025-07-10T21:33:57.3410503Z Commit: 1aa91963755b73deaa955e512f5de173acfde7a8
2025-07-10T21:33:57.3411606Z Build Date: 2025-07-10T18:39:53Z
2025-07-10T21:33:57.3412548Z ##[endgroup]
2025-07-10T21:33:57.3413758Z ##[group]Operating System
2025-07-10T21:33:57.3414867Z Ubuntu
2025-07-10T21:33:57.3415589Z 24.04.2
2025-07-10T21:33:57.3416317Z LTS
2025-07-10T21:33:57.3417199Z ##[endgroup]
2025-07-10T21:33:57.3418106Z ##[group]Runner Image
2025-07-10T21:33:57.3419093Z Image: ubuntu-24.04
2025-07-10T21:33:57.3420129Z Version: 20250629.1.0
2025-07-10T21:33:57.3421993Z Included Software: https://github.com/actions/runner-images/blob/ubuntu24/20250629.1/images/ubuntu/Ubuntu2404-Readme.md
2025-07-10T21:33:57.3425071Z Image Release: https://github.com/actions/runner-images/releases/tag/ubuntu24%2F20250629.1
2025-07-10T21:33:57.3426782Z ##[endgroup]
2025-07-10T21:33:57.3428699Z ##[group]GITHUB_TOKEN Permissions
2025-07-10T21:33:57.3431669Z Contents: read
2025-07-10T21:33:57.3432579Z Metadata: read
2025-07-10T21:33:57.3433819Z ##[endgroup]
2025-07-10T21:33:57.3436973Z Secret source: Actions
2025-07-10T21:33:57.3438471Z Prepare workflow directory
2025-07-10T21:33:57.3933732Z Prepare all required actions
2025-07-10T21:33:57.3992638Z Getting action download info
2025-07-10T21:33:57.6460700Z ##[group]Download immutable action package 'actions/checkout@v3'
2025-07-10T21:33:57.6461665Z Version: 3.6.0
2025-07-10T21:33:57.6462793Z Digest: sha256:942562b9c7d4b1f2557f1da21f4d3eb4eb4fd01f2ad78b2a6e187d1b193e0a0f
2025-07-10T21:33:57.6464125Z Source commit SHA: f43a0e5ff2bd294095638e18286ca9a3d1956744
2025-07-10T21:33:57.6464834Z ##[endgroup]
2025-07-10T21:33:57.7270727Z ##[group]Download immutable action package 'actions/setup-python@v4'
2025-07-10T21:33:57.7271502Z Version: 4.9.1
2025-07-10T21:33:57.7272336Z Digest: sha256:f03e505388af670b5a108629e0ba26befc08d5c62b41f46146a45fe29ae509a5
2025-07-10T21:33:57.7273563Z Source commit SHA: 7f4fc3e22c37d6ff65e88745f38bd3157c663f7c
2025-07-10T21:33:57.7274264Z ##[endgroup]
2025-07-10T21:33:58.0464693Z Complete job name: test
2025-07-10T21:33:58.1116279Z ##[group]Run actions/checkout@v3
2025-07-10T21:33:58.1117093Z with:
2025-07-10T21:33:58.1117516Z   repository: mirqtio/LeadFactory_v1
2025-07-10T21:33:58.1118176Z   token: ***
2025-07-10T21:33:58.1118560Z   ssh-strict: true
2025-07-10T21:33:58.1118975Z   persist-credentials: true
2025-07-10T21:33:58.1119431Z   clean: true
2025-07-10T21:33:58.1119828Z   sparse-checkout-cone-mode: true
2025-07-10T21:33:58.1120306Z   fetch-depth: 1
2025-07-10T21:33:58.1120687Z   fetch-tags: false
2025-07-10T21:33:58.1121074Z   lfs: false
2025-07-10T21:33:58.1121446Z   submodules: false
2025-07-10T21:33:58.1121857Z   set-safe-directory: true
2025-07-10T21:33:58.1122643Z ##[endgroup]
2025-07-10T21:33:58.1998782Z Syncing repository: mirqtio/LeadFactory_v1
2025-07-10T21:33:58.2001503Z ##[group]Getting Git version info
2025-07-10T21:33:58.2002803Z Working directory is '/home/runner/work/LeadFactory_v1/LeadFactory_v1'
2025-07-10T21:33:58.2004834Z [command]/usr/bin/git version
2025-07-10T21:33:58.2023785Z git version 2.49.0
2025-07-10T21:33:58.2050907Z ##[endgroup]
2025-07-10T21:33:58.2066636Z Temporarily overriding HOME='/home/runner/work/_temp/75b240f1-3908-421c-817d-85ecfc720901' before making global git config changes
2025-07-10T21:33:58.2068995Z Adding repository directory to the temporary git global config as a safe directory
2025-07-10T21:33:58.2071065Z [command]/usr/bin/git config --global --add safe.directory /home/runner/work/LeadFactory_v1/LeadFactory_v1
2025-07-10T21:33:58.2102935Z Deleting the contents of '/home/runner/work/LeadFactory_v1/LeadFactory_v1'
2025-07-10T21:33:58.2107234Z ##[group]Initializing the repository
2025-07-10T21:33:58.2111119Z [command]/usr/bin/git init /home/runner/work/LeadFactory_v1/LeadFactory_v1
2025-07-10T21:33:58.2164280Z hint: Using 'master' as the name for the initial branch. This default branch name
2025-07-10T21:33:58.2165936Z hint: is subject to change. To configure the initial branch name to use in all
2025-07-10T21:33:58.2167158Z hint: of your new repositories, which will suppress this warning, call:
2025-07-10T21:33:58.2168114Z hint:
2025-07-10T21:33:58.2168656Z hint: 	git config --global init.defaultBranch <name>
2025-07-10T21:33:58.2169660Z hint:
2025-07-10T21:33:58.2170828Z hint: Names commonly chosen instead of 'master' are 'main', 'trunk' and
2025-07-10T21:33:58.2172443Z hint: 'development'. The just-created branch can be renamed via this command:
2025-07-10T21:33:58.2174035Z hint:
2025-07-10T21:33:58.2174758Z hint: 	git branch -m <name>
2025-07-10T21:33:58.2176063Z Initialized empty Git repository in /home/runner/work/LeadFactory_v1/LeadFactory_v1/.git/
2025-07-10T21:33:58.2178862Z [command]/usr/bin/git remote add origin https://github.com/mirqtio/LeadFactory_v1
2025-07-10T21:33:58.2207896Z ##[endgroup]
2025-07-10T21:33:58.2209078Z ##[group]Disabling automatic garbage collection
2025-07-10T21:33:58.2210954Z [command]/usr/bin/git config --local gc.auto 0
2025-07-10T21:33:58.2237789Z ##[endgroup]
2025-07-10T21:33:58.2239002Z ##[group]Setting up auth
2025-07-10T21:33:58.2243769Z [command]/usr/bin/git config --local --name-only --get-regexp core\.sshCommand
2025-07-10T21:33:58.2270797Z [command]/usr/bin/git submodule foreach --recursive sh -c "git config --local --name-only --get-regexp 'core\.sshCommand' && git config --local --unset-all 'core.sshCommand' || :"
2025-07-10T21:33:58.2515426Z [command]/usr/bin/git config --local --name-only --get-regexp http\.https\:\/\/github\.com\/\.extraheader
2025-07-10T21:33:58.2541964Z [command]/usr/bin/git submodule foreach --recursive sh -c "git config --local --name-only --get-regexp 'http\.https\:\/\/github\.com\/\.extraheader' && git config --local --unset-all 'http.https://github.com/.extraheader' || :"
2025-07-10T21:33:58.2751168Z [command]/usr/bin/git config --local http.https://github.com/.extraheader AUTHORIZATION: basic ***
2025-07-10T21:33:58.2781946Z ##[endgroup]
2025-07-10T21:33:58.2782679Z ##[group]Fetching the repository
2025-07-10T21:33:58.2790149Z [command]/usr/bin/git -c protocol.version=2 fetch --no-tags --prune --progress --no-recurse-submodules --depth=1 origin +951759b0cabb1597733b9785ab493ad41333de7b:refs/remotes/origin/fix/ci-green
2025-07-10T21:33:58.5389631Z remote: Enumerating objects: 619, done.        
2025-07-10T21:33:58.5391323Z remote: Counting objects:   0% (1/619)        
2025-07-10T21:33:58.5392162Z remote: Counting objects:   1% (7/619)        
2025-07-10T21:33:58.5392951Z remote: Counting objects:   2% (13/619)        
2025-07-10T21:33:58.5394030Z remote: Counting objects:   3% (19/619)        
2025-07-10T21:33:58.5394770Z remote: Counting objects:   4% (25/619)        
2025-07-10T21:33:58.5395502Z remote: Counting objects:   5% (31/619)        
2025-07-10T21:33:58.5396230Z remote: Counting objects:   6% (38/619)        
2025-07-10T21:33:58.5396989Z remote: Counting objects:   7% (44/619)        
2025-07-10T21:33:58.5397740Z remote: Counting objects:   8% (50/619)        
2025-07-10T21:33:58.5398420Z remote: Counting objects:   9% (56/619)        
2025-07-10T21:33:58.5399123Z remote: Counting objects:  10% (62/619)        
2025-07-10T21:33:58.5399816Z remote: Counting objects:  11% (69/619)        
2025-07-10T21:33:58.5400488Z remote: Counting objects:  12% (75/619)        
2025-07-10T21:33:58.5401168Z remote: Counting objects:  13% (81/619)        
2025-07-10T21:33:58.5401848Z remote: Counting objects:  14% (87/619)        
2025-07-10T21:33:58.5402532Z remote: Counting objects:  15% (93/619)        
2025-07-10T21:33:58.5407413Z remote: Counting objects:  16% (100/619)        
2025-07-10T21:33:58.5408582Z remote: Counting objects:  17% (106/619)        
2025-07-10T21:33:58.5409743Z remote: Counting objects:  18% (112/619)        
2025-07-10T21:33:58.5410869Z remote: Counting objects:  19% (118/619)        
2025-07-10T21:33:58.5411955Z remote: Counting objects:  20% (124/619)        
2025-07-10T21:33:58.5413604Z remote: Counting objects:  21% (130/619)        
2025-07-10T21:33:58.5414710Z remote: Counting objects:  22% (137/619)        
2025-07-10T21:33:58.5415933Z remote: Counting objects:  23% (143/619)        
2025-07-10T21:33:58.5416867Z remote: Counting objects:  24% (149/619)        
2025-07-10T21:33:58.5417568Z remote: Counting objects:  25% (155/619)        
2025-07-10T21:33:58.5418192Z remote: Counting objects:  26% (161/619)        
2025-07-10T21:33:58.5418776Z remote: Counting objects:  27% (168/619)        
2025-07-10T21:33:58.5419344Z remote: Counting objects:  28% (174/619)        
2025-07-10T21:33:58.5419921Z remote: Counting objects:  29% (180/619)        
2025-07-10T21:33:58.5420498Z remote: Counting objects:  30% (186/619)        
2025-07-10T21:33:58.5421070Z remote: Counting objects:  31% (192/619)        
2025-07-10T21:33:58.5421638Z remote: Counting objects:  32% (199/619)        
2025-07-10T21:33:58.5422197Z remote: Counting objects:  33% (205/619)        
2025-07-10T21:33:58.5422771Z remote: Counting objects:  34% (211/619)        
2025-07-10T21:33:58.5423514Z remote: Counting objects:  35% (217/619)        
2025-07-10T21:33:58.5424103Z remote: Counting objects:  36% (223/619)        
2025-07-10T21:33:58.5424680Z remote: Counting objects:  37% (230/619)        
2025-07-10T21:33:58.5425258Z remote: Counting objects:  38% (236/619)        
2025-07-10T21:33:58.5425831Z remote: Counting objects:  39% (242/619)        
2025-07-10T21:33:58.5426396Z remote: Counting objects:  40% (248/619)        
2025-07-10T21:33:58.5426971Z remote: Counting objects:  41% (254/619)        
2025-07-10T21:33:58.5427541Z remote: Counting objects:  42% (260/619)        
2025-07-10T21:33:58.5428105Z remote: Counting objects:  43% (267/619)        
2025-07-10T21:33:58.5428669Z remote: Counting objects:  44% (273/619)        
2025-07-10T21:33:58.5429239Z remote: Counting objects:  45% (279/619)        
2025-07-10T21:33:58.5429801Z remote: Counting objects:  46% (285/619)        
2025-07-10T21:33:58.5430367Z remote: Counting objects:  47% (291/619)        
2025-07-10T21:33:58.5430931Z remote: Counting objects:  48% (298/619)        
2025-07-10T21:33:58.5431498Z remote: Counting objects:  49% (304/619)        
2025-07-10T21:33:58.5432260Z remote: Counting objects:  50% (310/619)        
2025-07-10T21:33:58.5432833Z remote: Counting objects:  51% (316/619)        
2025-07-10T21:33:58.5433711Z remote: Counting objects:  52% (322/619)        
2025-07-10T21:33:58.5434285Z remote: Counting objects:  53% (329/619)        
2025-07-10T21:33:58.5434856Z remote: Counting objects:  54% (335/619)        
2025-07-10T21:33:58.5435434Z remote: Counting objects:  55% (341/619)        
2025-07-10T21:33:58.5436001Z remote: Counting objects:  56% (347/619)        
2025-07-10T21:33:58.5436551Z remote: Counting objects:  57% (353/619)        
2025-07-10T21:33:58.5437119Z remote: Counting objects:  58% (360/619)        
2025-07-10T21:33:58.5437678Z remote: Counting objects:  59% (366/619)        
2025-07-10T21:33:58.5438245Z remote: Counting objects:  60% (372/619)        
2025-07-10T21:33:58.5438809Z remote: Counting objects:  61% (378/619)        
2025-07-10T21:33:58.5439372Z remote: Counting objects:  62% (384/619)        
2025-07-10T21:33:58.5439943Z remote: Counting objects:  63% (390/619)        
2025-07-10T21:33:58.5440510Z remote: Counting objects:  64% (397/619)        
2025-07-10T21:33:58.5441075Z remote: Counting objects:  65% (403/619)        
2025-07-10T21:33:58.5441643Z remote: Counting objects:  66% (409/619)        
2025-07-10T21:33:58.5442194Z remote: Counting objects:  67% (415/619)        
2025-07-10T21:33:58.5442746Z remote: Counting objects:  68% (421/619)        
2025-07-10T21:33:58.5443442Z remote: Counting objects:  69% (428/619)        
2025-07-10T21:33:58.5443997Z remote: Counting objects:  70% (434/619)        
2025-07-10T21:33:58.5444551Z remote: Counting objects:  71% (440/619)        
2025-07-10T21:33:58.5445104Z remote: Counting objects:  72% (446/619)        
2025-07-10T21:33:58.5445655Z remote: Counting objects:  73% (452/619)        
2025-07-10T21:33:58.5446400Z remote: Counting objects:  74% (459/619)        
2025-07-10T21:33:58.5446958Z remote: Counting objects:  75% (465/619)        
2025-07-10T21:33:58.5447508Z remote: Counting objects:  76% (471/619)        
2025-07-10T21:33:58.5448064Z remote: Counting objects:  77% (477/619)        
2025-07-10T21:33:58.5448612Z remote: Counting objects:  78% (483/619)        
2025-07-10T21:33:58.5449167Z remote: Counting objects:  79% (490/619)        
2025-07-10T21:33:58.5449715Z remote: Counting objects:  80% (496/619)        
2025-07-10T21:33:58.5450267Z remote: Counting objects:  81% (502/619)        
2025-07-10T21:33:58.5450817Z remote: Counting objects:  82% (508/619)        
2025-07-10T21:33:58.5451371Z remote: Counting objects:  83% (514/619)        
2025-07-10T21:33:58.5451927Z remote: Counting objects:  84% (520/619)        
2025-07-10T21:33:58.5452477Z remote: Counting objects:  85% (527/619)        
2025-07-10T21:33:58.5453027Z remote: Counting objects:  86% (533/619)        
2025-07-10T21:33:58.5453691Z remote: Counting objects:  87% (539/619)        
2025-07-10T21:33:58.5454245Z remote: Counting objects:  88% (545/619)        
2025-07-10T21:33:58.5454798Z remote: Counting objects:  89% (551/619)        
2025-07-10T21:33:58.5455350Z remote: Counting objects:  90% (558/619)        
2025-07-10T21:33:58.5455905Z remote: Counting objects:  91% (564/619)        
2025-07-10T21:33:58.5456462Z remote: Counting objects:  92% (570/619)        
2025-07-10T21:33:58.5457017Z remote: Counting objects:  93% (576/619)        
2025-07-10T21:33:58.5457571Z remote: Counting objects:  94% (582/619)        
2025-07-10T21:33:58.5458124Z remote: Counting objects:  95% (589/619)        
2025-07-10T21:33:58.5458666Z remote: Counting objects:  96% (595/619)        
2025-07-10T21:33:58.5459218Z remote: Counting objects:  97% (601/619)        
2025-07-10T21:33:58.5459766Z remote: Counting objects:  98% (607/619)        
2025-07-10T21:33:58.5460330Z remote: Counting objects:  99% (613/619)        
2025-07-10T21:33:58.5460952Z remote: Counting objects: 100% (619/619)        
2025-07-10T21:33:58.5461940Z remote: Counting objects: 100% (619/619), done.        
2025-07-10T21:33:58.5463295Z remote: Compressing objects:   0% (1/552)        
2025-07-10T21:33:58.5464368Z remote: Compressing objects:   1% (6/552)        
2025-07-10T21:33:58.5465277Z remote: Compressing objects:   2% (12/552)        
2025-07-10T21:33:58.5488305Z remote: Compressing objects:   3% (17/552)        
2025-07-10T21:33:58.5489534Z remote: Compressing objects:   4% (23/552)        
2025-07-10T21:33:58.5490340Z remote: Compressing objects:   5% (28/552)        
2025-07-10T21:33:58.5544425Z remote: Compressing objects:   6% (34/552)        
2025-07-10T21:33:58.5545337Z remote: Compressing objects:   7% (39/552)        
2025-07-10T21:33:58.5597370Z remote: Compressing objects:   8% (45/552)        
2025-07-10T21:33:58.5639605Z remote: Compressing objects:   9% (50/552)        
2025-07-10T21:33:58.5654409Z remote: Compressing objects:  10% (56/552)        
2025-07-10T21:33:58.5685104Z remote: Compressing objects:  11% (61/552)        
2025-07-10T21:33:58.5735344Z remote: Compressing objects:  12% (67/552)        
2025-07-10T21:33:58.5800620Z remote: Compressing objects:  13% (72/552)        
2025-07-10T21:33:58.5825342Z remote: Compressing objects:  14% (78/552)        
2025-07-10T21:33:58.5846347Z remote: Compressing objects:  15% (83/552)        
2025-07-10T21:33:58.5874075Z remote: Compressing objects:  16% (89/552)        
2025-07-10T21:33:58.5909563Z remote: Compressing objects:  17% (94/552)        
2025-07-10T21:33:58.5957044Z remote: Compressing objects:  18% (100/552)        
2025-07-10T21:33:58.6069765Z remote: Compressing objects:  19% (105/552)        
2025-07-10T21:33:58.6131401Z remote: Compressing objects:  20% (111/552)        
2025-07-10T21:33:58.6171707Z remote: Compressing objects:  21% (116/552)        
2025-07-10T21:33:58.6231238Z remote: Compressing objects:  22% (122/552)        
2025-07-10T21:33:58.6310670Z remote: Compressing objects:  23% (127/552)        
2025-07-10T21:33:58.6378350Z remote: Compressing objects:  24% (133/552)        
2025-07-10T21:33:58.6437716Z remote: Compressing objects:  25% (138/552)        
2025-07-10T21:33:58.6474778Z remote: Compressing objects:  26% (144/552)        
2025-07-10T21:33:58.6496279Z remote: Compressing objects:  27% (150/552)        
2025-07-10T21:33:58.6546515Z remote: Compressing objects:  28% (155/552)        
2025-07-10T21:33:58.6626494Z remote: Compressing objects:  29% (161/552)        
2025-07-10T21:33:58.6660155Z remote: Compressing objects:  30% (166/552)        
2025-07-10T21:33:58.6709280Z remote: Compressing objects:  31% (172/552)        
2025-07-10T21:33:58.6765600Z remote: Compressing objects:  32% (177/552)        
2025-07-10T21:33:58.6814569Z remote: Compressing objects:  33% (183/552)        
2025-07-10T21:33:58.6884796Z remote: Compressing objects:  34% (188/552)        
2025-07-10T21:33:58.6934325Z remote: Compressing objects:  35% (194/552)        
2025-07-10T21:33:58.6990797Z remote: Compressing objects:  36% (199/552)        
2025-07-10T21:33:58.7030691Z remote: Compressing objects:  37% (205/552)        
2025-07-10T21:33:58.7049934Z remote: Compressing objects:  38% (210/552)        
2025-07-10T21:33:58.7058580Z remote: Compressing objects:  39% (216/552)        
2025-07-10T21:33:58.7059567Z remote: Compressing objects:  40% (221/552)        
2025-07-10T21:33:58.7189347Z remote: Compressing objects:  41% (227/552)        
2025-07-10T21:33:58.7190900Z remote: Compressing objects:  42% (232/552)        
2025-07-10T21:33:58.7214289Z remote: Compressing objects:  43% (238/552)        
2025-07-10T21:33:58.7250461Z remote: Compressing objects:  44% (243/552)        
2025-07-10T21:33:58.7287641Z remote: Compressing objects:  45% (249/552)        
2025-07-10T21:33:58.7399556Z remote: Compressing objects:  46% (254/552)        
2025-07-10T21:33:58.7450460Z remote: Compressing objects:  47% (260/552)        
2025-07-10T21:33:58.7512050Z remote: Compressing objects:  48% (265/552)        
2025-07-10T21:33:58.7562140Z remote: Compressing objects:  49% (271/552)        
2025-07-10T21:33:58.7592061Z remote: Compressing objects:  50% (276/552)        
2025-07-10T21:33:58.7614870Z remote: Compressing objects:  51% (282/552)        
2025-07-10T21:33:58.7643352Z remote: Compressing objects:  52% (288/552)        
2025-07-10T21:33:58.7670907Z remote: Compressing objects:  53% (293/552)        
2025-07-10T21:33:58.7708263Z remote: Compressing objects:  54% (299/552)        
2025-07-10T21:33:58.7782805Z remote: Compressing objects:  55% (304/552)        
2025-07-10T21:33:58.7849866Z remote: Compressing objects:  56% (310/552)        
2025-07-10T21:33:58.7918280Z remote: Compressing objects:  57% (315/552)        
2025-07-10T21:33:58.7968413Z remote: Compressing objects:  58% (321/552)        
2025-07-10T21:33:58.7991077Z remote: Compressing objects:  59% (326/552)        
2025-07-10T21:33:58.7994929Z remote: Compressing objects:  60% (332/552)        
2025-07-10T21:33:58.7997132Z remote: Compressing objects:  61% (337/552)        
2025-07-10T21:33:58.7999780Z remote: Compressing objects:  62% (343/552)        
2025-07-10T21:33:58.8001687Z remote: Compressing objects:  63% (348/552)        
2025-07-10T21:33:58.8007695Z remote: Compressing objects:  64% (354/552)        
2025-07-10T21:33:58.8055912Z remote: Compressing objects:  65% (359/552)        
2025-07-10T21:33:58.8068536Z remote: Compressing objects:  66% (365/552)        
2025-07-10T21:33:58.8080020Z remote: Compressing objects:  67% (370/552)        
2025-07-10T21:33:58.8088198Z remote: Compressing objects:  68% (376/552)        
2025-07-10T21:33:58.8098000Z remote: Compressing objects:  69% (381/552)        
2025-07-10T21:33:58.8128719Z remote: Compressing objects:  70% (387/552)        
2025-07-10T21:33:58.8133269Z remote: Compressing objects:  71% (392/552)        
2025-07-10T21:33:58.8140223Z remote: Compressing objects:  72% (398/552)        
2025-07-10T21:33:58.8148570Z remote: Compressing objects:  73% (403/552)        
2025-07-10T21:33:58.8158442Z remote: Compressing objects:  74% (409/552)        
2025-07-10T21:33:58.8164431Z remote: Compressing objects:  75% (414/552)        
2025-07-10T21:33:58.8183296Z remote: Compressing objects:  76% (420/552)        
2025-07-10T21:33:58.8185828Z remote: Compressing objects:  77% (426/552)        
2025-07-10T21:33:58.8192884Z remote: Compressing objects:  78% (431/552)        
2025-07-10T21:33:58.8196548Z remote: Compressing objects:  79% (437/552)        
2025-07-10T21:33:58.8206748Z remote: Compressing objects:  80% (442/552)        
2025-07-10T21:33:58.8217224Z remote: Compressing objects:  81% (448/552)        
2025-07-10T21:33:58.8225451Z remote: Compressing objects:  82% (453/552)        
2025-07-10T21:33:58.8228935Z remote: Compressing objects:  83% (459/552)        
2025-07-10T21:33:58.8245872Z remote: Compressing objects:  84% (464/552)        
2025-07-10T21:33:58.8247869Z remote: Compressing objects:  85% (470/552)        
2025-07-10T21:33:58.8257751Z remote: Compressing objects:  86% (475/552)        
2025-07-10T21:33:58.8260933Z remote: Compressing objects:  87% (481/552)        
2025-07-10T21:33:58.8263476Z remote: Compressing objects:  88% (486/552)        
2025-07-10T21:33:58.8265840Z remote: Compressing objects:  89% (492/552)        
2025-07-10T21:33:58.8267816Z remote: Compressing objects:  90% (497/552)        
2025-07-10T21:33:58.8269471Z remote: Compressing objects:  91% (503/552)        
2025-07-10T21:33:58.8270950Z remote: Compressing objects:  92% (508/552)        
2025-07-10T21:33:58.8272537Z remote: Compressing objects:  93% (514/552)        
2025-07-10T21:33:58.8274135Z remote: Compressing objects:  94% (519/552)        
2025-07-10T21:33:58.8275740Z remote: Compressing objects:  95% (525/552)        
2025-07-10T21:33:58.8277320Z remote: Compressing objects:  96% (530/552)        
2025-07-10T21:33:58.8278710Z remote: Compressing objects:  97% (536/552)        
2025-07-10T21:33:58.8280243Z remote: Compressing objects:  98% (541/552)        
2025-07-10T21:33:58.8281737Z remote: Compressing objects:  99% (547/552)        
2025-07-10T21:33:58.8283497Z remote: Compressing objects: 100% (552/552)        
2025-07-10T21:33:58.8285229Z remote: Compressing objects: 100% (552/552), done.        
2025-07-10T21:33:58.8303337Z Receiving objects:   0% (1/619)
2025-07-10T21:33:58.8305555Z Receiving objects:   1% (7/619)
2025-07-10T21:33:58.9185705Z Receiving objects:   2% (13/619)
2025-07-10T21:33:58.9259982Z Receiving objects:   3% (19/619)
2025-07-10T21:33:58.9261745Z Receiving objects:   4% (25/619)
2025-07-10T21:33:58.9264976Z Receiving objects:   5% (31/619)
2025-07-10T21:33:58.9267955Z Receiving objects:   6% (38/619)
2025-07-10T21:33:58.9272963Z Receiving objects:   7% (44/619)
2025-07-10T21:33:58.9277595Z Receiving objects:   8% (50/619)
2025-07-10T21:33:58.9282561Z Receiving objects:   9% (56/619)
2025-07-10T21:33:58.9289351Z Receiving objects:  10% (62/619)
2025-07-10T21:33:58.9303588Z Receiving objects:  11% (69/619)
2025-07-10T21:33:58.9305268Z Receiving objects:  12% (75/619)
2025-07-10T21:33:58.9307450Z Receiving objects:  13% (81/619)
2025-07-10T21:33:58.9311486Z Receiving objects:  14% (87/619)
2025-07-10T21:33:58.9316122Z Receiving objects:  15% (93/619)
2025-07-10T21:33:58.9319995Z Receiving objects:  16% (100/619)
2025-07-10T21:33:58.9326334Z Receiving objects:  17% (106/619)
2025-07-10T21:33:58.9328673Z Receiving objects:  18% (112/619)
2025-07-10T21:33:58.9335094Z Receiving objects:  19% (118/619)
2025-07-10T21:33:58.9341236Z Receiving objects:  20% (124/619)
2025-07-10T21:33:58.9350033Z Receiving objects:  21% (130/619)
2025-07-10T21:33:58.9355905Z Receiving objects:  22% (137/619)
2025-07-10T21:33:58.9364745Z Receiving objects:  23% (143/619)
2025-07-10T21:33:58.9370987Z Receiving objects:  24% (149/619)
2025-07-10T21:33:58.9377329Z Receiving objects:  25% (155/619)
2025-07-10T21:33:58.9385247Z Receiving objects:  26% (161/619)
2025-07-10T21:33:58.9389793Z Receiving objects:  27% (168/619)
2025-07-10T21:33:58.9393489Z Receiving objects:  28% (174/619)
2025-07-10T21:33:58.9401485Z Receiving objects:  29% (180/619)
2025-07-10T21:33:58.9408993Z Receiving objects:  30% (186/619)
2025-07-10T21:33:58.9415459Z Receiving objects:  31% (192/619)
2025-07-10T21:33:58.9418570Z Receiving objects:  32% (199/619)
2025-07-10T21:33:58.9426335Z Receiving objects:  33% (205/619)
2025-07-10T21:33:58.9430536Z Receiving objects:  34% (211/619)
2025-07-10T21:33:58.9437388Z Receiving objects:  35% (217/619)
2025-07-10T21:33:58.9444339Z Receiving objects:  36% (223/619)
2025-07-10T21:33:58.9450752Z Receiving objects:  37% (230/619)
2025-07-10T21:33:58.9464479Z Receiving objects:  38% (236/619)
2025-07-10T21:33:58.9469353Z Receiving objects:  39% (242/619)
2025-07-10T21:33:58.9475539Z Receiving objects:  40% (248/619)
2025-07-10T21:33:58.9483453Z Receiving objects:  41% (254/619)
2025-07-10T21:33:58.9486295Z Receiving objects:  42% (260/619)
2025-07-10T21:33:58.9487976Z Receiving objects:  43% (267/619)
2025-07-10T21:33:58.9491973Z Receiving objects:  44% (273/619)
2025-07-10T21:33:58.9498829Z Receiving objects:  45% (279/619)
2025-07-10T21:33:58.9502172Z Receiving objects:  46% (285/619)
2025-07-10T21:33:58.9505240Z Receiving objects:  47% (291/619)
2025-07-10T21:33:58.9506829Z Receiving objects:  48% (298/619)
2025-07-10T21:33:58.9510748Z Receiving objects:  49% (304/619)
2025-07-10T21:33:58.9512684Z Receiving objects:  50% (310/619)
2025-07-10T21:33:58.9515556Z Receiving objects:  51% (316/619)
2025-07-10T21:33:58.9517164Z Receiving objects:  52% (322/619)
2025-07-10T21:33:58.9518646Z Receiving objects:  53% (329/619)
2025-07-10T21:33:58.9522871Z Receiving objects:  54% (335/619)
2025-07-10T21:33:58.9524557Z Receiving objects:  55% (341/619)
2025-07-10T21:33:58.9526022Z Receiving objects:  56% (347/619)
2025-07-10T21:33:58.9527567Z Receiving objects:  57% (353/619)
2025-07-10T21:33:58.9529151Z Receiving objects:  58% (360/619)
2025-07-10T21:33:58.9531423Z Receiving objects:  59% (366/619)
2025-07-10T21:33:58.9555437Z Receiving objects:  60% (372/619)
2025-07-10T21:33:58.9560230Z Receiving objects:  61% (378/619)
2025-07-10T21:33:58.9570551Z Receiving objects:  62% (384/619)
2025-07-10T21:33:58.9578325Z Receiving objects:  63% (390/619)
2025-07-10T21:33:58.9583055Z Receiving objects:  64% (397/619)
2025-07-10T21:33:58.9592207Z Receiving objects:  65% (403/619)
2025-07-10T21:33:58.9597471Z Receiving objects:  66% (409/619)
2025-07-10T21:33:58.9600016Z Receiving objects:  67% (415/619)
2025-07-10T21:33:58.9603440Z Receiving objects:  68% (421/619)
2025-07-10T21:33:58.9606465Z Receiving objects:  69% (428/619)
2025-07-10T21:33:58.9611759Z Receiving objects:  70% (434/619)
2025-07-10T21:33:58.9626469Z Receiving objects:  71% (440/619)
2025-07-10T21:33:58.9636454Z Receiving objects:  72% (446/619)
2025-07-10T21:33:58.9650031Z Receiving objects:  73% (452/619)
2025-07-10T21:33:58.9719532Z Receiving objects:  74% (459/619)
2025-07-10T21:33:58.9732686Z Receiving objects:  75% (465/619)
2025-07-10T21:33:58.9741095Z Receiving objects:  76% (471/619)
2025-07-10T21:33:58.9747141Z Receiving objects:  77% (477/619)
2025-07-10T21:33:58.9751932Z Receiving objects:  78% (483/619)
2025-07-10T21:33:58.9757140Z Receiving objects:  79% (490/619)
2025-07-10T21:33:58.9761560Z Receiving objects:  80% (496/619)
2025-07-10T21:33:58.9769195Z Receiving objects:  81% (502/619)
2025-07-10T21:33:58.9780192Z Receiving objects:  82% (508/619)
2025-07-10T21:33:58.9792698Z Receiving objects:  83% (514/619)
2025-07-10T21:33:58.9802289Z Receiving objects:  84% (520/619)
2025-07-10T21:33:58.9808246Z Receiving objects:  85% (527/619)
2025-07-10T21:33:58.9816350Z Receiving objects:  86% (533/619)
2025-07-10T21:33:58.9825344Z Receiving objects:  87% (539/619)
2025-07-10T21:33:58.9833840Z Receiving objects:  88% (545/619)
2025-07-10T21:33:58.9847411Z Receiving objects:  89% (551/619)
2025-07-10T21:33:58.9859258Z Receiving objects:  90% (558/619)
2025-07-10T21:33:58.9865990Z Receiving objects:  91% (564/619)
2025-07-10T21:33:58.9872392Z Receiving objects:  92% (570/619)
2025-07-10T21:33:58.9879827Z Receiving objects:  93% (576/619)
2025-07-10T21:33:58.9887811Z Receiving objects:  94% (582/619)
2025-07-10T21:33:58.9901916Z Receiving objects:  95% (589/619)
2025-07-10T21:33:58.9905644Z Receiving objects:  96% (595/619)
2025-07-10T21:33:58.9916739Z Receiving objects:  97% (601/619)
2025-07-10T21:33:58.9921022Z Receiving objects:  98% (607/619)
2025-07-10T21:33:59.4588736Z Receiving objects:  99% (613/619)
2025-07-10T21:33:59.4591674Z remote: Total 619 (delta 69), reused 291 (delta 53), pack-reused 0 (from 0)        
2025-07-10T21:33:59.4597459Z Receiving objects: 100% (619/619), 24.10 MiB | 48.19 MiB/s
2025-07-10T21:33:59.4607733Z Receiving objects: 100% (619/619), 32.45 MiB | 51.51 MiB/s, done.
2025-07-10T21:33:59.4608171Z Resolving deltas:   0% (0/69)
2025-07-10T21:33:59.4608472Z Resolving deltas:   1% (1/69)
2025-07-10T21:33:59.4608757Z Resolving deltas:   4% (3/69)
2025-07-10T21:33:59.4609032Z Resolving deltas:   5% (4/69)
2025-07-10T21:33:59.4609320Z Resolving deltas:   7% (5/69)
2025-07-10T21:33:59.4609600Z Resolving deltas:  10% (7/69)
2025-07-10T21:33:59.4609948Z Resolving deltas:  11% (8/69)
2025-07-10T21:33:59.4610413Z Resolving deltas:  13% (9/69)
2025-07-10T21:33:59.4610857Z Resolving deltas:  14% (10/69)
2025-07-10T21:33:59.4614310Z Resolving deltas:  15% (11/69)
2025-07-10T21:33:59.4616446Z Resolving deltas:  18% (13/69)
2025-07-10T21:33:59.4617343Z Resolving deltas:  20% (14/69)
2025-07-10T21:33:59.4617833Z Resolving deltas:  21% (15/69)
2025-07-10T21:33:59.4625432Z Resolving deltas:  23% (16/69)
2025-07-10T21:33:59.4625911Z Resolving deltas:  24% (17/69)
2025-07-10T21:33:59.4626390Z Resolving deltas:  26% (18/69)
2025-07-10T21:33:59.4628035Z Resolving deltas:  27% (19/69)
2025-07-10T21:33:59.4630808Z Resolving deltas:  28% (20/69)
2025-07-10T21:33:59.4631263Z Resolving deltas:  30% (21/69)
2025-07-10T21:33:59.4631688Z Resolving deltas:  31% (22/69)
2025-07-10T21:33:59.4632128Z Resolving deltas:  33% (23/69)
2025-07-10T21:33:59.4632547Z Resolving deltas:  34% (24/69)
2025-07-10T21:33:59.4632979Z Resolving deltas:  36% (25/69)
2025-07-10T21:33:59.4633621Z Resolving deltas:  37% (26/69)
2025-07-10T21:33:59.4634058Z Resolving deltas:  39% (27/69)
2025-07-10T21:33:59.4634676Z Resolving deltas:  42% (29/69)
2025-07-10T21:33:59.4635576Z Resolving deltas:  43% (30/69)
2025-07-10T21:33:59.4636020Z Resolving deltas:  44% (31/69)
2025-07-10T21:33:59.4636431Z Resolving deltas:  46% (32/69)
2025-07-10T21:33:59.4636852Z Resolving deltas:  47% (33/69)
2025-07-10T21:33:59.4637268Z Resolving deltas:  49% (34/69)
2025-07-10T21:33:59.4637938Z Resolving deltas:  50% (35/69)
2025-07-10T21:33:59.4638356Z Resolving deltas:  52% (36/69)
2025-07-10T21:33:59.4638868Z Resolving deltas:  55% (38/69)
2025-07-10T21:33:59.4639293Z Resolving deltas:  56% (39/69)
2025-07-10T21:33:59.4639714Z Resolving deltas:  57% (40/69)
2025-07-10T21:33:59.4640138Z Resolving deltas:  59% (41/69)
2025-07-10T21:33:59.4640554Z Resolving deltas:  60% (42/69)
2025-07-10T21:33:59.4640976Z Resolving deltas:  63% (44/69)
2025-07-10T21:33:59.4641389Z Resolving deltas:  65% (45/69)
2025-07-10T21:33:59.4641825Z Resolving deltas:  66% (46/69)
2025-07-10T21:33:59.4642245Z Resolving deltas:  68% (47/69)
2025-07-10T21:33:59.4642685Z Resolving deltas:  69% (48/69)
2025-07-10T21:33:59.4643292Z Resolving deltas:  71% (49/69)
2025-07-10T21:33:59.4643723Z Resolving deltas:  72% (50/69)
2025-07-10T21:33:59.4644003Z Resolving deltas:  73% (51/69)
2025-07-10T21:33:59.4644266Z Resolving deltas:  76% (53/69)
2025-07-10T21:33:59.4644527Z Resolving deltas:  78% (54/69)
2025-07-10T21:33:59.4644928Z Resolving deltas:  79% (55/69)
2025-07-10T21:33:59.4645375Z Resolving deltas:  81% (56/69)
2025-07-10T21:33:59.4645642Z Resolving deltas:  82% (57/69)
2025-07-10T21:33:59.4645912Z Resolving deltas:  84% (58/69)
2025-07-10T21:33:59.4646164Z Resolving deltas:  85% (59/69)
2025-07-10T21:33:59.4646593Z Resolving deltas:  86% (60/69)
2025-07-10T21:33:59.4647036Z Resolving deltas:  88% (61/69)
2025-07-10T21:33:59.4647443Z Resolving deltas:  89% (62/69)
2025-07-10T21:33:59.4647860Z Resolving deltas:  91% (63/69)
2025-07-10T21:33:59.4648522Z Resolving deltas:  92% (64/69)
2025-07-10T21:33:59.4648986Z Resolving deltas:  94% (65/69)
2025-07-10T21:33:59.4649399Z Resolving deltas:  95% (66/69)
2025-07-10T21:33:59.4649828Z Resolving deltas:  97% (67/69)
2025-07-10T21:33:59.4650225Z Resolving deltas:  98% (68/69)
2025-07-10T21:33:59.4650531Z Resolving deltas: 100% (69/69)
2025-07-10T21:33:59.4650798Z Resolving deltas: 100% (69/69), done.
2025-07-10T21:33:59.4852202Z From https://github.com/mirqtio/LeadFactory_v1
2025-07-10T21:33:59.4852861Z  * [new ref]         951759b0cabb1597733b9785ab493ad41333de7b -> origin/fix/ci-green
2025-07-10T21:33:59.4879339Z ##[endgroup]
2025-07-10T21:33:59.4880082Z ##[group]Determining the checkout info
2025-07-10T21:33:59.4881653Z ##[endgroup]
2025-07-10T21:33:59.4882356Z ##[group]Checking out the ref
2025-07-10T21:33:59.4886864Z [command]/usr/bin/git checkout --progress --force -B fix/ci-green refs/remotes/origin/fix/ci-green
2025-07-10T21:33:59.7041208Z Switched to a new branch 'fix/ci-green'
2025-07-10T21:33:59.7042959Z branch 'fix/ci-green' set up to track 'origin/fix/ci-green'.
2025-07-10T21:33:59.7061415Z ##[endgroup]
2025-07-10T21:33:59.7098547Z [command]/usr/bin/git log -1 --format='%H'
2025-07-10T21:33:59.7122758Z '951759b0cabb1597733b9785ab493ad41333de7b'
2025-07-10T21:33:59.7411603Z ##[group]Run actions/setup-python@v4
2025-07-10T21:33:59.7411873Z with:
2025-07-10T21:33:59.7412045Z   python-version: 3.11
2025-07-10T21:33:59.7412256Z   check-latest: false
2025-07-10T21:33:59.7412570Z   token: ***
2025-07-10T21:33:59.7412754Z   update-environment: true
2025-07-10T21:33:59.7412963Z   allow-prereleases: false
2025-07-10T21:33:59.7413425Z ##[endgroup]
2025-07-10T21:33:59.9092486Z ##[group]Installed versions
2025-07-10T21:33:59.9564528Z Successfully set up CPython (3.11.13)
2025-07-10T21:33:59.9565308Z ##[endgroup]
2025-07-10T21:33:59.9679220Z ##[group]Run python -m venv .venv
2025-07-10T21:33:59.9679553Z [36;1mpython -m venv .venv[0m
2025-07-10T21:33:59.9679801Z [36;1msource .venv/bin/activate[0m
2025-07-10T21:33:59.9680141Z [36;1mpython -m pip install --upgrade pip==23.3.1[0m
2025-07-10T21:33:59.9680507Z [36;1mpip install --require-hashes -r requirements.lock[0m
2025-07-10T21:33:59.9853758Z shell: /usr/bin/bash -e {0}
2025-07-10T21:33:59.9854002Z env:
2025-07-10T21:33:59.9854243Z   pythonLocation: /opt/hostedtoolcache/Python/3.11.13/x64
2025-07-10T21:33:59.9854653Z   PKG_CONFIG_PATH: /opt/hostedtoolcache/Python/3.11.13/x64/lib/pkgconfig
2025-07-10T21:33:59.9855046Z   Python_ROOT_DIR: /opt/hostedtoolcache/Python/3.11.13/x64
2025-07-10T21:33:59.9855382Z   Python2_ROOT_DIR: /opt/hostedtoolcache/Python/3.11.13/x64
2025-07-10T21:33:59.9855726Z   Python3_ROOT_DIR: /opt/hostedtoolcache/Python/3.11.13/x64
2025-07-10T21:33:59.9856061Z   LD_LIBRARY_PATH: /opt/hostedtoolcache/Python/3.11.13/x64/lib
2025-07-10T21:33:59.9856386Z ##[endgroup]
2025-07-10T21:34:05.9580781Z Collecting pip==23.3.1
2025-07-10T21:34:05.9928769Z   Downloading pip-23.3.1-py3-none-any.whl.metadata (3.5 kB)
2025-07-10T21:34:06.0017505Z Downloading pip-23.3.1-py3-none-any.whl (2.1 MB)
2025-07-10T21:34:06.0384209Z    ━━━━━━━━━━━━━━━━━━━━━━━━━━━━━━━━━━━━━━━━ 2.1/2.1 MB 61.3 MB/s eta 0:00:00
2025-07-10T21:34:06.0785589Z Installing collected packages: pip
2025-07-10T21:34:06.0787303Z   Attempting uninstall: pip
2025-07-10T21:34:06.0804940Z     Found existing installation: pip 24.0
2025-07-10T21:34:06.1183402Z     Uninstalling pip-24.0:
2025-07-10T21:34:06.1243282Z       Successfully uninstalled pip-24.0
2025-07-10T21:34:07.1965046Z Successfully installed pip-23.3.1
2025-07-10T21:34:07.7812541Z 
2025-07-10T21:34:07.7813397Z [notice] A new release of pip is available: 23.3.1 -> 25.1.1
2025-07-10T21:34:07.7814035Z [notice] To update, run: pip install --upgrade pip
2025-07-10T21:34:08.9766139Z Collecting aiohttp==3.9.1 (from -r requirements.lock (line 7))
2025-07-10T21:34:09.0155192Z   Downloading aiohttp-3.9.1-cp311-cp311-manylinux_2_17_x86_64.manylinux2014_x86_64.whl (1.3 MB)
2025-07-10T21:34:09.0516014Z      ━━━━━━━━━━━━━━━━━━━━━━━━━━━━━━━━━━━━━━━━ 1.3/1.3 MB 38.3 MB/s eta 0:00:00
2025-07-10T21:34:09.0693345Z Collecting aiosignal==1.4.0 (from -r requirements.lock (line 85))
2025-07-10T21:34:09.0736458Z   Downloading aiosignal-1.4.0-py3-none-any.whl (7.5 kB)
2025-07-10T21:34:09.0933605Z Collecting aiosqlite==0.21.0 (from -r requirements.lock (line 89))
2025-07-10T21:34:09.0972310Z   Downloading aiosqlite-0.21.0-py3-none-any.whl (15 kB)
2025-07-10T21:34:09.1386681Z Collecting alembic==1.12.1 (from -r requirements.lock (line 93))
2025-07-10T21:34:09.1436041Z   Downloading alembic-1.12.1-py3-none-any.whl (226 kB)
2025-07-10T21:34:09.1504430Z      ━━━━━━━━━━━━━━━━━━━━━━━━━━━━━━━━━━━━━━ 226.8/226.8 kB 46.5 MB/s eta 0:00:00
2025-07-10T21:34:09.1655694Z Collecting annotated-types==0.7.0 (from -r requirements.lock (line 99))
2025-07-10T21:34:09.1702833Z   Downloading annotated_types-0.7.0-py3-none-any.whl (13 kB)
2025-07-10T21:34:09.1998545Z Collecting anyio==3.7.1 (from -r requirements.lock (line 103))
2025-07-10T21:34:09.2037422Z   Downloading anyio-3.7.1-py3-none-any.whl (80 kB)
2025-07-10T21:34:09.2081190Z      ━━━━━━━━━━━━━━━━━━━━━━━━━━━━━━━━━━━━━━━━ 80.9/80.9 kB 29.6 MB/s eta 0:00:00
2025-07-10T21:34:09.2379138Z Collecting apprise==1.9.3 (from -r requirements.lock (line 113))
2025-07-10T21:34:09.2423911Z   Downloading apprise-1.9.3-py3-none-any.whl (1.4 MB)
2025-07-10T21:34:09.2612286Z      ━━━━━━━━━━━━━━━━━━━━━━━━━━━━━━━━━━━━━━━━ 1.4/1.4 MB 79.5 MB/s eta 0:00:00
2025-07-10T21:34:09.2800564Z Collecting asgi-lifespan==2.1.0 (from -r requirements.lock (line 117))
2025-07-10T21:34:09.2868676Z   Downloading asgi_lifespan-2.1.0-py3-none-any.whl (10 kB)
2025-07-10T21:34:09.3052307Z Collecting async-timeout==5.0.1 (from -r requirements.lock (line 121))
2025-07-10T21:34:09.3090576Z   Downloading async_timeout-5.0.1-py3-none-any.whl (6.2 kB)
2025-07-10T21:34:09.3590492Z Collecting asyncpg==0.29.0 (from -r requirements.lock (line 125))
2025-07-10T21:34:09.3631467Z   Downloading asyncpg-0.29.0-cp311-cp311-manylinux_2_17_x86_64.manylinux2014_x86_64.whl (2.8 MB)
2025-07-10T21:34:09.3918084Z      ━━━━━━━━━━━━━━━━━━━━━━━━━━━━━━━━━━━━━━━━ 2.8/2.8 MB 104.9 MB/s eta 0:00:00
2025-07-10T21:34:09.4164372Z Collecting attrs==25.3.0 (from -r requirements.lock (line 170))
2025-07-10T21:34:09.4204904Z   Downloading attrs-25.3.0-py3-none-any.whl (63 kB)
2025-07-10T21:34:09.4246970Z      ━━━━━━━━━━━━━━━━━━━━━━━━━━━━━━━━━━━━━━━━ 63.8/63.8 kB 22.4 MB/s eta 0:00:00
2025-07-10T21:34:09.4725139Z Collecting bcrypt==4.3.0 (from -r requirements.lock (line 177))
2025-07-10T21:34:09.4768515Z   Downloading bcrypt-4.3.0-cp39-abi3-manylinux_2_34_x86_64.whl (284 kB)
2025-07-10T21:34:09.4826098Z      ━━━━━━━━━━━━━━━━━━━━━━━━━━━━━━━━━━━━━━ 284.2/284.2 kB 75.3 MB/s eta 0:00:00
2025-07-10T21:34:09.5049071Z Collecting beautifulsoup4==4.12.0 (from -r requirements.lock (line 230))
2025-07-10T21:34:09.5098138Z   Downloading beautifulsoup4-4.12.0-py3-none-any.whl (132 kB)
2025-07-10T21:34:09.5145876Z      ━━━━━━━━━━━━━━━━━━━━━━━━━━━━━━━━━━━━━━ 132.2/132.2 kB 44.3 MB/s eta 0:00:00
2025-07-10T21:34:09.5378839Z Collecting cachetools==5.5.2 (from -r requirements.lock (line 234))
2025-07-10T21:34:09.5418504Z   Downloading cachetools-5.5.2-py3-none-any.whl (10 kB)
2025-07-10T21:34:09.5678558Z Collecting certifi==2025.7.9 (from -r requirements.lock (line 238))
2025-07-10T21:34:09.5720719Z   Downloading certifi-2025.7.9-py3-none-any.whl (159 kB)
2025-07-10T21:34:09.5769566Z      ━━━━━━━━━━━━━━━━━━━━━━━━━━━━━━━━━━━━━━ 159.2/159.2 kB 52.8 MB/s eta 0:00:00
2025-07-10T21:34:09.7106194Z Collecting cffi==1.17.1 (from -r requirements.lock (line 248))
2025-07-10T21:34:09.7151517Z   Downloading cffi-1.17.1-cp311-cp311-manylinux_2_17_x86_64.manylinux2014_x86_64.whl (467 kB)
2025-07-10T21:34:09.7220654Z      ━━━━━━━━━━━━━━━━━━━━━━━━━━━━━━━━━━━━━━ 467.2/467.2 kB 93.2 MB/s eta 0:00:00
2025-07-10T21:34:09.8061596Z Collecting charset-normalizer==3.4.2 (from -r requirements.lock (line 317))
2025-07-10T21:34:09.8110728Z   Downloading charset_normalizer-3.4.2-cp311-cp311-manylinux_2_17_x86_64.manylinux2014_x86_64.whl (147 kB)
2025-07-10T21:34:09.8159683Z      ━━━━━━━━━━━━━━━━━━━━━━━━━━━━━━━━━━━━━━ 147.3/147.3 kB 47.2 MB/s eta 0:00:00
2025-07-10T21:34:09.8405957Z Collecting click==8.1.7 (from -r requirements.lock (line 411))
2025-07-10T21:34:09.8450235Z   Downloading click-8.1.7-py3-none-any.whl (97 kB)
2025-07-10T21:34:09.8493835Z      ━━━━━━━━━━━━━━━━━━━━━━━━━━━━━━━━━━━━━━━━ 97.9/97.9 kB 33.2 MB/s eta 0:00:00
2025-07-10T21:34:09.8687742Z Collecting cloudpickle==3.1.1 (from -r requirements.lock (line 420))
2025-07-10T21:34:09.8727018Z   Downloading cloudpickle-3.1.1-py3-none-any.whl (20 kB)
2025-07-10T21:34:09.8959087Z Collecting colorama==0.4.6 (from -r requirements.lock (line 424))
2025-07-10T21:34:09.8999456Z   Downloading colorama-0.4.6-py2.py3-none-any.whl (25 kB)
2025-07-10T21:34:09.9169246Z Collecting coolname==2.2.0 (from -r requirements.lock (line 428))
2025-07-10T21:34:09.9231156Z   Downloading coolname-2.2.0-py2.py3-none-any.whl (37 kB)
2025-07-10T21:34:10.2915241Z Collecting coverage==7.9.2 (from coverage[toml]==7.9.2->-r requirements.lock (line 432))
2025-07-10T21:34:10.2960720Z   Downloading coverage-7.9.2-cp311-cp311-manylinux_2_5_x86_64.manylinux1_x86_64.manylinux_2_17_x86_64.manylinux2014_x86_64.whl (244 kB)
2025-07-10T21:34:10.3014680Z      ━━━━━━━━━━━━━━━━━━━━━━━━━━━━━━━━━━━━━━ 244.6/244.6 kB 68.6 MB/s eta 0:00:00
2025-07-10T21:34:10.3443686Z Collecting croniter==2.0.7 (from -r requirements.lock (line 503))
2025-07-10T21:34:10.3493625Z   Downloading croniter-2.0.7-py2.py3-none-any.whl (21 kB)
2025-07-10T21:34:10.5490044Z Collecting cryptography==41.0.7 (from -r requirements.lock (line 507))
2025-07-10T21:34:10.5532671Z   Downloading cryptography-41.0.7-cp37-abi3-manylinux_2_28_x86_64.whl (4.4 MB)
2025-07-10T21:34:10.5821303Z      ━━━━━━━━━━━━━━━━━━━━━━━━━━━━━━━━━━━━━━━━ 4.4/4.4 MB 162.6 MB/s eta 0:00:00
2025-07-10T21:34:10.6074095Z Collecting dateparser==1.2.0 (from -r requirements.lock (line 534))
2025-07-10T21:34:10.6115849Z   Downloading dateparser-1.2.0-py2.py3-none-any.whl (294 kB)
2025-07-10T21:34:10.6170651Z      ━━━━━━━━━━━━━━━━━━━━━━━━━━━━━━━━━━━━━━ 295.0/295.0 kB 78.7 MB/s eta 0:00:00
2025-07-10T21:34:10.6331182Z Collecting distro==1.9.0 (from -r requirements.lock (line 538))
2025-07-10T21:34:10.6369347Z   Downloading distro-1.9.0-py3-none-any.whl (20 kB)
2025-07-10T21:34:10.6572849Z Collecting dnspython==2.7.0 (from -r requirements.lock (line 542))
2025-07-10T21:34:10.6616507Z   Downloading dnspython-2.7.0-py3-none-any.whl (313 kB)
2025-07-10T21:34:10.6673726Z      ━━━━━━━━━━━━━━━━━━━━━━━━━━━━━━━━━━━━━━ 313.6/313.6 kB 80.1 MB/s eta 0:00:00
2025-07-10T21:34:10.6989511Z Collecting docker==6.1.3 (from -r requirements.lock (line 546))
2025-07-10T21:34:10.7029018Z   Downloading docker-6.1.3-py3-none-any.whl (148 kB)
2025-07-10T21:34:10.7073505Z      ━━━━━━━━━━━━━━━━━━━━━━━━━━━━━━━━━━━━━━ 148.1/148.1 kB 53.3 MB/s eta 0:00:00
2025-07-10T21:34:10.7272938Z Collecting email-validator==2.1.0 (from -r requirements.lock (line 550))
2025-07-10T21:34:10.7309618Z   Downloading email_validator-2.1.0-py3-none-any.whl (32 kB)
2025-07-10T21:34:10.7467171Z Collecting et-xmlfile==2.0.0 (from -r requirements.lock (line 556))
2025-07-10T21:34:10.7504416Z   Downloading et_xmlfile-2.0.0-py3-none-any.whl (18 kB)
2025-07-10T21:34:10.8202191Z Collecting fastapi==0.104.1 (from -r requirements.lock (line 560))
2025-07-10T21:34:10.8263803Z   Downloading fastapi-0.104.1-py3-none-any.whl (92 kB)
2025-07-10T21:34:10.8305251Z      ━━━━━━━━━━━━━━━━━━━━━━━━━━━━━━━━━━━━━━━━ 92.9/92.9 kB 35.2 MB/s eta 0:00:00
2025-07-10T21:34:10.9022302Z Collecting frozenlist==1.7.0 (from -r requirements.lock (line 566))
2025-07-10T21:34:10.9071717Z   Downloading frozenlist-1.7.0-cp311-cp311-manylinux_2_5_x86_64.manylinux1_x86_64.manylinux_2_17_x86_64.manylinux2014_x86_64.whl (235 kB)
2025-07-10T21:34:10.9122889Z      ━━━━━━━━━━━━━━━━━━━━━━━━━━━━━━━━━━━━━━ 235.3/235.3 kB 68.7 MB/s eta 0:00:00
2025-07-10T21:34:10.9442548Z Collecting fsspec==2025.5.1 (from -r requirements.lock (line 674))
2025-07-10T21:34:10.9488601Z   Downloading fsspec-2025.5.1-py3-none-any.whl (199 kB)
2025-07-10T21:34:10.9537377Z      ━━━━━━━━━━━━━━━━━━━━━━━━━━━━━━━━━━━━━━ 199.1/199.1 kB 62.9 MB/s eta 0:00:00
2025-07-10T21:34:10.9710988Z Collecting geographiclib==2.0 (from -r requirements.lock (line 678))
2025-07-10T21:34:10.9750413Z   Downloading geographiclib-2.0-py3-none-any.whl (40 kB)
2025-07-10T21:34:10.9788362Z      ━━━━━━━━━━━━━━━━━━━━━━━━━━━━━━━━━━━━━━━━ 40.3/40.3 kB 14.4 MB/s eta 0:00:00
2025-07-10T21:34:11.0023708Z Collecting geopy==2.4.1 (from -r requirements.lock (line 682))
2025-07-10T21:34:11.0063878Z   Downloading geopy-2.4.1-py3-none-any.whl (125 kB)
2025-07-10T21:34:11.0109031Z      ━━━━━━━━━━━━━━━━━━━━━━━━━━━━━━━━━━━━━━ 125.4/125.4 kB 44.7 MB/s eta 0:00:00
2025-07-10T21:34:11.0734116Z Collecting google-api-core==2.25.1 (from -r requirements.lock (line 686))
2025-07-10T21:34:11.0775721Z   Downloading google_api_core-2.25.1-py3-none-any.whl (160 kB)
2025-07-10T21:34:11.0823964Z      ━━━━━━━━━━━━━━━━━━━━━━━━━━━━━━━━━━━━━━ 160.8/160.8 kB 51.9 MB/s eta 0:00:00
2025-07-10T21:34:11.2180421Z Collecting google-api-python-client==2.100.0 (from -r requirements.lock (line 690))
2025-07-10T21:34:11.2236646Z   Downloading google_api_python_client-2.100.0-py2.py3-none-any.whl (12.2 MB)
2025-07-10T21:34:11.2974640Z      ━━━━━━━━━━━━━━━━━━━━━━━━━━━━━━━━━━━━━━━ 12.2/12.2 MB 163.1 MB/s eta 0:00:00
2025-07-10T21:34:11.3889606Z Collecting google-auth==2.40.3 (from -r requirements.lock (line 693))
2025-07-10T21:34:11.3947816Z   Downloading google_auth-2.40.3-py2.py3-none-any.whl (216 kB)
2025-07-10T21:34:11.4001575Z      ━━━━━━━━━━━━━━━━━━━━━━━━━━━━━━━━━━━━━━ 216.1/216.1 kB 61.0 MB/s eta 0:00:00
2025-07-10T21:34:11.4141631Z Collecting google-auth-httplib2==0.2.0 (from -r requirements.lock (line 701))
2025-07-10T21:34:11.4182426Z   Downloading google_auth_httplib2-0.2.0-py2.py3-none-any.whl (9.3 kB)
2025-07-10T21:34:11.4458593Z Collecting googleapis-common-protos==1.70.0 (from -r requirements.lock (line 707))
2025-07-10T21:34:11.4500399Z   Downloading googleapis_common_protos-1.70.0-py3-none-any.whl (294 kB)
2025-07-10T21:34:11.4556879Z      ━━━━━━━━━━━━━━━━━━━━━━━━━━━━━━━━━━━━━━ 294.5/294.5 kB 79.2 MB/s eta 0:00:00
2025-07-10T21:34:11.4863810Z Collecting graphviz==0.21 (from -r requirements.lock (line 711))
2025-07-10T21:34:11.4906978Z   Downloading graphviz-0.21-py3-none-any.whl (47 kB)
2025-07-10T21:34:11.4957237Z      ━━━━━━━━━━━━━━━━━━━━━━━━━━━━━━━━━━━━━━━━ 47.3/47.3 kB 11.2 MB/s eta 0:00:00
2025-07-10T21:34:11.6345985Z Collecting greenlet==3.0.1 (from -r requirements.lock (line 715))
2025-07-10T21:34:11.6404296Z   Downloading greenlet-3.0.1-cp311-cp311-manylinux_2_24_x86_64.manylinux_2_28_x86_64.whl (616 kB)
2025-07-10T21:34:11.6478022Z      ━━━━━━━━━━━━━━━━━━━━━━━━━━━━━━━━━━━━━ 616.7/616.7 kB 112.4 MB/s eta 0:00:00
2025-07-10T21:34:11.7006186Z Collecting griffe==1.7.3 (from -r requirements.lock (line 776))
2025-07-10T21:34:11.7048122Z   Downloading griffe-1.7.3-py3-none-any.whl (129 kB)
2025-07-10T21:34:11.7094779Z      ━━━━━━━━━━━━━━━━━━━━━━━━━━━━━━━━━━━━━━ 129.3/129.3 kB 45.2 MB/s eta 0:00:00
2025-07-10T21:34:11.7328433Z Collecting gunicorn==21.2.0 (from -r requirements.lock (line 780))
2025-07-10T21:34:11.7370345Z   Downloading gunicorn-21.2.0-py3-none-any.whl (80 kB)
2025-07-10T21:34:11.7411882Z      ━━━━━━━━━━━━━━━━━━━━━━━━━━━━━━━━━━━━━━━━ 80.2/80.2 kB 29.1 MB/s eta 0:00:00
2025-07-10T21:34:11.7563554Z Collecting h11==0.16.0 (from -r requirements.lock (line 784))
2025-07-10T21:34:11.7600687Z   Downloading h11-0.16.0-py3-none-any.whl (37 kB)
2025-07-10T21:34:11.7813538Z Collecting h2==4.2.0 (from -r requirements.lock (line 790))
2025-07-10T21:34:11.7852128Z   Downloading h2-4.2.0-py3-none-any.whl (60 kB)
2025-07-10T21:34:11.7891733Z      ━━━━━━━━━━━━━━━━━━━━━━━━━━━━━━━━━━━━━━━━ 61.0/61.0 kB 23.3 MB/s eta 0:00:00
2025-07-10T21:34:11.8034017Z Collecting hpack==4.1.0 (from -r requirements.lock (line 794))
2025-07-10T21:34:11.8072537Z   Downloading hpack-4.1.0-py3-none-any.whl (34 kB)
2025-07-10T21:34:11.8367882Z Collecting httpcore==1.0.9 (from -r requirements.lock (line 798))
2025-07-10T21:34:11.8407273Z   Downloading httpcore-1.0.9-py3-none-any.whl (78 kB)
2025-07-10T21:34:11.8449267Z      ━━━━━━━━━━━━━━━━━━━━━━━━━━━━━━━━━━━━━━━━ 78.8/78.8 kB 28.2 MB/s eta 0:00:00
2025-07-10T21:34:11.8640161Z Collecting httplib2==0.22.0 (from -r requirements.lock (line 804))
2025-07-10T21:34:11.8682830Z   Downloading httplib2-0.22.0-py3-none-any.whl (96 kB)
2025-07-10T21:34:11.8723875Z      ━━━━━━━━━━━━━━━━━━━━━━━━━━━━━━━━━━━━━━━━ 96.9/96.9 kB 37.0 MB/s eta 0:00:00
2025-07-10T21:34:11.9067024Z Collecting httptools==0.6.4 (from -r requirements.lock (line 810))
2025-07-10T21:34:11.9107315Z   Downloading httptools-0.6.4-cp311-cp311-manylinux_2_5_x86_64.manylinux1_x86_64.manylinux_2_17_x86_64.manylinux2014_x86_64.whl (459 kB)
2025-07-10T21:34:11.9172968Z      ━━━━━━━━━━━━━━━━━━━━━━━━━━━━━━━━━━━━━ 459.8/459.8 kB 103.2 MB/s eta 0:00:00
2025-07-10T21:34:11.9467457Z Collecting httpx==0.25.2 (from httpx[http2]==0.25.2->-r requirements.lock (line 855))
2025-07-10T21:34:11.9543322Z   Downloading httpx-0.25.2-py3-none-any.whl (74 kB)
2025-07-10T21:34:11.9586690Z      ━━━━━━━━━━━━━━━━━━━━━━━━━━━━━━━━━━━━━━━━ 75.0/75.0 kB 25.8 MB/s eta 0:00:00
2025-07-10T21:34:11.9761796Z Collecting hyperframe==6.1.0 (from -r requirements.lock (line 862))
2025-07-10T21:34:11.9803045Z   Downloading hyperframe-6.1.0-py3-none-any.whl (13 kB)
2025-07-10T21:34:12.0011837Z Collecting idna==3.10 (from -r requirements.lock (line 866))
2025-07-10T21:34:12.0051356Z   Downloading idna-3.10-py3-none-any.whl (70 kB)
2025-07-10T21:34:12.0096454Z      ━━━━━━━━━━━━━━━━━━━━━━━━━━━━━━━━━━━━━━━━ 70.4/70.4 kB 22.9 MB/s eta 0:00:00
2025-07-10T21:34:12.0229160Z Collecting iniconfig==2.1.0 (from -r requirements.lock (line 875))
2025-07-10T21:34:12.0274335Z   Downloading iniconfig-2.1.0-py3-none-any.whl (6.0 kB)
2025-07-10T21:34:12.0509812Z Collecting jinja2==3.1.2 (from -r requirements.lock (line 879))
2025-07-10T21:34:12.0572714Z   Downloading Jinja2-3.1.2-py3-none-any.whl (133 kB)
2025-07-10T21:34:12.0619932Z      ━━━━━━━━━━━━━━━━━━━━━━━━━━━━━━━━━━━━━━ 133.1/133.1 kB 44.5 MB/s eta 0:00:00
2025-07-10T21:34:12.0839294Z Collecting jsonpatch==1.33 (from -r requirements.lock (line 885))
2025-07-10T21:34:12.0882593Z   Downloading jsonpatch-1.33-py2.py3-none-any.whl (12 kB)
2025-07-10T21:34:12.1134740Z Collecting jsonpickle==4.1.1 (from -r requirements.lock (line 889))
2025-07-10T21:34:12.1177117Z   Downloading jsonpickle-4.1.1-py3-none-any.whl (47 kB)
2025-07-10T21:34:12.1219344Z      ━━━━━━━━━━━━━━━━━━━━━━━━━━━━━━━━━━━━━━━━ 47.1/47.1 kB 15.0 MB/s eta 0:00:00
2025-07-10T21:34:12.1392215Z Collecting jsonpointer==3.0.0 (from -r requirements.lock (line 893))
2025-07-10T21:34:12.1433969Z   Downloading jsonpointer-3.0.0-py2.py3-none-any.whl (7.6 kB)
2025-07-10T21:34:12.1790562Z Collecting jsonschema==4.24.0 (from -r requirements.lock (line 897))
2025-07-10T21:34:12.1832978Z   Downloading jsonschema-4.24.0-py3-none-any.whl (88 kB)
2025-07-10T21:34:12.1877485Z      ━━━━━━━━━━━━━━━━━━━━━━━━━━━━━━━━━━━━━━━━ 88.7/88.7 kB 29.8 MB/s eta 0:00:00
2025-07-10T21:34:12.2063371Z Collecting jsonschema-specifications==2025.4.1 (from -r requirements.lock (line 901))
2025-07-10T21:34:12.2113012Z   Downloading jsonschema_specifications-2025.4.1-py3-none-any.whl (18 kB)
2025-07-10T21:34:12.2468740Z Collecting kubernetes==28.1.0 (from -r requirements.lock (line 905))
2025-07-10T21:34:12.2551711Z   Downloading kubernetes-28.1.0-py2.py3-none-any.whl (1.6 MB)
2025-07-10T21:34:12.2693355Z      ━━━━━━━━━━━━━━━━━━━━━━━━━━━━━━━━━━━━━━━━ 1.6/1.6 MB 129.7 MB/s eta 0:00:00
2025-07-10T21:34:12.2969617Z Collecting mako==1.3.10 (from -r requirements.lock (line 909))
2025-07-10T21:34:12.3013917Z   Downloading mako-1.3.10-py3-none-any.whl (78 kB)
2025-07-10T21:34:12.3056920Z      ━━━━━━━━━━━━━━━━━━━━━━━━━━━━━━━━━━━━━━━━ 78.5/78.5 kB 27.8 MB/s eta 0:00:00
2025-07-10T21:34:12.3304877Z Collecting markdown==3.8.2 (from -r requirements.lock (line 913))
2025-07-10T21:34:12.3347327Z   Downloading markdown-3.8.2-py3-none-any.whl (106 kB)
2025-07-10T21:34:12.3392547Z      ━━━━━━━━━━━━━━━━━━━━━━━━━━━━━━━━━━━━━━ 106.8/106.8 kB 37.5 MB/s eta 0:00:00
2025-07-10T21:34:12.3632775Z Collecting markdown-it-py==3.0.0 (from -r requirements.lock (line 917))
2025-07-10T21:34:12.3672278Z   Downloading markdown_it_py-3.0.0-py3-none-any.whl (87 kB)
2025-07-10T21:34:12.3713815Z      ━━━━━━━━━━━━━━━━━━━━━━━━━━━━━━━━━━━━━━━━ 87.5/87.5 kB 32.2 MB/s eta 0:00:00
2025-07-10T21:34:12.4277764Z Collecting markupsafe==3.0.2 (from -r requirements.lock (line 921))
2025-07-10T21:34:12.4329429Z   Downloading MarkupSafe-3.0.2-cp311-cp311-manylinux_2_17_x86_64.manylinux2014_x86_64.whl (23 kB)
2025-07-10T21:34:12.4504890Z Collecting mdurl==0.1.2 (from -r requirements.lock (line 986))
2025-07-10T21:34:12.4548264Z   Downloading mdurl-0.1.2-py3-none-any.whl (10.0 kB)
2025-07-10T21:34:12.5614788Z Collecting mock==5.2.0 (from -r requirements.lock (line 990))
2025-07-10T21:34:12.5659826Z   Downloading mock-5.2.0-py3-none-any.whl (31 kB)
2025-07-10T21:34:12.8194867Z Collecting multidict==6.6.3 (from -r requirements.lock (line 994))
2025-07-10T21:34:12.8242927Z   Downloading multidict-6.6.3-cp311-cp311-manylinux2014_x86_64.manylinux_2_17_x86_64.manylinux_2_28_x86_64.whl (246 kB)
2025-07-10T21:34:12.8342096Z      ━━━━━━━━━━━━━━━━━━━━━━━━━━━━━━━━━━━━━━ 246.6/246.6 kB 30.3 MB/s eta 0:00:00
2025-07-10T21:34:13.0263877Z Collecting numpy==1.26.2 (from -r requirements.lock (line 1108))
2025-07-10T21:34:13.0384496Z   Downloading numpy-1.26.2-cp311-cp311-manylinux_2_17_x86_64.manylinux2014_x86_64.whl (18.2 MB)
2025-07-10T21:34:13.2119828Z      ━━━━━━━━━━━━━━━━━━━━━━━━━━━━━━━━━━━━━━━━ 18.2/18.2 MB 98.9 MB/s eta 0:00:00
2025-07-10T21:34:13.2498254Z Collecting numpy-financial==1.0.0 (from -r requirements.lock (line 1152))
2025-07-10T21:34:13.2556098Z   Downloading numpy_financial-1.0.0-py3-none-any.whl (14 kB)
2025-07-10T21:34:13.2782003Z Collecting oauthlib==3.3.1 (from -r requirements.lock (line 1156))
2025-07-10T21:34:13.2826171Z   Downloading oauthlib-3.3.1-py3-none-any.whl (160 kB)
2025-07-10T21:34:13.2989634Z      ━━━━━━━━━━━━━━━━━━━━━━━━━━━━━━━━━━━━━━ 160.1/160.1 kB 10.3 MB/s eta 0:00:00
2025-07-10T21:34:13.3837730Z Collecting openai==1.6.1 (from -r requirements.lock (line 1162))
2025-07-10T21:34:13.3890025Z   Downloading openai-1.6.1-py3-none-any.whl (225 kB)
2025-07-10T21:34:13.3948895Z      ━━━━━━━━━━━━━━━━━━━━━━━━━━━━━━━━━━━━━━ 225.4/225.4 kB 57.4 MB/s eta 0:00:00
2025-07-10T21:34:13.4226809Z Collecting openpyxl==3.1.5 (from -r requirements.lock (line 1166))
2025-07-10T21:34:13.4270209Z   Downloading openpyxl-3.1.5-py2.py3-none-any.whl (250 kB)
2025-07-10T21:34:13.4325252Z      ━━━━━━━━━━━━━━━━━━━━━━━━━━━━━━━━━━━━━━ 250.9/250.9 kB 67.4 MB/s eta 0:00:00
2025-07-10T21:34:13.8079408Z Collecting orjson==3.10.18 (from -r requirements.lock (line 1172))
2025-07-10T21:34:13.8123797Z   Downloading orjson-3.10.18-cp311-cp311-manylinux_2_17_x86_64.manylinux2014_x86_64.whl (132 kB)
2025-07-10T21:34:13.8176377Z      ━━━━━━━━━━━━━━━━━━━━━━━━━━━━━━━━━━━━━━ 132.8/132.8 kB 40.6 MB/s eta 0:00:00
2025-07-10T21:34:13.8441530Z Collecting packaging==24.2 (from -r requirements.lock (line 1246))
2025-07-10T21:34:13.8480607Z   Downloading packaging-24.2-py3-none-any.whl (65 kB)
2025-07-10T21:34:13.8522056Z      ━━━━━━━━━━━━━━━━━━━━━━━━━━━━━━━━━━━━━━━━ 65.5/65.5 kB 23.6 MB/s eta 0:00:00
2025-07-10T21:34:13.9779679Z Collecting pandas==2.1.4 (from -r requirements.lock (line 1254))
2025-07-10T21:34:13.9832993Z   Downloading pandas-2.1.4-cp311-cp311-manylinux_2_17_x86_64.manylinux2014_x86_64.whl (12.2 MB)
2025-07-10T21:34:14.0820862Z      ━━━━━━━━━━━━━━━━━━━━━━━━━━━━━━━━━━━━━━━ 12.2/12.2 MB 121.0 MB/s eta 0:00:00
2025-07-10T21:34:14.1155292Z Collecting passlib==1.7.4 (from passlib[bcrypt]==1.7.4->-r requirements.lock (line 1283))
2025-07-10T21:34:14.1195927Z   Downloading passlib-1.7.4-py2.py3-none-any.whl (525 kB)
2025-07-10T21:34:14.1268146Z      ━━━━━━━━━━━━━━━━━━━━━━━━━━━━━━━━━━━━━ 525.6/525.6 kB 105.0 MB/s eta 0:00:00
2025-07-10T21:34:14.1441457Z Collecting pathspec==0.12.1 (from -r requirements.lock (line 1289))
2025-07-10T21:34:14.1481740Z   Downloading pathspec-0.12.1-py3-none-any.whl (31 kB)
2025-07-10T21:34:14.2049477Z Collecting pendulum==2.1.2 (from -r requirements.lock (line 1293))
2025-07-10T21:34:14.2089756Z   Downloading pendulum-2.1.2.tar.gz (81 kB)
2025-07-10T21:34:14.2135491Z      ━━━━━━━━━━━━━━━━━━━━━━━━━━━━━━━━━━━━━━━━ 81.2/81.2 kB 25.9 MB/s eta 0:00:00
2025-07-10T21:34:14.2351268Z   Installing build dependencies: started
2025-07-10T21:34:15.0679944Z   Installing build dependencies: finished with status 'done'
2025-07-10T21:34:15.0687786Z   Getting requirements to build wheel: started
2025-07-10T21:34:15.1487369Z   Getting requirements to build wheel: finished with status 'done'
2025-07-10T21:34:15.1496353Z   Preparing metadata (pyproject.toml): started
2025-07-10T21:34:15.3997145Z   Preparing metadata (pyproject.toml): finished with status 'done'
2025-07-10T21:34:15.4472814Z Collecting playwright==1.40.0 (from -r requirements.lock (line 1316))
2025-07-10T21:34:15.4553520Z   Downloading playwright-1.40.0-py3-none-manylinux1_x86_64.whl (37.2 MB)
2025-07-10T21:34:15.6684070Z      ━━━━━━━━━━━━━━━━━━━━━━━━━━━━━━━━━━━━━━━ 37.2/37.2 MB 116.5 MB/s eta 0:00:00
2025-07-10T21:34:15.7236820Z Collecting pluggy==1.6.0 (from -r requirements.lock (line 1325))
2025-07-10T21:34:15.7311743Z   Downloading pluggy-1.6.0-py3-none-any.whl (20 kB)
2025-07-10T21:34:15.8866106Z Collecting prefect==2.14.9 (from -r requirements.lock (line 1331))
2025-07-10T21:34:15.8928004Z   Downloading prefect-2.14.9-py3-none-any.whl (2.7 MB)
2025-07-10T21:34:15.9182293Z      ━━━━━━━━━━━━━━━━━━━━━━━━━━━━━━━━━━━━━━━━ 2.7/2.7 MB 115.5 MB/s eta 0:00:00
2025-07-10T21:34:15.9459569Z Collecting prometheus-client==0.19.0 (from -r requirements.lock (line 1335))
2025-07-10T21:34:15.9528090Z   Downloading prometheus_client-0.19.0-py3-none-any.whl (54 kB)
2025-07-10T21:34:15.9568177Z      ━━━━━━━━━━━━━━━━━━━━━━━━━━━━━━━━━━━━━━━━ 54.2/54.2 kB 20.1 MB/s eta 0:00:00
2025-07-10T21:34:16.0072491Z Collecting propcache==0.3.2 (from -r requirements.lock (line 1339))
2025-07-10T21:34:16.0113975Z   Downloading propcache-0.3.2-cp311-cp311-manylinux_2_17_x86_64.manylinux2014_x86_64.whl (213 kB)
2025-07-10T21:34:16.0163919Z      ━━━━━━━━━━━━━━━━━━━━━━━━━━━━━━━━━━━━━━ 213.5/213.5 kB 67.7 MB/s eta 0:00:00
2025-07-10T21:34:16.0425807Z Collecting proto-plus==1.26.1 (from -r requirements.lock (line 1439))
2025-07-10T21:34:16.0465883Z   Downloading proto_plus-1.26.1-py3-none-any.whl (50 kB)
2025-07-10T21:34:16.0505882Z      ━━━━━━━━━━━━━━━━━━━━━━━━━━━━━━━━━━━━━━━━ 50.2/50.2 kB 17.5 MB/s eta 0:00:00
2025-07-10T21:34:16.2303827Z Collecting protobuf==6.31.1 (from -r requirements.lock (line 1443))
2025-07-10T21:34:16.2347290Z   Downloading protobuf-6.31.1-cp39-abi3-manylinux2014_x86_64.whl (321 kB)
2025-07-10T21:34:16.2405340Z      ━━━━━━━━━━━━━━━━━━━━━━━━━━━━━━━━━━━━━━ 321.1/321.1 kB 81.7 MB/s eta 0:00:00
2025-07-10T21:34:16.4469816Z Collecting psutil==5.9.0 (from -r requirements.lock (line 1457))
2025-07-10T21:34:16.4530604Z   Downloading psutil-5.9.0.tar.gz (478 kB)
2025-07-10T21:34:16.4599467Z      ━━━━━━━━━━━━━━━━━━━━━━━━━━━━━━━━━━━━━━ 478.3/478.3 kB 97.2 MB/s eta 0:00:00
2025-07-10T21:34:16.5061141Z   Installing build dependencies: started
2025-07-10T21:34:18.2679607Z   Installing build dependencies: finished with status 'done'
2025-07-10T21:34:18.2684169Z   Getting requirements to build wheel: started
2025-07-10T21:34:19.0707219Z   Getting requirements to build wheel: finished with status 'done'
2025-07-10T21:34:19.0716089Z   Preparing metadata (pyproject.toml): started
2025-07-10T21:34:19.2824053Z   Preparing metadata (pyproject.toml): finished with status 'done'
2025-07-10T21:34:19.3527754Z Collecting psycopg2-binary==2.9.9 (from -r requirements.lock (line 1460))
2025-07-10T21:34:19.3670798Z   Downloading psycopg2_binary-2.9.9-cp311-cp311-manylinux_2_17_x86_64.manylinux2014_x86_64.whl (3.0 MB)
2025-07-10T21:34:19.3907326Z      ━━━━━━━━━━━━━━━━━━━━━━━━━━━━━━━━━━━━━━━━ 3.0/3.0 MB 139.4 MB/s eta 0:00:00
2025-07-10T21:34:19.4233339Z Collecting pyasn1==0.6.1 (from -r requirements.lock (line 1534))
2025-07-10T21:34:19.4274892Z   Downloading pyasn1-0.6.1-py3-none-any.whl (83 kB)
2025-07-10T21:34:19.4334720Z      ━━━━━━━━━━━━━━━━━━━━━━━━━━━━━━━━━━━━━━━━ 83.1/83.1 kB 17.8 MB/s eta 0:00:00
2025-07-10T21:34:19.4589274Z Collecting pyasn1-modules==0.4.2 (from -r requirements.lock (line 1540))
2025-07-10T21:34:19.4641794Z   Downloading pyasn1_modules-0.4.2-py3-none-any.whl (181 kB)
2025-07-10T21:34:19.4690743Z      ━━━━━━━━━━━━━━━━━━━━━━━━━━━━━━━━━━━━━━ 181.3/181.3 kB 62.0 MB/s eta 0:00:00
2025-07-10T21:34:19.4841232Z Collecting pycparser==2.22 (from -r requirements.lock (line 1544))
2025-07-10T21:34:19.4879299Z   Downloading pycparser-2.22-py3-none-any.whl (117 kB)
2025-07-10T21:34:19.4924332Z      ━━━━━━━━━━━━━━━━━━━━━━━━━━━━━━━━━━━━━━ 117.6/117.6 kB 41.8 MB/s eta 0:00:00
2025-07-10T21:34:19.6291255Z Collecting pydantic==2.5.0 (from pydantic[email]==2.5.0->-r requirements.lock (line 1548))
2025-07-10T21:34:19.6360872Z   Downloading pydantic-2.5.0-py3-none-any.whl (407 kB)
2025-07-10T21:34:19.6424648Z      ━━━━━━━━━━━━━━━━━━━━━━━━━━━━━━━━━━━━━━ 407.5/407.5 kB 92.5 MB/s eta 0:00:00
2025-07-10T21:34:20.4523658Z Collecting pydantic-core==2.14.1 (from -r requirements.lock (line 1557))
2025-07-10T21:34:20.4586248Z   Downloading pydantic_core-2.14.1-cp311-cp311-manylinux_2_17_x86_64.manylinux2014_x86_64.whl (2.1 MB)
2025-07-10T21:34:20.4750594Z      ━━━━━━━━━━━━━━━━━━━━━━━━━━━━━━━━━━━━━━━━ 2.1/2.1 MB 141.9 MB/s eta 0:00:00
2025-07-10T21:34:20.5012352Z Collecting pydantic-settings==2.1.0 (from -r requirements.lock (line 1660))
2025-07-10T21:34:20.5068491Z   Downloading pydantic_settings-2.1.0-py3-none-any.whl (11 kB)
2025-07-10T21:34:20.5298077Z Collecting pyee==11.0.1 (from -r requirements.lock (line 1664))
2025-07-10T21:34:20.5354380Z   Downloading pyee-11.0.1-py3-none-any.whl (15 kB)
2025-07-10T21:34:20.5661160Z Collecting pygments==2.19.2 (from -r requirements.lock (line 1668))
2025-07-10T21:34:20.5704991Z   Downloading pygments-2.19.2-py3-none-any.whl (1.2 MB)
2025-07-10T21:34:20.5813324Z      ━━━━━━━━━━━━━━━━━━━━━━━━━━━━━━━━━━━━━━━━ 1.2/1.2 MB 136.3 MB/s eta 0:00:00
2025-07-10T21:34:20.6072443Z Collecting pyjwt==2.8.0 (from -r requirements.lock (line 1674))
2025-07-10T21:34:20.6111547Z   Downloading PyJWT-2.8.0-py3-none-any.whl (22 kB)
2025-07-10T21:34:20.6498824Z Collecting pyparsing==3.2.3 (from -r requirements.lock (line 1678))
2025-07-10T21:34:20.6542090Z   Downloading pyparsing-3.2.3-py3-none-any.whl (111 kB)
2025-07-10T21:34:20.6589002Z      ━━━━━━━━━━━━━━━━━━━━━━━━━━━━━━━━━━━━━━ 111.1/111.1 kB 37.9 MB/s eta 0:00:00
2025-07-10T21:34:20.7186548Z Collecting pytest==8.4.1 (from -r requirements.lock (line 1682))
2025-07-10T21:34:20.7232016Z   Downloading pytest-8.4.1-py3-none-any.whl (365 kB)
2025-07-10T21:34:20.7293992Z      ━━━━━━━━━━━━━━━━━━━━━━━━━━━━━━━━━━━━━━ 365.5/365.5 kB 85.9 MB/s eta 0:00:00
2025-07-10T21:34:20.7594251Z Collecting pytest-asyncio==1.0.0 (from -r requirements.lock (line 1691))
2025-07-10T21:34:20.7637448Z   Downloading pytest_asyncio-1.0.0-py3-none-any.whl (15 kB)
2025-07-10T21:34:20.7898909Z Collecting pytest-cov==6.2.1 (from -r requirements.lock (line 1695))
2025-07-10T21:34:20.7939590Z   Downloading pytest_cov-6.2.1-py3-none-any.whl (24 kB)
2025-07-10T21:34:20.8125758Z Collecting pytest-env==1.1.5 (from -r requirements.lock (line 1699))
2025-07-10T21:34:20.8166846Z   Downloading pytest_env-1.1.5-py3-none-any.whl (6.1 kB)
2025-07-10T21:34:20.8473522Z Collecting pytest-mock==3.14.1 (from -r requirements.lock (line 1703))
2025-07-10T21:34:20.8523610Z   Downloading pytest_mock-3.14.1-py3-none-any.whl (9.9 kB)
2025-07-10T21:34:20.8753924Z Collecting python-dateutil==2.8.2 (from -r requirements.lock (line 1707))
2025-07-10T21:34:20.8817672Z   Downloading python_dateutil-2.8.2-py2.py3-none-any.whl (247 kB)
2025-07-10T21:34:20.8873729Z      ━━━━━━━━━━━━━━━━━━━━━━━━━━━━━━━━━━━━━━ 247.7/247.7 kB 66.4 MB/s eta 0:00:00
2025-07-10T21:34:20.9085589Z Collecting python-dotenv==1.0.0 (from -r requirements.lock (line 1718))
2025-07-10T21:34:20.9136325Z   Downloading python_dotenv-1.0.0-py3-none-any.whl (19 kB)
2025-07-10T21:34:20.9362982Z Collecting python-http-client==3.3.7 (from -r requirements.lock (line 1725))
2025-07-10T21:34:20.9621277Z   Downloading python_http_client-3.3.7-py3-none-any.whl (8.4 kB)
2025-07-10T21:34:20.9878866Z Collecting python-json-logger==2.0.7 (from -r requirements.lock (line 1729))
2025-07-10T21:34:20.9920194Z   Downloading python_json_logger-2.0.7-py3-none-any.whl (8.1 kB)
2025-07-10T21:34:21.0145086Z Collecting python-slugify==8.0.4 (from -r requirements.lock (line 1733))
2025-07-10T21:34:21.0185220Z   Downloading python_slugify-8.0.4-py2.py3-none-any.whl (10 kB)
2025-07-10T21:34:21.0692091Z Collecting pytz==2023.4 (from -r requirements.lock (line 1737))
2025-07-10T21:34:21.0756095Z   Downloading pytz-2023.4-py2.py3-none-any.whl (506 kB)
2025-07-10T21:34:21.0824022Z      ━━━━━━━━━━━━━━━━━━━━━━━━━━━━━━━━━━━━━ 506.5/506.5 kB 103.7 MB/s eta 0:00:00
2025-07-10T21:34:21.1041547Z Collecting pytzdata==2020.1 (from -r requirements.lock (line 1746))
2025-07-10T21:34:21.1080943Z   Downloading pytzdata-2020.1-py2.py3-none-any.whl (489 kB)
2025-07-10T21:34:21.1149856Z      ━━━━━━━━━━━━━━━━━━━━━━━━━━━━━━━━━━━━━━ 490.0/490.0 kB 97.9 MB/s eta 0:00:00
2025-07-10T21:34:21.1583646Z Collecting pyyaml==6.0.1 (from -r requirements.lock (line 1750))
2025-07-10T21:34:21.1625560Z   Downloading PyYAML-6.0.1-cp311-cp311-manylinux_2_17_x86_64.manylinux2014_x86_64.whl (757 kB)
2025-07-10T21:34:21.1706939Z      ━━━━━━━━━━━━━━━━━━━━━━━━━━━━━━━━━━━━━ 757.7/757.7 kB 121.0 MB/s eta 0:00:00
2025-07-10T21:34:21.1915673Z Collecting readchar==4.2.1 (from -r requirements.lock (line 1809))
2025-07-10T21:34:21.1966536Z   Downloading readchar-4.2.1-py3-none-any.whl (9.3 kB)
2025-07-10T21:34:21.2448646Z Collecting redis==5.0.1 (from -r requirements.lock (line 1813))
2025-07-10T21:34:21.2508033Z   Downloading redis-5.0.1-py3-none-any.whl (250 kB)
2025-07-10T21:34:21.2562601Z      ━━━━━━━━━━━━━━━━━━━━━━━━━━━━━━━━━━━━━━ 250.3/250.3 kB 69.4 MB/s eta 0:00:00
2025-07-10T21:34:21.2929947Z Collecting referencing==0.36.2 (from -r requirements.lock (line 1817))
2025-07-10T21:34:21.2971847Z   Downloading referencing-0.36.2-py3-none-any.whl (26 kB)
2025-07-10T21:34:21.6259585Z Collecting regex==2024.11.6 (from -r requirements.lock (line 1823))
2025-07-10T21:34:21.6311578Z   Downloading regex-2024.11.6-cp311-cp311-manylinux_2_17_x86_64.manylinux2014_x86_64.whl (792 kB)
2025-07-10T21:34:21.6413739Z      ━━━━━━━━━━━━━━━━━━━━━━━━━━━━━━━━━━━━━━ 792.7/792.7 kB 95.6 MB/s eta 0:00:00
2025-07-10T21:34:21.6797884Z Collecting requests==2.32.4 (from -r requirements.lock (line 1919))
2025-07-10T21:34:21.6839522Z   Downloading requests-2.32.4-py3-none-any.whl (64 kB)
2025-07-10T21:34:21.6881309Z      ━━━━━━━━━━━━━━━━━━━━━━━━━━━━━━━━━━━━━━━━ 64.8/64.8 kB 23.5 MB/s eta 0:00:00
2025-07-10T21:34:21.7056492Z Collecting requests-oauthlib==2.0.0 (from -r requirements.lock (line 1930))
2025-07-10T21:34:21.7099491Z   Downloading requests_oauthlib-2.0.0-py2.py3-none-any.whl (24 kB)
2025-07-10T21:34:21.7415028Z Collecting responses==0.24.0 (from -r requirements.lock (line 1936))
2025-07-10T21:34:21.7461957Z   Downloading responses-0.24.0-py3-none-any.whl (54 kB)
2025-07-10T21:34:21.7503524Z      ━━━━━━━━━━━━━━━━━━━━━━━━━━━━━━━━━━━━━━━━ 54.5/54.5 kB 19.8 MB/s eta 0:00:00
2025-07-10T21:34:21.8216955Z Collecting rich==13.9.4 (from -r requirements.lock (line 1939))
2025-07-10T21:34:21.8267751Z   Downloading rich-13.9.4-py3-none-any.whl (242 kB)
2025-07-10T21:34:21.8322219Z      ━━━━━━━━━━━━━━━━━━━━━━━━━━━━━━━━━━━━━━ 242.4/242.4 kB 69.0 MB/s eta 0:00:00
2025-07-10T21:34:22.0982882Z Collecting rpds-py==0.26.0 (from -r requirements.lock (line 1945))
2025-07-10T21:34:22.1030466Z   Downloading rpds_py-0.26.0-cp311-cp311-manylinux_2_17_x86_64.manylinux2014_x86_64.whl (383 kB)
2025-07-10T21:34:22.1092103Z      ━━━━━━━━━━━━━━━━━━━━━━━━━━━━━━━━━━━━━━ 383.9/383.9 kB 87.8 MB/s eta 0:00:00
2025-07-10T21:34:22.1288642Z Collecting rsa==4.9.1 (from -r requirements.lock (line 2093))
2025-07-10T21:34:22.1329266Z   Downloading rsa-4.9.1-py3-none-any.whl (34 kB)
2025-07-10T21:34:22.4596396Z Collecting ruamel-yaml==0.18.14 (from -r requirements.lock (line 2097))
2025-07-10T21:34:22.4653752Z   Downloading ruamel.yaml-0.18.14-py3-none-any.whl (118 kB)
2025-07-10T21:34:22.4701080Z      ━━━━━━━━━━━━━━━━━━━━━━━━━━━━━━━━━━━━━━ 118.6/118.6 kB 40.1 MB/s eta 0:00:00
2025-07-10T21:34:22.5050728Z Collecting ruamel-yaml-clib==0.2.12 (from -r requirements.lock (line 2103))
2025-07-10T21:34:22.5093793Z   Downloading ruamel.yaml.clib-0.2.12-cp311-cp311-manylinux_2_17_x86_64.manylinux2014_x86_64.whl (739 kB)
2025-07-10T21:34:22.5190505Z      ━━━━━━━━━━━━━━━━━━━━━━━━━━━━━━━━━━━━━━ 739.1/739.1 kB 94.6 MB/s eta 0:00:00
2025-07-10T21:34:22.6457737Z Collecting scipy==1.16.0 (from -r requirements.lock (line 2151))
2025-07-10T21:34:22.6500154Z   Downloading scipy-1.16.0-cp311-cp311-manylinux2014_x86_64.manylinux_2_17_x86_64.whl (35.3 MB)
2025-07-10T21:34:22.8392325Z      ━━━━━━━━━━━━━━━━━━━━━━━━━━━━━━━━━━━━━━━ 35.3/35.3 MB 122.9 MB/s eta 0:00:00
2025-07-10T21:34:22.9314046Z Collecting sendgrid==6.11.0 (from -r requirements.lock (line 2190))
2025-07-10T21:34:22.9360193Z   Downloading sendgrid-6.11.0-py3-none-any.whl (101 kB)
2025-07-10T21:34:22.9404660Z      ━━━━━━━━━━━━━━━━━━━━━━━━━━━━━━━━━━━━━━ 101.9/101.9 kB 37.3 MB/s eta 0:00:00
2025-07-10T21:34:23.0014478Z Collecting sentry-sdk==1.45.1 (from sentry-sdk[fastapi]==1.45.1->-r requirements.lock (line 2194))
2025-07-10T21:34:23.0091031Z   Downloading sentry_sdk-1.45.1-py2.py3-none-any.whl (267 kB)
2025-07-10T21:34:23.0143022Z      ━━━━━━━━━━━━━━━━━━━━━━━━━━━━━━━━━━━━━━ 267.2/267.2 kB 77.3 MB/s eta 0:00:00
2025-07-10T21:34:23.0361322Z Collecting shellingham==1.5.4 (from -r requirements.lock (line 2200))
2025-07-10T21:34:23.0406490Z   Downloading shellingham-1.5.4-py2.py3-none-any.whl (9.8 kB)
2025-07-10T21:34:23.0614438Z Collecting six==1.17.0 (from -r requirements.lock (line 2204))
2025-07-10T21:34:23.0652005Z   Downloading six-1.17.0-py2.py3-none-any.whl (11 kB)
2025-07-10T21:34:23.0799965Z Collecting sniffio==1.3.1 (from -r requirements.lock (line 2210))
2025-07-10T21:34:23.0844216Z   Downloading sniffio-1.3.1-py3-none-any.whl (10 kB)
2025-07-10T21:34:23.1083371Z Collecting soupsieve==2.7 (from -r requirements.lock (line 2219))
2025-07-10T21:34:23.1144959Z   Downloading soupsieve-2.7-py3-none-any.whl (36 kB)
2025-07-10T21:34:23.4155252Z Collecting sqlalchemy==2.0.23 (from sqlalchemy[asyncio]==2.0.23->-r requirements.lock (line 2223))
2025-07-10T21:34:23.4209383Z   Downloading SQLAlchemy-2.0.23-cp311-cp311-manylinux_2_17_x86_64.manylinux2014_x86_64.whl (3.2 MB)
2025-07-10T21:34:23.4417252Z      ━━━━━━━━━━━━━━━━━━━━━━━━━━━━━━━━━━━━━━━━ 3.2/3.2 MB 169.2 MB/s eta 0:00:00
2025-07-10T21:34:23.4614457Z Collecting starkbank-ecdsa==2.2.0 (from -r requirements.lock (line 2277))
2025-07-10T21:34:23.4663009Z   Downloading starkbank-ecdsa-2.2.0.tar.gz (14 kB)
2025-07-10T21:34:23.4752830Z   Installing build dependencies: started
2025-07-10T21:34:25.0059009Z   Installing build dependencies: finished with status 'done'
2025-07-10T21:34:25.0065115Z   Getting requirements to build wheel: started
2025-07-10T21:34:25.1587961Z   Getting requirements to build wheel: finished with status 'done'
2025-07-10T21:34:25.1597316Z   Preparing metadata (pyproject.toml): started
2025-07-10T21:34:25.3126424Z   Preparing metadata (pyproject.toml): finished with status 'done'
2025-07-10T21:34:25.3533965Z Collecting starlette==0.27.0 (from -r requirements.lock (line 2280))
2025-07-10T21:34:25.3573832Z   Downloading starlette-0.27.0-py3-none-any.whl (66 kB)
2025-07-10T21:34:25.3619189Z      ━━━━━━━━━━━━━━━━━━━━━━━━━━━━━━━━━━━━━━━━ 67.0/67.0 kB 21.6 MB/s eta 0:00:00
2025-07-10T21:34:25.4887623Z Collecting stripe==7.8.0 (from -r requirements.lock (line 2286))
2025-07-10T21:34:25.4962512Z   Downloading stripe-7.8.0-py2.py3-none-any.whl (886 kB)
2025-07-10T21:34:25.5057834Z      ━━━━━━━━━━━━━━━━━━━━━━━━━━━━━━━━━━━━━ 886.0/886.0 kB 122.6 MB/s eta 0:00:00
2025-07-10T21:34:25.5291608Z Collecting tenacity==8.2.3 (from -r requirements.lock (line 2290))
2025-07-10T21:34:25.5340557Z   Downloading tenacity-8.2.3-py3-none-any.whl (24 kB)
2025-07-10T21:34:25.5494454Z Collecting text-unidecode==1.3 (from -r requirements.lock (line 2294))
2025-07-10T21:34:25.5537284Z   Downloading text_unidecode-1.3-py2.py3-none-any.whl (78 kB)
2025-07-10T21:34:25.5580246Z      ━━━━━━━━━━━━━━━━━━━━━━━━━━━━━━━━━━━━━━━━ 78.2/78.2 kB 27.2 MB/s eta 0:00:00
2025-07-10T21:34:25.5721514Z Collecting toml==0.10.2 (from -r requirements.lock (line 2298))
2025-07-10T21:34:25.5761814Z   Downloading toml-0.10.2-py2.py3-none-any.whl (16 kB)
2025-07-10T21:34:25.6380312Z Collecting tqdm==4.67.1 (from -r requirements.lock (line 2302))
2025-07-10T21:34:25.6428067Z   Downloading tqdm-4.67.1-py3-none-any.whl (78 kB)
2025-07-10T21:34:25.6471263Z      ━━━━━━━━━━━━━━━━━━━━━━━━━━━━━━━━━━━━━━━━ 78.5/78.5 kB 27.2 MB/s eta 0:00:00
2025-07-10T21:34:25.6744512Z Collecting typer==0.16.0 (from -r requirements.lock (line 2306))
2025-07-10T21:34:25.6793871Z   Downloading typer-0.16.0-py3-none-any.whl (46 kB)
2025-07-10T21:34:25.6834498Z      ━━━━━━━━━━━━━━━━━━━━━━━━━━━━━━━━━━━━━━━━ 46.3/46.3 kB 16.5 MB/s eta 0:00:00
2025-07-10T21:34:25.7077323Z Collecting typing-extensions==4.14.1 (from -r requirements.lock (line 2310))
2025-07-10T21:34:25.7121219Z   Downloading typing_extensions-4.14.1-py3-none-any.whl (43 kB)
2025-07-10T21:34:25.7165613Z      ━━━━━━━━━━━━━━━━━━━━━━━━━━━━━━━━━━━━━━━━ 43.9/43.9 kB 13.5 MB/s eta 0:00:00
2025-07-10T21:34:25.7372069Z Collecting tzdata==2025.2 (from -r requirements.lock (line 2327))
2025-07-10T21:34:25.7412366Z   Downloading tzdata-2025.2-py2.py3-none-any.whl (347 kB)
2025-07-10T21:34:25.7471034Z      ━━━━━━━━━━━━━━━━━━━━━━━━━━━━━━━━━━━━━━ 347.8/347.8 kB 89.2 MB/s eta 0:00:00
2025-07-10T21:34:25.7721242Z Collecting tzlocal==5.3.1 (from -r requirements.lock (line 2331))
2025-07-10T21:34:25.7771249Z   Downloading tzlocal-5.3.1-py3-none-any.whl (18 kB)
2025-07-10T21:34:25.8463467Z Collecting ujson==5.10.0 (from -r requirements.lock (line 2335))
2025-07-10T21:34:25.8507136Z   Downloading ujson-5.10.0-cp311-cp311-manylinux_2_17_x86_64.manylinux2014_x86_64.whl (53 kB)
2025-07-10T21:34:25.8550866Z      ━━━━━━━━━━━━━━━━━━━━━━━━━━━━━━━━━━━━━━━━ 53.6/53.6 kB 18.9 MB/s eta 0:00:00
2025-07-10T21:34:25.8707345Z Collecting uritemplate==4.2.0 (from -r requirements.lock (line 2415))
2025-07-10T21:34:25.8750477Z   Downloading uritemplate-4.2.0-py3-none-any.whl (11 kB)
2025-07-10T21:34:25.9202317Z Collecting urllib3==1.26.20 (from -r requirements.lock (line 2421))
2025-07-10T21:34:25.9252404Z   Downloading urllib3-1.26.20-py2.py3-none-any.whl (144 kB)
2025-07-10T21:34:25.9300394Z      ━━━━━━━━━━━━━━━━━━━━━━━━━━━━━━━━━━━━━━ 144.2/144.2 kB 48.6 MB/s eta 0:00:00
2025-07-10T21:34:25.9674687Z Collecting uvicorn==0.24.0 (from uvicorn[standard]==0.24.0->-r requirements.lock (line 2430))
2025-07-10T21:34:25.9734458Z   Downloading uvicorn-0.24.0-py3-none-any.whl (59 kB)
2025-07-10T21:34:25.9775943Z      ━━━━━━━━━━━━━━━━━━━━━━━━━━━━━━━━━━━━━━━━ 59.6/59.6 kB 21.1 MB/s eta 0:00:00
2025-07-10T21:34:26.0234409Z Collecting uvloop==0.21.0 (from -r requirements.lock (line 2437))
2025-07-10T21:34:26.0278364Z   Downloading uvloop-0.21.0-cp311-cp311-manylinux_2_17_x86_64.manylinux2014_x86_64.whl (4.0 MB)
2025-07-10T21:34:26.0535318Z      ━━━━━━━━━━━━━━━━━━━━━━━━━━━━━━━━━━━━━━━━ 4.0/4.0 MB 169.5 MB/s eta 0:00:00
2025-07-10T21:34:26.1161000Z Collecting watchdog==6.0.0 (from -r requirements.lock (line 2476))
2025-07-10T21:34:26.1204237Z   Downloading watchdog-6.0.0-py3-none-manylinux2014_x86_64.whl (79 kB)
2025-07-10T21:34:26.1245790Z      ━━━━━━━━━━━━━━━━━━━━━━━━━━━━━━━━━━━━━━━━ 79.1/79.1 kB 29.4 MB/s eta 0:00:00
2025-07-10T21:34:26.2076180Z Collecting watchfiles==1.1.0 (from -r requirements.lock (line 2508))
2025-07-10T21:34:26.2123025Z   Downloading watchfiles-1.1.0-cp311-cp311-manylinux_2_17_x86_64.manylinux2014_x86_64.whl (453 kB)
2025-07-10T21:34:26.2191036Z      ━━━━━━━━━━━━━━━━━━━━━━━━━━━━━━━━━━━━━━ 453.1/453.1 kB 94.8 MB/s eta 0:00:00
2025-07-10T21:34:26.2463043Z Collecting websocket-client==1.8.0 (from -r requirements.lock (line 2616))
2025-07-10T21:34:26.2516489Z   Downloading websocket_client-1.8.0-py3-none-any.whl (58 kB)
2025-07-10T21:34:26.2559593Z      ━━━━━━━━━━━━━━━━━━━━━━━━━━━━━━━━━━━━━━━━ 58.8/58.8 kB 19.6 MB/s eta 0:00:00
2025-07-10T21:34:26.3560233Z Collecting websockets==12.0 (from -r requirements.lock (line 2622))
2025-07-10T21:34:26.3621203Z   Downloading websockets-12.0-cp311-cp311-manylinux_2_5_x86_64.manylinux1_x86_64.manylinux_2_17_x86_64.manylinux2014_x86_64.whl (130 kB)
2025-07-10T21:34:26.3669582Z      ━━━━━━━━━━━━━━━━━━━━━━━━━━━━━━━━━━━━━━ 130.9/130.9 kB 42.4 MB/s eta 0:00:00
2025-07-10T21:34:26.3856347Z Collecting xlcalculator==0.5.0 (from -r requirements.lock (line 2698))
2025-07-10T21:34:26.3906952Z   Downloading xlcalculator-0.5.0.tar.gz (458 kB)
2025-07-10T21:34:26.3972654Z      ━━━━━━━━━━━━━━━━━━━━━━━━━━━━━━━━━━━━━━ 458.4/458.4 kB 96.4 MB/s eta 0:00:00
2025-07-10T21:34:26.4407415Z   Installing build dependencies: started
2025-07-10T21:34:27.9923019Z   Installing build dependencies: finished with status 'done'
2025-07-10T21:34:27.9929305Z   Getting requirements to build wheel: started
2025-07-10T21:34:28.1547500Z   Getting requirements to build wheel: finished with status 'done'
2025-07-10T21:34:28.1556998Z   Preparing metadata (pyproject.toml): started
2025-07-10T21:34:28.3216515Z   Preparing metadata (pyproject.toml): finished with status 'done'
2025-07-10T21:34:28.8240018Z Collecting yarl==1.20.1 (from -r requirements.lock (line 2701))
2025-07-10T21:34:28.8282731Z   Downloading yarl-1.20.1-cp311-cp311-manylinux_2_17_x86_64.manylinux2014_x86_64.whl (348 kB)
2025-07-10T21:34:28.8353469Z      ━━━━━━━━━━━━━━━━━━━━━━━━━━━━━━━━━━━━━━ 349.0/349.0 kB 67.5 MB/s eta 0:00:00
2025-07-10T21:34:28.8515521Z Collecting yearfrac==0.4.8 (from -r requirements.lock (line 2807))
2025-07-10T21:34:28.8565925Z   Downloading yearfrac-0.4.8.tar.gz (7.7 kB)
2025-07-10T21:34:28.8645463Z   Installing build dependencies: started
2025-07-10T21:34:30.4193457Z   Installing build dependencies: finished with status 'done'
2025-07-10T21:34:30.4198854Z   Getting requirements to build wheel: started
2025-07-10T21:34:30.5726750Z   Getting requirements to build wheel: finished with status 'done'
2025-07-10T21:34:30.5735550Z   Preparing metadata (pyproject.toml): started
2025-07-10T21:34:30.7311591Z   Preparing metadata (pyproject.toml): finished with status 'done'
2025-07-10T21:34:34.6024587Z WARNING: The candidate selected for download or install is a yanked version: 'email-validator' candidate (version 2.1.0 at https://files.pythonhosted.org/packages/90/41/4767ff64e422734487a06384a66e62615b1f5cf9cf3b23295e22d3ecf711/email_validator-2.1.0-py3-none-any.whl (from https://pypi.org/simple/email-validator/) (requires-python:>=3.7))
2025-07-10T21:34:34.6027545Z Reason for being yanked: Forgot to drop Python 3.7 from python_requires, see https://github.com/JoshData/python-email-validator/pull/118
2025-07-10T21:34:34.6030382Z WARNING: The candidate selected for download or install is a yanked version: 'stripe' candidate (version 7.8.0 at https://files.pythonhosted.org/packages/9f/0a/f47c33e690008c4619e34578805b30768ca6bdb6acc7b764fe448b478385/stripe-7.8.0-py2.py3-none-any.whl (from https://pypi.org/simple/stripe/) (requires-python:>=3.6))
2025-07-10T21:34:34.6032481Z Reason for being yanked: <none given>
2025-07-10T21:34:34.6067370Z Building wheels for collected packages: pendulum, psutil, starkbank-ecdsa, xlcalculator, yearfrac
2025-07-10T21:34:34.6075307Z   Building wheel for pendulum (pyproject.toml): started
2025-07-10T21:34:36.9939523Z   Building wheel for pendulum (pyproject.toml): finished with status 'done'
2025-07-10T21:34:36.9946851Z   Created wheel for pendulum: filename=pendulum-2.1.2-cp311-cp311-manylinux_2_39_x86_64.whl size=159834 sha256=034e929eb374f6f2a0c03589269ba6ef848fabb2eac6cc4ddc4e39b077aff7b7
2025-07-10T21:34:36.9948177Z   Stored in directory: /home/runner/.cache/pip/wheels/a4/b7/10/a86f4f49b1bdf8a0cf3da42d48f499e4cb7529ebab7aad3550
2025-07-10T21:34:36.9977070Z   Building wheel for psutil (pyproject.toml): started
2025-07-10T21:34:38.2091529Z   Building wheel for psutil (pyproject.toml): finished with status 'done'
2025-07-10T21:34:38.2099469Z   Created wheel for psutil: filename=psutil-5.9.0-cp311-cp311-linux_x86_64.whl size=284327 sha256=efe0c30f5cad509db55d406e6ee22c804b7441c50c141f115cd1019b5a17302b
2025-07-10T21:34:38.2100840Z   Stored in directory: /home/runner/.cache/pip/wheels/b7/3f/a5/6da60cf045cc7d875f3f6746c27e9afa159642fc5acaa5ae08
2025-07-10T21:34:38.2134623Z   Building wheel for starkbank-ecdsa (pyproject.toml): started
2025-07-10T21:34:38.4009877Z   Building wheel for starkbank-ecdsa (pyproject.toml): finished with status 'done'
2025-07-10T21:34:38.4016145Z   Created wheel for starkbank-ecdsa: filename=starkbank_ecdsa-2.2.0-py3-none-any.whl size=16049 sha256=f8361536471c4fa04fb4087e7b5352a2d80ef702b873c72079d939d4efbabd50
2025-07-10T21:34:38.4017491Z   Stored in directory: /home/runner/.cache/pip/wheels/af/6c/c8/3a941332ae93d4748d5b4107d70ed22b4e6ff6ac1e225c5c95
2025-07-10T21:34:38.4042156Z   Building wheel for xlcalculator (pyproject.toml): started
2025-07-10T21:34:38.7007221Z   Building wheel for xlcalculator (pyproject.toml): finished with status 'done'
2025-07-10T21:34:38.7019267Z   Created wheel for xlcalculator: filename=xlcalculator-0.5.0-py3-none-any.whl size=634628 sha256=15a83f7f85ef7b87f99c40a1fedec983500d845cfec8a473f87c312b20ba631b
2025-07-10T21:34:38.7021322Z   Stored in directory: /home/runner/.cache/pip/wheels/0b/68/db/55377219a752ff8a0bfa051a06675d9b4fb6816e0e953b4e56
2025-07-10T21:34:38.7064446Z   Building wheel for yearfrac (pyproject.toml): started
2025-07-10T21:34:38.8900054Z   Building wheel for yearfrac (pyproject.toml): finished with status 'done'
2025-07-10T21:34:38.8906058Z   Created wheel for yearfrac: filename=yearfrac-0.4.8-py3-none-any.whl size=7357 sha256=cf011a6926be2dbc0da3a635a78613b2d33a317c571fa712512656056fc9d1cc
2025-07-10T21:34:38.8907624Z   Stored in directory: /home/runner/.cache/pip/wheels/f1/d3/d8/7a1ad02deb18722349b5a6fb3f906a683be4369caafba6c436
2025-07-10T21:34:38.8925463Z Successfully built pendulum psutil starkbank-ecdsa xlcalculator yearfrac
2025-07-10T21:34:39.7105851Z Installing collected packages: text-unidecode, starkbank-ecdsa, pytz, passlib, coolname, websockets, websocket-client, watchdog, uvloop, urllib3, uritemplate, ujson, tzlocal, tzdata, typing-extensions, tqdm, toml, tenacity, soupsieve, sniffio, six, shellingham, ruamel-yaml-clib, rpds-py, regex, redis, readchar, pyyaml, pytzdata, python-slugify, python-json-logger, python-http-client, python-dotenv, pyparsing, pyjwt, pygments, pycparser, pyasn1, psycopg2-binary, psutil, protobuf, propcache, prometheus-client, pluggy, pathspec, packaging, orjson, oauthlib, numpy, multidict, mock, mdurl, markupsafe, markdown, jsonpointer, jsonpickle, iniconfig, idna, hyperframe, httptools, hpack, h11, greenlet, graphviz, geographiclib, fsspec, frozenlist, et-xmlfile, dnspython, distro, coverage, colorama, cloudpickle, click, charset-normalizer, certifi, cachetools, bcrypt, attrs, async-timeout, annotated-types, yearfrac, yarl, uvicorn, sqlalchemy, sentry-sdk, sendgrid, scipy, ruamel-yaml, rsa, requests, referencing, python-dateutil, pytest, pyee, pydantic-core, pyasn1-modules, proto-plus, openpyxl, numpy-financial, markdown-it-py, mako, jsonpatch, jinja2, httplib2, httpcore, h2, gunicorn, griffe, googleapis-common-protos, geopy, email-validator, cffi, beautifulsoup4, asyncpg, asgi-lifespan, anyio, aiosqlite, aiosignal, watchfiles, stripe, starlette, rich, responses, requests-oauthlib, pytest-mock, pytest-env, pytest-cov, pytest-asyncio, pydantic, playwright, pendulum, pandas, jsonschema-specifications, httpx, google-auth, docker, dateparser, cryptography, croniter, alembic, aiohttp, xlcalculator, typer, pydantic-settings, openai, kubernetes, jsonschema, google-auth-httplib2, google-api-core, fastapi, apprise, prefect, google-api-python-client
2025-07-10T21:35:05.8245382Z Successfully installed aiohttp-3.9.1 aiosignal-1.4.0 aiosqlite-0.21.0 alembic-1.12.1 annotated-types-0.7.0 anyio-3.7.1 apprise-1.9.3 asgi-lifespan-2.1.0 async-timeout-5.0.1 asyncpg-0.29.0 attrs-25.3.0 bcrypt-4.3.0 beautifulsoup4-4.12.0 cachetools-5.5.2 certifi-2025.7.9 cffi-1.17.1 charset-normalizer-3.4.2 click-8.1.7 cloudpickle-3.1.1 colorama-0.4.6 coolname-2.2.0 coverage-7.9.2 croniter-2.0.7 cryptography-41.0.7 dateparser-1.2.0 distro-1.9.0 dnspython-2.7.0 docker-6.1.3 email-validator-2.1.0 et-xmlfile-2.0.0 fastapi-0.104.1 frozenlist-1.7.0 fsspec-2025.5.1 geographiclib-2.0 geopy-2.4.1 google-api-core-2.25.1 google-api-python-client-2.100.0 google-auth-2.40.3 google-auth-httplib2-0.2.0 googleapis-common-protos-1.70.0 graphviz-0.21 greenlet-3.0.1 griffe-1.7.3 gunicorn-21.2.0 h11-0.16.0 h2-4.2.0 hpack-4.1.0 httpcore-1.0.9 httplib2-0.22.0 httptools-0.6.4 httpx-0.25.2 hyperframe-6.1.0 idna-3.10 iniconfig-2.1.0 jinja2-3.1.2 jsonpatch-1.33 jsonpickle-4.1.1 jsonpointer-3.0.0 jsonschema-4.24.0 jsonschema-specifications-2025.4.1 kubernetes-28.1.0 mako-1.3.10 markdown-3.8.2 markdown-it-py-3.0.0 markupsafe-3.0.2 mdurl-0.1.2 mock-5.2.0 multidict-6.6.3 numpy-1.26.2 numpy-financial-1.0.0 oauthlib-3.3.1 openai-1.6.1 openpyxl-3.1.5 orjson-3.10.18 packaging-24.2 pandas-2.1.4 passlib-1.7.4 pathspec-0.12.1 pendulum-2.1.2 playwright-1.40.0 pluggy-1.6.0 prefect-2.14.9 prometheus-client-0.19.0 propcache-0.3.2 proto-plus-1.26.1 protobuf-6.31.1 psutil-5.9.0 psycopg2-binary-2.9.9 pyasn1-0.6.1 pyasn1-modules-0.4.2 pycparser-2.22 pydantic-2.5.0 pydantic-core-2.14.1 pydantic-settings-2.1.0 pyee-11.0.1 pygments-2.19.2 pyjwt-2.8.0 pyparsing-3.2.3 pytest-8.4.1 pytest-asyncio-1.0.0 pytest-cov-6.2.1 pytest-env-1.1.5 pytest-mock-3.14.1 python-dateutil-2.8.2 python-dotenv-1.0.0 python-http-client-3.3.7 python-json-logger-2.0.7 python-slugify-8.0.4 pytz-2023.4 pytzdata-2020.1 pyyaml-6.0.1 readchar-4.2.1 redis-5.0.1 referencing-0.36.2 regex-2024.11.6 requests-2.32.4 requests-oauthlib-2.0.0 responses-0.24.0 rich-13.9.4 rpds-py-0.26.0 rsa-4.9.1 ruamel-yaml-0.18.14 ruamel-yaml-clib-0.2.12 scipy-1.16.0 sendgrid-6.11.0 sentry-sdk-1.45.1 shellingham-1.5.4 six-1.17.0 sniffio-1.3.1 soupsieve-2.7 sqlalchemy-2.0.23 starkbank-ecdsa-2.2.0 starlette-0.27.0 stripe-7.8.0 tenacity-8.2.3 text-unidecode-1.3 toml-0.10.2 tqdm-4.67.1 typer-0.16.0 typing-extensions-4.14.1 tzdata-2025.2 tzlocal-5.3.1 ujson-5.10.0 uritemplate-4.2.0 urllib3-1.26.20 uvicorn-0.24.0 uvloop-0.21.0 watchdog-6.0.0 watchfiles-1.1.0 websocket-client-1.8.0 websockets-12.0 xlcalculator-0.5.0 yarl-1.20.1 yearfrac-0.4.8
2025-07-10T21:35:06.0151600Z 
2025-07-10T21:35:06.0152192Z [notice] A new release of pip is available: 23.3.1 -> 25.1.1
2025-07-10T21:35:06.0152773Z [notice] To update, run: pip install --upgrade pip
2025-07-10T21:35:08.2994373Z ##[group]Run source .venv/bin/activate
2025-07-10T21:35:08.2994705Z [36;1msource .venv/bin/activate[0m
2025-07-10T21:35:08.2994983Z [36;1mexport PYTHONPATH=$PYTHONPATH:$(pwd)[0m
2025-07-10T21:35:08.2995248Z [36;1mpytest -q[0m
2025-07-10T21:35:08.2996162Z [36;1mpytest --cov=core --cov=d0_gateway --cov=d1_targeting --cov=d2_sourcing --cov=d3_assessment --cov=d4_enrichment --cov=d5_scoring --cov=d6_reports --cov=d7_storefront --cov=d8_personalization --cov=d9_delivery --cov=d10_analytics --cov=d11_orchestration --cov=database --cov-report=xml --cov-report=term[0m
2025-07-10T21:35:08.3058423Z shell: /usr/bin/bash -e {0}
2025-07-10T21:35:08.3058658Z env:
2025-07-10T21:35:08.3058915Z   pythonLocation: /opt/hostedtoolcache/Python/3.11.13/x64
2025-07-10T21:35:08.3059309Z   PKG_CONFIG_PATH: /opt/hostedtoolcache/Python/3.11.13/x64/lib/pkgconfig
2025-07-10T21:35:08.3059692Z   Python_ROOT_DIR: /opt/hostedtoolcache/Python/3.11.13/x64
2025-07-10T21:35:08.3060062Z   Python2_ROOT_DIR: /opt/hostedtoolcache/Python/3.11.13/x64
2025-07-10T21:35:08.3060392Z   Python3_ROOT_DIR: /opt/hostedtoolcache/Python/3.11.13/x64
2025-07-10T21:35:08.3060723Z   LD_LIBRARY_PATH: /opt/hostedtoolcache/Python/3.11.13/x64/lib
2025-07-10T21:35:08.3060993Z ##[endgroup]
2025-07-10T21:35:22.4725435Z ..................................................ss.sssss......sF
2025-07-10T21:35:22.4726115Z =================================== FAILURES ===================================
2025-07-10T21:35:22.4726922Z _ TestGatewayProviderIntegration.test_all_providers_work_with_stubs_pagespeed __
2025-07-10T21:35:22.4728152Z .venv/lib/python3.11/site-packages/httpx/_transports/default.py:66: in map_httpcore_exceptions
2025-07-10T21:35:22.4729042Z     yield
2025-07-10T21:35:22.4729693Z .venv/lib/python3.11/site-packages/httpx/_transports/default.py:366: in handle_async_request
2025-07-10T21:35:22.4732237Z     resp = await self._pool.handle_async_request(req)
2025-07-10T21:35:22.4732684Z            ^^^^^^^^^^^^^^^^^^^^^^^^^^^^^^^^^^^^^^^^^^
2025-07-10T21:35:22.4733596Z .venv/lib/python3.11/site-packages/httpcore/_async/connection_pool.py:256: in handle_async_request
2025-07-10T21:35:22.4734277Z     raise exc from None
2025-07-10T21:35:22.4734965Z .venv/lib/python3.11/site-packages/httpcore/_async/connection_pool.py:236: in handle_async_request
2025-07-10T21:35:22.4735757Z     response = await connection.handle_async_request(
2025-07-10T21:35:22.4736537Z .venv/lib/python3.11/site-packages/httpcore/_async/connection.py:101: in handle_async_request
2025-07-10T21:35:22.4737208Z     raise exc
2025-07-10T21:35:22.4737813Z .venv/lib/python3.11/site-packages/httpcore/_async/connection.py:78: in handle_async_request
2025-07-10T21:35:22.4738930Z     stream = await self._connect(request)
2025-07-10T21:35:22.4739323Z              ^^^^^^^^^^^^^^^^^^^^^^^^^^^^
2025-07-10T21:35:22.4739990Z .venv/lib/python3.11/site-packages/httpcore/_async/connection.py:124: in _connect
2025-07-10T21:35:22.4740674Z     stream = await self._network_backend.connect_tcp(**kwargs)
2025-07-10T21:35:22.4741130Z              ^^^^^^^^^^^^^^^^^^^^^^^^^^^^^^^^^^^^^^^^^^^^^^^^^
2025-07-10T21:35:22.4741653Z .venv/lib/python3.11/site-packages/httpcore/_backends/auto.py:31: in connect_tcp
2025-07-10T21:35:22.4742052Z     return await self._backend.connect_tcp(
2025-07-10T21:35:22.4742434Z .venv/lib/python3.11/site-packages/httpcore/_backends/anyio.py:113: in connect_tcp
2025-07-10T21:35:22.4742813Z     with map_exceptions(exc_map):
2025-07-10T21:35:22.4743466Z /opt/hostedtoolcache/Python/3.11.13/x64/lib/python3.11/contextlib.py:158: in __exit__
2025-07-10T21:35:22.4743870Z     self.gen.throw(typ, value, traceback)
2025-07-10T21:35:22.4744250Z .venv/lib/python3.11/site-packages/httpcore/_exceptions.py:14: in map_exceptions
2025-07-10T21:35:22.4744636Z     raise to_exc(exc) from exc
2025-07-10T21:35:22.4744907Z E   httpcore.ConnectError: All connection attempts failed
2025-07-10T21:35:22.4745135Z 
2025-07-10T21:35:22.4745545Z The above exception was the direct cause of the following exception:
2025-07-10T21:35:22.4745889Z d0_gateway/base.py:130: in make_request
2025-07-10T21:35:22.4746183Z     response = await self.client.request(method, url, **kwargs)
2025-07-10T21:35:22.4746479Z                ^^^^^^^^^^^^^^^^^^^^^^^^^^^^^^^^^^^^^^^^^^^^^^^^
2025-07-10T21:35:22.4746799Z .venv/lib/python3.11/site-packages/httpx/_client.py:1530: in request
2025-07-10T21:35:22.4747225Z     return await self.send(request, auth=auth, follow_redirects=follow_redirects)
2025-07-10T21:35:22.4747572Z            ^^^^^^^^^^^^^^^^^^^^^^^^^^^^^^^^^^^^^^^^^^^^^^^^^^^^^^^^^^^^^^^^^^^^^^
2025-07-10T21:35:22.4747942Z .venv/lib/python3.11/site-packages/sentry_sdk/integrations/httpx.py:137: in send
2025-07-10T21:35:22.4748322Z     rv = await real_send(self, request, **kwargs)
2025-07-10T21:35:22.4748556Z          ^^^^^^^^^^^^^^^^^^^^^^^^^^^^^^^^^^^^^^^^
2025-07-10T21:35:22.4748853Z .venv/lib/python3.11/site-packages/httpx/_client.py:1617: in send
2025-07-10T21:35:22.4749173Z     response = await self._send_handling_auth(
2025-07-10T21:35:22.4749539Z .venv/lib/python3.11/site-packages/httpx/_client.py:1645: in _send_handling_auth
2025-07-10T21:35:22.4749921Z     response = await self._send_handling_redirects(
2025-07-10T21:35:22.4750314Z .venv/lib/python3.11/site-packages/httpx/_client.py:1682: in _send_handling_redirects
2025-07-10T21:35:22.4750725Z     response = await self._send_single_request(request)
2025-07-10T21:35:22.4750981Z                ^^^^^^^^^^^^^^^^^^^^^^^^^^^^^^^^^^^^^^^^
2025-07-10T21:35:22.4751328Z .venv/lib/python3.11/site-packages/httpx/_client.py:1719: in _send_single_request
2025-07-10T21:35:22.4751739Z     response = await transport.handle_async_request(request)
2025-07-10T21:35:22.4752031Z                ^^^^^^^^^^^^^^^^^^^^^^^^^^^^^^^^^^^^^^^^^^^^^
2025-07-10T21:35:22.4752410Z .venv/lib/python3.11/site-packages/httpx/_transports/default.py:365: in handle_async_request
2025-07-10T21:35:22.4752818Z     with map_httpcore_exceptions():
2025-07-10T21:35:22.4753395Z /opt/hostedtoolcache/Python/3.11.13/x64/lib/python3.11/contextlib.py:158: in __exit__
2025-07-10T21:35:22.4753778Z     self.gen.throw(typ, value, traceback)
2025-07-10T21:35:22.4754184Z .venv/lib/python3.11/site-packages/httpx/_transports/default.py:83: in map_httpcore_exceptions
2025-07-10T21:35:22.4754590Z     raise mapped_exc(message) from exc
2025-07-10T21:35:22.4754863Z E   httpx.ConnectError: All connection attempts failed
2025-07-10T21:35:22.4755060Z 
2025-07-10T21:35:22.4755219Z The above exception was the direct cause of the following exception:
2025-07-10T21:35:22.4755710Z tests/integration/test_gateway_integration.py:65: in test_all_providers_work_with_stubs_pagespeed
2025-07-10T21:35:22.4756266Z     result = await facade.analyze_website(
2025-07-10T21:35:22.4756515Z d0_gateway/facade.py:122: in analyze_website
2025-07-10T21:35:22.4756777Z     result = await client.analyze_url(
2025-07-10T21:35:22.4757035Z d0_gateway/providers/pagespeed.py:88: in analyze_url
2025-07-10T21:35:22.4757301Z     return await self.make_request(
2025-07-10T21:35:22.4757534Z d0_gateway/base.py:169: in make_request
2025-07-10T21:35:22.4757762Z     raise ExternalAPIError(
2025-07-10T21:35:22.4758123Z E   core.exceptions.ExternalAPIError: pagespeed API error: All connection attempts failed
2025-07-10T21:35:22.4758581Z ---------------------------- Captured stdout setup -----------------------------
2025-07-10T21:35:22.4759254Z {"timestamp": "2025-07-10T21:35:21.065913", "level": "INFO", "name": "gateway.factory", "domain": "d0", "app": "LeadFactory", "environment": "development", "logger": "gateway.factory"}
2025-07-10T21:35:22.4760131Z {"timestamp": "2025-07-10T21:35:21.066004", "level": "INFO", "name": "gateway.facade", "domain": "d0", "app": "LeadFactory", "environment": "development", "logger": "gateway.facade"}
2025-07-10T21:35:22.4760771Z ------------------------------ Captured log setup ------------------------------
2025-07-10T21:35:22.4761169Z INFO     gateway.factory:factory.py:67 Gateway client factory initialized
2025-07-10T21:35:22.4761697Z INFO     gateway.facade:facade.py:31 Gateway facade initialized
2025-07-10T21:35:22.4762057Z ----------------------------- Captured stdout call -----------------------------
2025-07-10T21:35:22.4762683Z {"timestamp": "2025-07-10T21:35:21.087827", "level": "INFO", "name": "gateway.factory", "domain": "d0", "app": "LeadFactory", "environment": "development", "logger": "gateway.factory"}
2025-07-10T21:35:22.4763757Z {"timestamp": "2025-07-10T21:35:21.090653", "level": "ERROR", "name": "gateway.facade", "domain": "d0", "app": "LeadFactory", "environment": "development", "logger": "gateway.facade"}
2025-07-10T21:35:22.4764375Z ------------------------------ Captured log call -------------------------------
2025-07-10T21:35:22.4764760Z INFO     gateway.factory:factory.py:143 Created new client for pagespeed
2025-07-10T21:35:22.4765303Z ERROR    gateway.facade:facade.py:130 PageSpeed analysis failed: pagespeed API error: All connection attempts failed
2025-07-10T21:35:22.4765798Z =========================== short test summary info ============================
2025-07-10T21:35:22.4766269Z SKIPPED [1] tests/integration/test_enrichment_fanout.py:119: Fanout logic not implemented in current coordinator
2025-07-10T21:35:22.4766939Z SKIPPED [1] tests/integration/test_enrichment_fanout.py:174: Merge logic not fully implemented in current coordinator
2025-07-10T21:35:22.4767636Z SKIPPED [1] tests/integration/test_enrichment_fanout.py:267: Phase 0.5 source ordering not implemented in current coordinator
2025-07-10T21:35:22.4768315Z SKIPPED [1] tests/integration/test_enrichment_fanout.py:286: Error handling for Phase 0.5 not fully implemented
2025-07-10T21:35:22.4769020Z SKIPPED [1] tests/integration/test_enrichment_fanout_simple.py:33: Phase 0.5 source ordering not implemented in current coordinator
2025-07-10T21:35:22.4769766Z SKIPPED [1] tests/integration/test_enrichment_fanout_simple.py:54: Phase 0.5 merge method not implemented in current coordinator
2025-07-10T21:35:22.4770517Z SKIPPED [1] tests/integration/test_enrichment_fanout_simple.py:77: Phase 0.5 fanout logic not fully implemented in current coordinator
2025-07-10T21:35:22.4771225Z SKIPPED [1] tests/integration/test_gateway_integration.py:33: Yelp stub configuration issue in CI environment
2025-07-10T21:35:22.4772293Z FAILED tests/integration/test_gateway_integration.py::TestGatewayProviderIntegration::test_all_providers_work_with_stubs_pagespeed - core.exceptions.ExternalAPIError: pagespeed API error: All connection attempts failed
2025-07-10T21:35:22.4773378Z !!!!!!!!!!!!!!!!!!!!!!!!!! stopping after 1 failures !!!!!!!!!!!!!!!!!!!!!!!!!!!
2025-07-10T21:35:22.4773670Z 1 failed, 57 passed, 8 skipped in 12.48s
2025-07-10T21:35:23.4133937Z ##[error]Process completed with exit code 1.
2025-07-10T21:35:23.4225686Z Post job cleanup.
2025-07-10T21:35:23.4938565Z [command]/usr/bin/git version
2025-07-10T21:35:23.4973666Z git version 2.49.0
2025-07-10T21:35:23.5015663Z Temporarily overriding HOME='/home/runner/work/_temp/5692127d-cd97-4f32-ae29-6f0003cd7033' before making global git config changes
2025-07-10T21:35:23.5016526Z Adding repository directory to the temporary git global config as a safe directory
2025-07-10T21:35:23.5019536Z [command]/usr/bin/git config --global --add safe.directory /home/runner/work/LeadFactory_v1/LeadFactory_v1
2025-07-10T21:35:23.5049835Z [command]/usr/bin/git config --local --name-only --get-regexp core\.sshCommand
2025-07-10T21:35:23.5078230Z [command]/usr/bin/git submodule foreach --recursive sh -c "git config --local --name-only --get-regexp 'core\.sshCommand' && git config --local --unset-all 'core.sshCommand' || :"
2025-07-10T21:35:23.5299451Z [command]/usr/bin/git config --local --name-only --get-regexp http\.https\:\/\/github\.com\/\.extraheader
2025-07-10T21:35:23.5319176Z http.https://github.com/.extraheader
2025-07-10T21:35:23.5330087Z [command]/usr/bin/git config --local --unset-all http.https://github.com/.extraheader
2025-07-10T21:35:23.5357661Z [command]/usr/bin/git submodule foreach --recursive sh -c "git config --local --name-only --get-regexp 'http\.https\:\/\/github\.com\/\.extraheader' && git config --local --unset-all 'http.https://github.com/.extraheader' || :"
2025-07-10T21:35:23.5688122Z Cleaning up orphan processes
