2025-07-10T21:42:27.3962499Z Current runner version: '2.325.0'
2025-07-10T21:42:27.3988078Z ##[group]Runner Image Provisioner
2025-07-10T21:42:27.3989142Z Hosted Compute Agent
2025-07-10T21:42:27.3989709Z Version: 20250710.361
2025-07-10T21:42:27.3990259Z Commit: 1aa91963755b73deaa955e512f5de173acfde7a8
2025-07-10T21:42:27.3990995Z Build Date: 2025-07-10T18:39:53Z
2025-07-10T21:42:27.3991542Z ##[endgroup]
2025-07-10T21:42:27.3992089Z ##[group]Operating System
2025-07-10T21:42:27.3992704Z Ubuntu
2025-07-10T21:42:27.3993140Z 24.04.2
2025-07-10T21:42:27.3993593Z LTS
2025-07-10T21:42:27.3994043Z ##[endgroup]
2025-07-10T21:42:27.3994544Z ##[group]Runner Image
2025-07-10T21:42:27.3995066Z Image: ubuntu-24.04
2025-07-10T21:42:27.3995593Z Version: 20250629.1.0
2025-07-10T21:42:27.3996549Z Included Software: https://github.com/actions/runner-images/blob/ubuntu24/20250629.1/images/ubuntu/Ubuntu2404-Readme.md
2025-07-10T21:42:27.3998000Z Image Release: https://github.com/actions/runner-images/releases/tag/ubuntu24%2F20250629.1
2025-07-10T21:42:27.3999130Z ##[endgroup]
2025-07-10T21:42:27.4000108Z ##[group]GITHUB_TOKEN Permissions
2025-07-10T21:42:27.4002193Z Contents: read
2025-07-10T21:42:27.4002707Z Metadata: read
2025-07-10T21:42:27.4003181Z ##[endgroup]
2025-07-10T21:42:27.4005725Z Secret source: Actions
2025-07-10T21:42:27.4006702Z Prepare workflow directory
2025-07-10T21:42:27.4426639Z Prepare all required actions
2025-07-10T21:42:27.4483397Z Getting action download info
2025-07-10T21:42:27.7520544Z ##[group]Download immutable action package 'actions/checkout@v3'
2025-07-10T21:42:27.7521531Z Version: 3.6.0
2025-07-10T21:42:27.7522546Z Digest: sha256:942562b9c7d4b1f2557f1da21f4d3eb4eb4fd01f2ad78b2a6e187d1b193e0a0f
2025-07-10T21:42:27.7523681Z Source commit SHA: f43a0e5ff2bd294095638e18286ca9a3d1956744
2025-07-10T21:42:27.7524392Z ##[endgroup]
2025-07-10T21:42:27.8349965Z ##[group]Download immutable action package 'actions/setup-python@v4'
2025-07-10T21:42:27.8350759Z Version: 4.9.1
2025-07-10T21:42:27.8351536Z Digest: sha256:f03e505388af670b5a108629e0ba26befc08d5c62b41f46146a45fe29ae509a5
2025-07-10T21:42:27.8352499Z Source commit SHA: 7f4fc3e22c37d6ff65e88745f38bd3157c663f7c
2025-07-10T21:42:27.8353159Z ##[endgroup]
2025-07-10T21:42:28.1344546Z Complete job name: test
2025-07-10T21:42:28.1997161Z ##[group]Run actions/checkout@v3
2025-07-10T21:42:28.1998046Z with:
2025-07-10T21:42:28.1998469Z   repository: mirqtio/LeadFactory_v1
2025-07-10T21:42:28.1999305Z   token: ***
2025-07-10T21:42:28.1999682Z   ssh-strict: true
2025-07-10T21:42:28.2000087Z   persist-credentials: true
2025-07-10T21:42:28.2000524Z   clean: true
2025-07-10T21:42:28.2000947Z   sparse-checkout-cone-mode: true
2025-07-10T21:42:28.2001412Z   fetch-depth: 1
2025-07-10T21:42:28.2001793Z   fetch-tags: false
2025-07-10T21:42:28.2002227Z   lfs: false
2025-07-10T21:42:28.2002589Z   submodules: false
2025-07-10T21:42:28.2002984Z   set-safe-directory: true
2025-07-10T21:42:28.2003657Z ##[endgroup]
2025-07-10T21:42:28.2859827Z Syncing repository: mirqtio/LeadFactory_v1
2025-07-10T21:42:28.2861931Z ##[group]Getting Git version info
2025-07-10T21:42:28.2862686Z Working directory is '/home/runner/work/LeadFactory_v1/LeadFactory_v1'
2025-07-10T21:42:28.2863642Z [command]/usr/bin/git version
2025-07-10T21:42:28.2894193Z git version 2.49.0
2025-07-10T21:42:28.2920981Z ##[endgroup]
2025-07-10T21:42:28.2935404Z Temporarily overriding HOME='/home/runner/work/_temp/7191cd7d-12d6-45d6-a8cf-a916f90182e2' before making global git config changes
2025-07-10T21:42:28.2936710Z Adding repository directory to the temporary git global config as a safe directory
2025-07-10T21:42:28.2939087Z [command]/usr/bin/git config --global --add safe.directory /home/runner/work/LeadFactory_v1/LeadFactory_v1
2025-07-10T21:42:28.2972026Z Deleting the contents of '/home/runner/work/LeadFactory_v1/LeadFactory_v1'
2025-07-10T21:42:28.2975605Z ##[group]Initializing the repository
2025-07-10T21:42:28.2978626Z [command]/usr/bin/git init /home/runner/work/LeadFactory_v1/LeadFactory_v1
2025-07-10T21:42:28.3037475Z hint: Using 'master' as the name for the initial branch. This default branch name
2025-07-10T21:42:28.3039902Z hint: is subject to change. To configure the initial branch name to use in all
2025-07-10T21:42:28.3041595Z hint: of your new repositories, which will suppress this warning, call:
2025-07-10T21:42:28.3042698Z hint:
2025-07-10T21:42:28.3043439Z hint: 	git config --global init.defaultBranch <name>
2025-07-10T21:42:28.3044303Z hint:
2025-07-10T21:42:28.3045038Z hint: Names commonly chosen instead of 'master' are 'main', 'trunk' and
2025-07-10T21:42:28.3045898Z hint: 'development'. The just-created branch can be renamed via this command:
2025-07-10T21:42:28.3046551Z hint:
2025-07-10T21:42:28.3046913Z hint: 	git branch -m <name>
2025-07-10T21:42:28.3047651Z Initialized empty Git repository in /home/runner/work/LeadFactory_v1/LeadFactory_v1/.git/
2025-07-10T21:42:28.3052495Z [command]/usr/bin/git remote add origin https://github.com/mirqtio/LeadFactory_v1
2025-07-10T21:42:28.3083702Z ##[endgroup]
2025-07-10T21:42:28.3084415Z ##[group]Disabling automatic garbage collection
2025-07-10T21:42:28.3085269Z [command]/usr/bin/git config --local gc.auto 0
2025-07-10T21:42:28.3112309Z ##[endgroup]
2025-07-10T21:42:28.3112960Z ##[group]Setting up auth
2025-07-10T21:42:28.3117643Z [command]/usr/bin/git config --local --name-only --get-regexp core\.sshCommand
2025-07-10T21:42:28.3143866Z [command]/usr/bin/git submodule foreach --recursive sh -c "git config --local --name-only --get-regexp 'core\.sshCommand' && git config --local --unset-all 'core.sshCommand' || :"
2025-07-10T21:42:28.3406976Z [command]/usr/bin/git config --local --name-only --get-regexp http\.https\:\/\/github\.com\/\.extraheader
2025-07-10T21:42:28.3434592Z [command]/usr/bin/git submodule foreach --recursive sh -c "git config --local --name-only --get-regexp 'http\.https\:\/\/github\.com\/\.extraheader' && git config --local --unset-all 'http.https://github.com/.extraheader' || :"
2025-07-10T21:42:28.3652254Z [command]/usr/bin/git config --local http.https://github.com/.extraheader AUTHORIZATION: basic ***
2025-07-10T21:42:28.3688014Z ##[endgroup]
2025-07-10T21:42:28.3700195Z ##[group]Fetching the repository
2025-07-10T21:42:28.3701845Z [command]/usr/bin/git -c protocol.version=2 fetch --no-tags --prune --progress --no-recurse-submodules --depth=1 origin +b15afba254e250250746d26a4f228f55d5b82ea9:refs/remotes/origin/fix/ci-green
2025-07-10T21:42:28.6319171Z remote: Enumerating objects: 619, done.        
2025-07-10T21:42:28.6320093Z remote: Counting objects:   0% (1/619)        
2025-07-10T21:42:28.6320733Z remote: Counting objects:   1% (7/619)        
2025-07-10T21:42:28.6321368Z remote: Counting objects:   2% (13/619)        
2025-07-10T21:42:28.6322000Z remote: Counting objects:   3% (19/619)        
2025-07-10T21:42:28.6322634Z remote: Counting objects:   4% (25/619)        
2025-07-10T21:42:28.6323256Z remote: Counting objects:   5% (31/619)        
2025-07-10T21:42:28.6323881Z remote: Counting objects:   6% (38/619)        
2025-07-10T21:42:28.6324508Z remote: Counting objects:   7% (44/619)        
2025-07-10T21:42:28.6325176Z remote: Counting objects:   8% (50/619)        
2025-07-10T21:42:28.6325798Z remote: Counting objects:   9% (56/619)        
2025-07-10T21:42:28.6326499Z remote: Counting objects:  10% (62/619)        
2025-07-10T21:42:28.6327123Z remote: Counting objects:  11% (69/619)        
2025-07-10T21:42:28.6327748Z remote: Counting objects:  12% (75/619)        
2025-07-10T21:42:28.6328376Z remote: Counting objects:  13% (81/619)        
2025-07-10T21:42:28.6328927Z remote: Counting objects:  14% (87/619)        
2025-07-10T21:42:28.6329641Z remote: Counting objects:  15% (93/619)        
2025-07-10T21:42:28.6330197Z remote: Counting objects:  16% (100/619)        
2025-07-10T21:42:28.6330751Z remote: Counting objects:  17% (106/619)        
2025-07-10T21:42:28.6331331Z remote: Counting objects:  18% (112/619)        
2025-07-10T21:42:28.6331879Z remote: Counting objects:  19% (118/619)        
2025-07-10T21:42:28.6332429Z remote: Counting objects:  20% (124/619)        
2025-07-10T21:42:28.6344359Z remote: Counting objects:  21% (130/619)        
2025-07-10T21:42:28.6345634Z remote: Counting objects:  22% (137/619)        
2025-07-10T21:42:28.6346822Z remote: Counting objects:  23% (143/619)        
2025-07-10T21:42:28.6347603Z remote: Counting objects:  24% (149/619)        
2025-07-10T21:42:28.6348254Z remote: Counting objects:  25% (155/619)        
2025-07-10T21:42:28.6348900Z remote: Counting objects:  26% (161/619)        
2025-07-10T21:42:28.6349823Z remote: Counting objects:  27% (168/619)        
2025-07-10T21:42:28.6350459Z remote: Counting objects:  28% (174/619)        
2025-07-10T21:42:28.6351083Z remote: Counting objects:  29% (180/619)        
2025-07-10T21:42:28.6351715Z remote: Counting objects:  30% (186/619)        
2025-07-10T21:42:28.6352341Z remote: Counting objects:  31% (192/619)        
2025-07-10T21:42:28.6352973Z remote: Counting objects:  32% (199/619)        
2025-07-10T21:42:28.6353593Z remote: Counting objects:  33% (205/619)        
2025-07-10T21:42:28.6354235Z remote: Counting objects:  34% (211/619)        
2025-07-10T21:42:28.6354867Z remote: Counting objects:  35% (217/619)        
2025-07-10T21:42:28.6355508Z remote: Counting objects:  36% (223/619)        
2025-07-10T21:42:28.6356140Z remote: Counting objects:  37% (230/619)        
2025-07-10T21:42:28.6356769Z remote: Counting objects:  38% (236/619)        
2025-07-10T21:42:28.6357403Z remote: Counting objects:  39% (242/619)        
2025-07-10T21:42:28.6358013Z remote: Counting objects:  40% (248/619)        
2025-07-10T21:42:28.6358565Z remote: Counting objects:  41% (254/619)        
2025-07-10T21:42:28.6359220Z remote: Counting objects:  42% (260/619)        
2025-07-10T21:42:28.6359771Z remote: Counting objects:  43% (267/619)        
2025-07-10T21:42:28.6360326Z remote: Counting objects:  44% (273/619)        
2025-07-10T21:42:28.6360890Z remote: Counting objects:  45% (279/619)        
2025-07-10T21:42:28.6361457Z remote: Counting objects:  46% (285/619)        
2025-07-10T21:42:28.6362011Z remote: Counting objects:  47% (291/619)        
2025-07-10T21:42:28.6362558Z remote: Counting objects:  48% (298/619)        
2025-07-10T21:42:28.6363093Z remote: Counting objects:  49% (304/619)        
2025-07-10T21:42:28.6363886Z remote: Counting objects:  50% (310/619)        
2025-07-10T21:42:28.6364448Z remote: Counting objects:  51% (316/619)        
2025-07-10T21:42:28.6364990Z remote: Counting objects:  52% (322/619)        
2025-07-10T21:42:28.6365553Z remote: Counting objects:  53% (329/619)        
2025-07-10T21:42:28.6366093Z remote: Counting objects:  54% (335/619)        
2025-07-10T21:42:28.6366640Z remote: Counting objects:  55% (341/619)        
2025-07-10T21:42:28.6367186Z remote: Counting objects:  56% (347/619)        
2025-07-10T21:42:28.6367745Z remote: Counting objects:  57% (353/619)        
2025-07-10T21:42:28.6368282Z remote: Counting objects:  58% (360/619)        
2025-07-10T21:42:28.6368829Z remote: Counting objects:  59% (366/619)        
2025-07-10T21:42:28.6369615Z remote: Counting objects:  60% (372/619)        
2025-07-10T21:42:28.6370154Z remote: Counting objects:  61% (378/619)        
2025-07-10T21:42:28.6370704Z remote: Counting objects:  62% (384/619)        
2025-07-10T21:42:28.6371246Z remote: Counting objects:  63% (390/619)        
2025-07-10T21:42:28.6371805Z remote: Counting objects:  64% (397/619)        
2025-07-10T21:42:28.6372354Z remote: Counting objects:  65% (403/619)        
2025-07-10T21:42:28.6372890Z remote: Counting objects:  66% (409/619)        
2025-07-10T21:42:28.6373458Z remote: Counting objects:  67% (415/619)        
2025-07-10T21:42:28.6374001Z remote: Counting objects:  68% (421/619)        
2025-07-10T21:42:28.6374543Z remote: Counting objects:  69% (428/619)        
2025-07-10T21:42:28.6375087Z remote: Counting objects:  70% (434/619)        
2025-07-10T21:42:28.6375624Z remote: Counting objects:  71% (440/619)        
2025-07-10T21:42:28.6376198Z remote: Counting objects:  72% (446/619)        
2025-07-10T21:42:28.6376732Z remote: Counting objects:  73% (452/619)        
2025-07-10T21:42:28.6377428Z remote: Counting objects:  74% (459/619)        
2025-07-10T21:42:28.6377964Z remote: Counting objects:  75% (465/619)        
2025-07-10T21:42:28.6378510Z remote: Counting objects:  76% (471/619)        
2025-07-10T21:42:28.6379333Z remote: Counting objects:  77% (477/619)        
2025-07-10T21:42:28.6379942Z remote: Counting objects:  78% (483/619)        
2025-07-10T21:42:28.6380496Z remote: Counting objects:  79% (490/619)        
2025-07-10T21:42:28.6381067Z remote: Counting objects:  80% (496/619)        
2025-07-10T21:42:28.6381902Z remote: Counting objects:  81% (502/619)        
2025-07-10T21:42:28.6382441Z remote: Counting objects:  82% (508/619)        
2025-07-10T21:42:28.6382978Z remote: Counting objects:  83% (514/619)        
2025-07-10T21:42:28.6383511Z remote: Counting objects:  84% (520/619)        
2025-07-10T21:42:28.6384053Z remote: Counting objects:  85% (527/619)        
2025-07-10T21:42:28.6384589Z remote: Counting objects:  86% (533/619)        
2025-07-10T21:42:28.6385132Z remote: Counting objects:  87% (539/619)        
2025-07-10T21:42:28.6385668Z remote: Counting objects:  88% (545/619)        
2025-07-10T21:42:28.6386198Z remote: Counting objects:  89% (551/619)        
2025-07-10T21:42:28.6386742Z remote: Counting objects:  90% (558/619)        
2025-07-10T21:42:28.6387284Z remote: Counting objects:  91% (564/619)        
2025-07-10T21:42:28.6387822Z remote: Counting objects:  92% (570/619)        
2025-07-10T21:42:28.6388356Z remote: Counting objects:  93% (576/619)        
2025-07-10T21:42:28.6388890Z remote: Counting objects:  94% (582/619)        
2025-07-10T21:42:28.6389687Z remote: Counting objects:  95% (589/619)        
2025-07-10T21:42:28.6390232Z remote: Counting objects:  96% (595/619)        
2025-07-10T21:42:28.6390778Z remote: Counting objects:  97% (601/619)        
2025-07-10T21:42:28.6391316Z remote: Counting objects:  98% (607/619)        
2025-07-10T21:42:28.6391861Z remote: Counting objects:  99% (613/619)        
2025-07-10T21:42:28.6392413Z remote: Counting objects: 100% (619/619)        
2025-07-10T21:42:28.6392989Z remote: Counting objects: 100% (619/619), done.        
2025-07-10T21:42:28.6393727Z remote: Compressing objects:   0% (1/552)        
2025-07-10T21:42:28.6394297Z remote: Compressing objects:   1% (6/552)        
2025-07-10T21:42:28.6472687Z remote: Compressing objects:   2% (12/552)        
2025-07-10T21:42:28.6473521Z remote: Compressing objects:   3% (17/552)        
2025-07-10T21:42:28.6474246Z remote: Compressing objects:   4% (23/552)        
2025-07-10T21:42:28.6474951Z remote: Compressing objects:   5% (28/552)        
2025-07-10T21:42:28.6475656Z remote: Compressing objects:   6% (34/552)        
2025-07-10T21:42:28.6476361Z remote: Compressing objects:   7% (39/552)        
2025-07-10T21:42:28.6528399Z remote: Compressing objects:   8% (45/552)        
2025-07-10T21:42:28.6574532Z remote: Compressing objects:   9% (50/552)        
2025-07-10T21:42:28.6590958Z remote: Compressing objects:  10% (56/552)        
2025-07-10T21:42:28.6620531Z remote: Compressing objects:  11% (61/552)        
2025-07-10T21:42:28.6671783Z remote: Compressing objects:  12% (67/552)        
2025-07-10T21:42:28.6739388Z remote: Compressing objects:  13% (72/552)        
2025-07-10T21:42:28.6765346Z remote: Compressing objects:  14% (78/552)        
2025-07-10T21:42:28.6790765Z remote: Compressing objects:  15% (83/552)        
2025-07-10T21:42:28.6819851Z remote: Compressing objects:  16% (89/552)        
2025-07-10T21:42:28.6861669Z remote: Compressing objects:  17% (94/552)        
2025-07-10T21:42:28.6912633Z remote: Compressing objects:  18% (100/552)        
2025-07-10T21:42:28.7093072Z remote: Compressing objects:  19% (105/552)        
2025-07-10T21:42:28.7108342Z remote: Compressing objects:  20% (111/552)        
2025-07-10T21:42:28.7154689Z remote: Compressing objects:  21% (116/552)        
2025-07-10T21:42:28.7214381Z remote: Compressing objects:  22% (122/552)        
2025-07-10T21:42:28.7294421Z remote: Compressing objects:  23% (127/552)        
2025-07-10T21:42:28.7363904Z remote: Compressing objects:  24% (133/552)        
2025-07-10T21:42:28.7423189Z remote: Compressing objects:  25% (138/552)        
2025-07-10T21:42:28.7462128Z remote: Compressing objects:  26% (144/552)        
2025-07-10T21:42:28.7484141Z remote: Compressing objects:  27% (150/552)        
2025-07-10T21:42:28.7534867Z remote: Compressing objects:  28% (155/552)        
2025-07-10T21:42:28.7613586Z remote: Compressing objects:  29% (161/552)        
2025-07-10T21:42:28.7649564Z remote: Compressing objects:  30% (166/552)        
2025-07-10T21:42:28.7700076Z remote: Compressing objects:  31% (172/552)        
2025-07-10T21:42:28.7755582Z remote: Compressing objects:  32% (177/552)        
2025-07-10T21:42:28.7806186Z remote: Compressing objects:  33% (183/552)        
2025-07-10T21:42:28.7877750Z remote: Compressing objects:  34% (188/552)        
2025-07-10T21:42:28.7927409Z remote: Compressing objects:  35% (194/552)        
2025-07-10T21:42:28.7985597Z remote: Compressing objects:  36% (199/552)        
2025-07-10T21:42:28.8023795Z remote: Compressing objects:  37% (205/552)        
2025-07-10T21:42:28.8045710Z remote: Compressing objects:  38% (210/552)        
2025-07-10T21:42:28.8055213Z remote: Compressing objects:  39% (216/552)        
2025-07-10T21:42:28.8056375Z remote: Compressing objects:  40% (221/552)        
2025-07-10T21:42:28.8194693Z remote: Compressing objects:  41% (227/552)        
2025-07-10T21:42:28.8196136Z remote: Compressing objects:  42% (232/552)        
2025-07-10T21:42:28.8210712Z remote: Compressing objects:  43% (238/552)        
2025-07-10T21:42:28.8247474Z remote: Compressing objects:  44% (243/552)        
2025-07-10T21:42:28.8284473Z remote: Compressing objects:  45% (249/552)        
2025-07-10T21:42:28.8394768Z remote: Compressing objects:  46% (254/552)        
2025-07-10T21:42:28.8445185Z remote: Compressing objects:  47% (260/552)        
2025-07-10T21:42:28.8505833Z remote: Compressing objects:  48% (265/552)        
2025-07-10T21:42:28.8550099Z remote: Compressing objects:  49% (271/552)        
2025-07-10T21:42:28.8581099Z remote: Compressing objects:  50% (276/552)        
2025-07-10T21:42:28.8605457Z remote: Compressing objects:  51% (282/552)        
2025-07-10T21:42:28.8633113Z remote: Compressing objects:  52% (288/552)        
2025-07-10T21:42:28.8661180Z remote: Compressing objects:  53% (293/552)        
2025-07-10T21:42:28.8697806Z remote: Compressing objects:  54% (299/552)        
2025-07-10T21:42:28.8770738Z remote: Compressing objects:  55% (304/552)        
2025-07-10T21:42:28.8836204Z remote: Compressing objects:  56% (310/552)        
2025-07-10T21:42:28.8903475Z remote: Compressing objects:  57% (315/552)        
2025-07-10T21:42:28.8952652Z remote: Compressing objects:  58% (321/552)        
2025-07-10T21:42:28.8974800Z remote: Compressing objects:  59% (326/552)        
2025-07-10T21:42:28.8978013Z remote: Compressing objects:  60% (332/552)        
2025-07-10T21:42:28.8980872Z remote: Compressing objects:  61% (337/552)        
2025-07-10T21:42:28.8983357Z remote: Compressing objects:  62% (343/552)        
2025-07-10T21:42:28.8984783Z remote: Compressing objects:  63% (348/552)        
2025-07-10T21:42:28.8991238Z remote: Compressing objects:  64% (354/552)        
2025-07-10T21:42:28.9036640Z remote: Compressing objects:  65% (359/552)        
2025-07-10T21:42:28.9048755Z remote: Compressing objects:  66% (365/552)        
2025-07-10T21:42:28.9061433Z remote: Compressing objects:  67% (370/552)        
2025-07-10T21:42:28.9067931Z remote: Compressing objects:  68% (376/552)        
2025-07-10T21:42:28.9077713Z remote: Compressing objects:  69% (381/552)        
2025-07-10T21:42:28.9108912Z remote: Compressing objects:  70% (387/552)        
2025-07-10T21:42:28.9113245Z remote: Compressing objects:  71% (392/552)        
2025-07-10T21:42:28.9120539Z remote: Compressing objects:  72% (398/552)        
2025-07-10T21:42:28.9128758Z remote: Compressing objects:  73% (403/552)        
2025-07-10T21:42:28.9138160Z remote: Compressing objects:  74% (409/552)        
2025-07-10T21:42:28.9143512Z remote: Compressing objects:  75% (414/552)        
2025-07-10T21:42:28.9160014Z remote: Compressing objects:  76% (420/552)        
2025-07-10T21:42:28.9164493Z remote: Compressing objects:  77% (426/552)        
2025-07-10T21:42:28.9168407Z remote: Compressing objects:  78% (431/552)        
2025-07-10T21:42:28.9175727Z remote: Compressing objects:  79% (437/552)        
2025-07-10T21:42:28.9186588Z remote: Compressing objects:  80% (442/552)        
2025-07-10T21:42:28.9196691Z remote: Compressing objects:  81% (448/552)        
2025-07-10T21:42:28.9217110Z remote: Compressing objects:  82% (453/552)        
2025-07-10T21:42:28.9219192Z remote: Compressing objects:  83% (459/552)        
2025-07-10T21:42:28.9243535Z remote: Compressing objects:  84% (464/552)        
2025-07-10T21:42:28.9246293Z remote: Compressing objects:  85% (470/552)        
2025-07-10T21:42:28.9249198Z remote: Compressing objects:  86% (475/552)        
2025-07-10T21:42:28.9251174Z remote: Compressing objects:  87% (481/552)        
2025-07-10T21:42:28.9252901Z remote: Compressing objects:  88% (486/552)        
2025-07-10T21:42:28.9254309Z remote: Compressing objects:  89% (492/552)        
2025-07-10T21:42:28.9255623Z remote: Compressing objects:  90% (497/552)        
2025-07-10T21:42:28.9256924Z remote: Compressing objects:  91% (503/552)        
2025-07-10T21:42:28.9258198Z remote: Compressing objects:  92% (508/552)        
2025-07-10T21:42:28.9259703Z remote: Compressing objects:  93% (514/552)        
2025-07-10T21:42:28.9261140Z remote: Compressing objects:  94% (519/552)        
2025-07-10T21:42:28.9262607Z remote: Compressing objects:  95% (525/552)        
2025-07-10T21:42:28.9263963Z remote: Compressing objects:  96% (530/552)        
2025-07-10T21:42:28.9265228Z remote: Compressing objects:  97% (536/552)        
2025-07-10T21:42:28.9266487Z remote: Compressing objects:  98% (541/552)        
2025-07-10T21:42:28.9267789Z remote: Compressing objects:  99% (547/552)        
2025-07-10T21:42:28.9269233Z remote: Compressing objects: 100% (552/552)        
2025-07-10T21:42:28.9271029Z remote: Compressing objects: 100% (552/552), done.        
2025-07-10T21:42:28.9279462Z Receiving objects:   0% (1/619)
2025-07-10T21:42:28.9281179Z Receiving objects:   1% (7/619)
2025-07-10T21:42:29.0257387Z Receiving objects:   2% (13/619)
2025-07-10T21:42:29.0343119Z Receiving objects:   3% (19/619)
2025-07-10T21:42:29.0344876Z Receiving objects:   4% (25/619)
2025-07-10T21:42:29.0349567Z Receiving objects:   5% (31/619)
2025-07-10T21:42:29.0353937Z Receiving objects:   6% (38/619)
2025-07-10T21:42:29.0359952Z Receiving objects:   7% (44/619)
2025-07-10T21:42:29.0365087Z Receiving objects:   8% (50/619)
2025-07-10T21:42:29.0382452Z Receiving objects:   9% (56/619)
2025-07-10T21:42:29.0389468Z Receiving objects:  10% (62/619)
2025-07-10T21:42:29.0419353Z Receiving objects:  11% (69/619)
2025-07-10T21:42:29.0420971Z Receiving objects:  12% (75/619)
2025-07-10T21:42:29.0423903Z Receiving objects:  13% (81/619)
2025-07-10T21:42:29.0426919Z Receiving objects:  14% (87/619)
2025-07-10T21:42:29.0433781Z Receiving objects:  15% (93/619)
2025-07-10T21:42:29.0438148Z Receiving objects:  16% (100/619)
2025-07-10T21:42:29.0447037Z Receiving objects:  17% (106/619)
2025-07-10T21:42:29.0450783Z Receiving objects:  18% (112/619)
2025-07-10T21:42:29.0458768Z Receiving objects:  19% (118/619)
2025-07-10T21:42:29.0466885Z Receiving objects:  20% (124/619)
2025-07-10T21:42:29.0478546Z Receiving objects:  21% (130/619)
2025-07-10T21:42:29.0487810Z Receiving objects:  22% (137/619)
2025-07-10T21:42:29.0500632Z Receiving objects:  23% (143/619)
2025-07-10T21:42:29.0508897Z Receiving objects:  24% (149/619)
2025-07-10T21:42:29.0517339Z Receiving objects:  25% (155/619)
2025-07-10T21:42:29.0528342Z Receiving objects:  26% (161/619)
2025-07-10T21:42:29.0533772Z Receiving objects:  27% (168/619)
2025-07-10T21:42:29.0538426Z Receiving objects:  28% (174/619)
2025-07-10T21:42:29.0550220Z Receiving objects:  29% (180/619)
2025-07-10T21:42:29.0561801Z Receiving objects:  30% (186/619)
2025-07-10T21:42:29.0571028Z Receiving objects:  31% (192/619)
2025-07-10T21:42:29.0575069Z Receiving objects:  32% (199/619)
2025-07-10T21:42:29.0587195Z Receiving objects:  33% (205/619)
2025-07-10T21:42:29.0593894Z Receiving objects:  34% (211/619)
2025-07-10T21:42:29.0604440Z Receiving objects:  35% (217/619)
2025-07-10T21:42:29.0615234Z Receiving objects:  36% (223/619)
2025-07-10T21:42:29.0625036Z Receiving objects:  37% (230/619)
2025-07-10T21:42:29.0636469Z Receiving objects:  38% (236/619)
2025-07-10T21:42:29.0649886Z Receiving objects:  39% (242/619)
2025-07-10T21:42:29.0657950Z Receiving objects:  40% (248/619)
2025-07-10T21:42:29.0669235Z Receiving objects:  41% (254/619)
2025-07-10T21:42:29.0671429Z Receiving objects:  42% (260/619)
2025-07-10T21:42:29.0674280Z Receiving objects:  43% (267/619)
2025-07-10T21:42:29.0678344Z Receiving objects:  44% (273/619)
2025-07-10T21:42:29.0686875Z Receiving objects:  45% (279/619)
2025-07-10T21:42:29.0691331Z Receiving objects:  46% (285/619)
2025-07-10T21:42:29.0692868Z Receiving objects:  47% (291/619)
2025-07-10T21:42:29.0696553Z Receiving objects:  48% (298/619)
2025-07-10T21:42:29.0700715Z Receiving objects:  49% (304/619)
2025-07-10T21:42:29.0702112Z Receiving objects:  50% (310/619)
2025-07-10T21:42:29.0706112Z Receiving objects:  51% (316/619)
2025-07-10T21:42:29.0708118Z Receiving objects:  52% (322/619)
2025-07-10T21:42:29.0709838Z Receiving objects:  53% (329/619)
2025-07-10T21:42:29.0710627Z Receiving objects:  54% (335/619)
2025-07-10T21:42:29.0711326Z Receiving objects:  55% (341/619)
2025-07-10T21:42:29.0712035Z Receiving objects:  56% (347/619)
2025-07-10T21:42:29.0714179Z Receiving objects:  57% (353/619)
2025-07-10T21:42:29.0720919Z Receiving objects:  58% (360/619)
2025-07-10T21:42:29.0722508Z Receiving objects:  59% (366/619)
2025-07-10T21:42:29.0756975Z Receiving objects:  60% (372/619)
2025-07-10T21:42:29.0763307Z Receiving objects:  61% (378/619)
2025-07-10T21:42:29.0777940Z Receiving objects:  62% (384/619)
2025-07-10T21:42:29.0789752Z Receiving objects:  63% (390/619)
2025-07-10T21:42:29.0795715Z Receiving objects:  64% (397/619)
2025-07-10T21:42:29.0804408Z Receiving objects:  65% (403/619)
2025-07-10T21:42:29.0807535Z Receiving objects:  66% (409/619)
2025-07-10T21:42:29.0810690Z Receiving objects:  67% (415/619)
2025-07-10T21:42:29.0812930Z Receiving objects:  68% (421/619)
2025-07-10T21:42:29.0814260Z Receiving objects:  69% (428/619)
2025-07-10T21:42:29.0820250Z Receiving objects:  70% (434/619)
2025-07-10T21:42:29.0829799Z Receiving objects:  71% (440/619)
2025-07-10T21:42:29.0836754Z Receiving objects:  72% (446/619)
2025-07-10T21:42:29.0846163Z Receiving objects:  73% (452/619)
2025-07-10T21:42:29.0853842Z Receiving objects:  74% (459/619)
2025-07-10T21:42:29.0862980Z Receiving objects:  75% (465/619)
2025-07-10T21:42:29.0868096Z Receiving objects:  76% (471/619)
2025-07-10T21:42:29.0872390Z Receiving objects:  77% (477/619)
2025-07-10T21:42:29.0876203Z Receiving objects:  78% (483/619)
2025-07-10T21:42:29.0880227Z Receiving objects:  79% (490/619)
2025-07-10T21:42:29.0883641Z Receiving objects:  80% (496/619)
2025-07-10T21:42:29.0889191Z Receiving objects:  81% (502/619)
2025-07-10T21:42:29.0896522Z Receiving objects:  82% (508/619)
2025-07-10T21:42:29.0904572Z Receiving objects:  83% (514/619)
2025-07-10T21:42:29.0911302Z Receiving objects:  84% (520/619)
2025-07-10T21:42:29.0915089Z Receiving objects:  85% (527/619)
2025-07-10T21:42:29.0920477Z Receiving objects:  86% (533/619)
2025-07-10T21:42:29.0926426Z Receiving objects:  87% (539/619)
2025-07-10T21:42:29.0932389Z Receiving objects:  88% (545/619)
2025-07-10T21:42:29.0942939Z Receiving objects:  89% (551/619)
2025-07-10T21:42:29.0950669Z Receiving objects:  90% (558/619)
2025-07-10T21:42:29.0954840Z Receiving objects:  91% (564/619)
2025-07-10T21:42:29.1010557Z Receiving objects:  92% (570/619)
2025-07-10T21:42:29.1015902Z Receiving objects:  93% (576/619)
2025-07-10T21:42:29.1024226Z Receiving objects:  94% (582/619)
2025-07-10T21:42:29.1034707Z Receiving objects:  95% (589/619)
2025-07-10T21:42:29.1040060Z Receiving objects:  96% (595/619)
2025-07-10T21:42:29.1050112Z Receiving objects:  97% (601/619)
2025-07-10T21:42:29.1054500Z Receiving objects:  98% (607/619)
2025-07-10T21:42:29.5869241Z Receiving objects:  99% (613/619)
2025-07-10T21:42:29.5870721Z remote: Total 619 (delta 69), reused 291 (delta 53), pack-reused 0 (from 0)        
2025-07-10T21:42:29.5880158Z Receiving objects: 100% (619/619), 22.23 MiB | 44.46 MiB/s
2025-07-10T21:42:29.5881182Z Receiving objects: 100% (619/619), 32.45 MiB | 49.15 MiB/s, done.
2025-07-10T21:42:29.5884881Z Resolving deltas:   0% (0/69)
2025-07-10T21:42:29.5886807Z Resolving deltas:   1% (1/69)
2025-07-10T21:42:29.5887844Z Resolving deltas:   2% (2/69)
2025-07-10T21:42:29.5889159Z Resolving deltas:   4% (3/69)
2025-07-10T21:42:29.5890968Z Resolving deltas:   5% (4/69)
2025-07-10T21:42:29.5891466Z Resolving deltas:   7% (5/69)
2025-07-10T21:42:29.5892041Z Resolving deltas:   8% (6/69)
2025-07-10T21:42:29.5892516Z Resolving deltas:  10% (7/69)
2025-07-10T21:42:29.5893086Z Resolving deltas:  11% (8/69)
2025-07-10T21:42:29.5893574Z Resolving deltas:  13% (9/69)
2025-07-10T21:42:29.5894138Z Resolving deltas:  14% (10/69)
2025-07-10T21:42:29.5894703Z Resolving deltas:  15% (11/69)
2025-07-10T21:42:29.5895160Z Resolving deltas:  17% (12/69)
2025-07-10T21:42:29.5895634Z Resolving deltas:  18% (13/69)
2025-07-10T21:42:29.5896099Z Resolving deltas:  20% (14/69)
2025-07-10T21:42:29.5900024Z Resolving deltas:  21% (15/69)
2025-07-10T21:42:29.5900576Z Resolving deltas:  23% (16/69)
2025-07-10T21:42:29.5901040Z Resolving deltas:  24% (17/69)
2025-07-10T21:42:29.5903435Z Resolving deltas:  26% (18/69)
2025-07-10T21:42:29.5903921Z Resolving deltas:  27% (19/69)
2025-07-10T21:42:29.5904363Z Resolving deltas:  28% (20/69)
2025-07-10T21:42:29.5909436Z Resolving deltas:  30% (21/69)
2025-07-10T21:42:29.5910306Z Resolving deltas:  31% (22/69)
2025-07-10T21:42:29.5911175Z Resolving deltas:  33% (23/69)
2025-07-10T21:42:29.5912095Z Resolving deltas:  34% (24/69)
2025-07-10T21:42:29.5913123Z Resolving deltas:  36% (25/69)
2025-07-10T21:42:29.5914287Z Resolving deltas:  37% (26/69)
2025-07-10T21:42:29.5914952Z Resolving deltas:  39% (27/69)
2025-07-10T21:42:29.5915752Z Resolving deltas:  40% (28/69)
2025-07-10T21:42:29.5916640Z Resolving deltas:  42% (29/69)
2025-07-10T21:42:29.5917184Z Resolving deltas:  43% (30/69)
2025-07-10T21:42:29.5917655Z Resolving deltas:  44% (31/69)
2025-07-10T21:42:29.5918095Z Resolving deltas:  46% (32/69)
2025-07-10T21:42:29.5918523Z Resolving deltas:  47% (33/69)
2025-07-10T21:42:29.5919204Z Resolving deltas:  49% (34/69)
2025-07-10T21:42:29.5919656Z Resolving deltas:  50% (35/69)
2025-07-10T21:42:29.5920122Z Resolving deltas:  52% (36/69)
2025-07-10T21:42:29.5920594Z Resolving deltas:  53% (37/69)
2025-07-10T21:42:29.5921063Z Resolving deltas:  55% (38/69)
2025-07-10T21:42:29.5921545Z Resolving deltas:  56% (39/69)
2025-07-10T21:42:29.5922078Z Resolving deltas:  57% (40/69)
2025-07-10T21:42:29.5922508Z Resolving deltas:  60% (42/69)
2025-07-10T21:42:29.5922933Z Resolving deltas:  62% (43/69)
2025-07-10T21:42:29.5923380Z Resolving deltas:  63% (44/69)
2025-07-10T21:42:29.5923807Z Resolving deltas:  65% (45/69)
2025-07-10T21:42:29.5924231Z Resolving deltas:  66% (46/69)
2025-07-10T21:42:29.5926633Z Resolving deltas:  68% (47/69)
2025-07-10T21:42:29.5927134Z Resolving deltas:  69% (48/69)
2025-07-10T21:42:29.5927587Z Resolving deltas:  71% (49/69)
2025-07-10T21:42:29.5928101Z Resolving deltas:  72% (50/69)
2025-07-10T21:42:29.5928585Z Resolving deltas:  73% (51/69)
2025-07-10T21:42:29.5929206Z Resolving deltas:  75% (52/69)
2025-07-10T21:42:29.5929660Z Resolving deltas:  76% (53/69)
2025-07-10T21:42:29.5930098Z Resolving deltas:  78% (54/69)
2025-07-10T21:42:29.5930530Z Resolving deltas:  79% (55/69)
2025-07-10T21:42:29.5930961Z Resolving deltas:  81% (56/69)
2025-07-10T21:42:29.5931401Z Resolving deltas:  82% (57/69)
2025-07-10T21:42:29.5932100Z Resolving deltas:  84% (58/69)
2025-07-10T21:42:29.5932530Z Resolving deltas:  85% (59/69)
2025-07-10T21:42:29.5932953Z Resolving deltas:  86% (60/69)
2025-07-10T21:42:29.5933390Z Resolving deltas:  88% (61/69)
2025-07-10T21:42:29.5933843Z Resolving deltas:  89% (62/69)
2025-07-10T21:42:29.5934258Z Resolving deltas:  91% (63/69)
2025-07-10T21:42:29.5934677Z Resolving deltas:  92% (64/69)
2025-07-10T21:42:29.5935087Z Resolving deltas:  94% (65/69)
2025-07-10T21:42:29.5935506Z Resolving deltas:  95% (66/69)
2025-07-10T21:42:29.5935920Z Resolving deltas:  97% (67/69)
2025-07-10T21:42:29.5936277Z Resolving deltas:  98% (68/69)
2025-07-10T21:42:29.5936542Z Resolving deltas: 100% (69/69)
2025-07-10T21:42:29.5936813Z Resolving deltas: 100% (69/69), done.
2025-07-10T21:42:29.6162602Z From https://github.com/mirqtio/LeadFactory_v1
2025-07-10T21:42:29.6163288Z  * [new ref]         b15afba254e250250746d26a4f228f55d5b82ea9 -> origin/fix/ci-green
2025-07-10T21:42:29.6190450Z ##[endgroup]
2025-07-10T21:42:29.6191234Z ##[group]Determining the checkout info
2025-07-10T21:42:29.6192975Z ##[endgroup]
2025-07-10T21:42:29.6193742Z ##[group]Checking out the ref
2025-07-10T21:42:29.6198190Z [command]/usr/bin/git checkout --progress --force -B fix/ci-green refs/remotes/origin/fix/ci-green
2025-07-10T21:42:29.8394481Z Switched to a new branch 'fix/ci-green'
2025-07-10T21:42:29.8395657Z branch 'fix/ci-green' set up to track 'origin/fix/ci-green'.
2025-07-10T21:42:29.8416238Z ##[endgroup]
2025-07-10T21:42:29.8460122Z [command]/usr/bin/git log -1 --format='%H'
2025-07-10T21:42:29.8484289Z 'b15afba254e250250746d26a4f228f55d5b82ea9'
2025-07-10T21:42:29.8761866Z ##[group]Run actions/setup-python@v4
2025-07-10T21:42:29.8762128Z with:
2025-07-10T21:42:29.8762303Z   python-version: 3.11
2025-07-10T21:42:29.8762509Z   check-latest: false
2025-07-10T21:42:29.8762817Z   token: ***
2025-07-10T21:42:29.8762995Z   update-environment: true
2025-07-10T21:42:29.8763207Z   allow-prereleases: false
2025-07-10T21:42:29.8763412Z ##[endgroup]
2025-07-10T21:42:30.0424556Z ##[group]Installed versions
2025-07-10T21:42:30.0561586Z Successfully set up CPython (3.11.13)
2025-07-10T21:42:30.0562461Z ##[endgroup]
2025-07-10T21:42:30.0674388Z ##[group]Run python -m venv .venv
2025-07-10T21:42:30.0674746Z [36;1mpython -m venv .venv[0m
2025-07-10T21:42:30.0674990Z [36;1msource .venv/bin/activate[0m
2025-07-10T21:42:30.0675297Z [36;1mpython -m pip install --upgrade pip==23.3.1[0m
2025-07-10T21:42:30.0675671Z [36;1mpip install --require-hashes -r requirements.lock[0m
2025-07-10T21:42:30.0776830Z shell: /usr/bin/bash -e {0}
2025-07-10T21:42:30.0777062Z env:
2025-07-10T21:42:30.0777305Z   pythonLocation: /opt/hostedtoolcache/Python/3.11.13/x64
2025-07-10T21:42:30.0777712Z   PKG_CONFIG_PATH: /opt/hostedtoolcache/Python/3.11.13/x64/lib/pkgconfig
2025-07-10T21:42:30.0778111Z   Python_ROOT_DIR: /opt/hostedtoolcache/Python/3.11.13/x64
2025-07-10T21:42:30.0778454Z   Python2_ROOT_DIR: /opt/hostedtoolcache/Python/3.11.13/x64
2025-07-10T21:42:30.0778809Z   Python3_ROOT_DIR: /opt/hostedtoolcache/Python/3.11.13/x64
2025-07-10T21:42:30.0779428Z   LD_LIBRARY_PATH: /opt/hostedtoolcache/Python/3.11.13/x64/lib
2025-07-10T21:42:30.0779758Z ##[endgroup]
2025-07-10T21:42:34.9838719Z Collecting pip==23.3.1
2025-07-10T21:42:35.0189398Z   Downloading pip-23.3.1-py3-none-any.whl.metadata (3.5 kB)
2025-07-10T21:42:35.0317514Z Downloading pip-23.3.1-py3-none-any.whl (2.1 MB)
2025-07-10T21:42:35.0811416Z    ━━━━━━━━━━━━━━━━━━━━━━━━━━━━━━━━━━━━━━━━ 2.1/2.1 MB 44.9 MB/s eta 0:00:00
2025-07-10T21:42:35.1212234Z Installing collected packages: pip
2025-07-10T21:42:35.1213572Z   Attempting uninstall: pip
2025-07-10T21:42:35.1231181Z     Found existing installation: pip 24.0
2025-07-10T21:42:35.1607904Z     Uninstalling pip-24.0:
2025-07-10T21:42:35.1667809Z       Successfully uninstalled pip-24.0
2025-07-10T21:42:36.2414469Z Successfully installed pip-23.3.1
2025-07-10T21:42:36.4679752Z 
2025-07-10T21:42:36.4680323Z [notice] A new release of pip is available: 23.3.1 -> 25.1.1
2025-07-10T21:42:36.4681117Z [notice] To update, run: pip install --upgrade pip
2025-07-10T21:42:37.6609350Z Collecting aiohttp==3.9.1 (from -r requirements.lock (line 7))
2025-07-10T21:42:37.6989345Z   Downloading aiohttp-3.9.1-cp311-cp311-manylinux_2_17_x86_64.manylinux2014_x86_64.whl (1.3 MB)
2025-07-10T21:42:37.7337144Z      ━━━━━━━━━━━━━━━━━━━━━━━━━━━━━━━━━━━━━━━━ 1.3/1.3 MB 40.0 MB/s eta 0:00:00
2025-07-10T21:42:37.7516821Z Collecting aiosignal==1.4.0 (from -r requirements.lock (line 85))
2025-07-10T21:42:37.7560529Z   Downloading aiosignal-1.4.0-py3-none-any.whl (7.5 kB)
2025-07-10T21:42:37.7766377Z Collecting aiosqlite==0.21.0 (from -r requirements.lock (line 89))
2025-07-10T21:42:37.7809635Z   Downloading aiosqlite-0.21.0-py3-none-any.whl (15 kB)
2025-07-10T21:42:37.8224960Z Collecting alembic==1.12.1 (from -r requirements.lock (line 93))
2025-07-10T21:42:37.8306410Z   Downloading alembic-1.12.1-py3-none-any.whl (226 kB)
2025-07-10T21:42:37.8371938Z      ━━━━━━━━━━━━━━━━━━━━━━━━━━━━━━━━━━━━━━ 226.8/226.8 kB 50.3 MB/s eta 0:00:00
2025-07-10T21:42:37.8524630Z Collecting annotated-types==0.7.0 (from -r requirements.lock (line 99))
2025-07-10T21:42:37.8563415Z   Downloading annotated_types-0.7.0-py3-none-any.whl (13 kB)
2025-07-10T21:42:37.8865823Z Collecting anyio==3.7.1 (from -r requirements.lock (line 103))
2025-07-10T21:42:37.8906492Z   Downloading anyio-3.7.1-py3-none-any.whl (80 kB)
2025-07-10T21:42:37.8960677Z      ━━━━━━━━━━━━━━━━━━━━━━━━━━━━━━━━━━━━━━━━ 80.9/80.9 kB 25.1 MB/s eta 0:00:00
2025-07-10T21:42:37.9286954Z Collecting apprise==1.9.3 (from -r requirements.lock (line 113))
2025-07-10T21:42:37.9357125Z   Downloading apprise-1.9.3-py3-none-any.whl (1.4 MB)
2025-07-10T21:42:37.9542675Z      ━━━━━━━━━━━━━━━━━━━━━━━━━━━━━━━━━━━━━━━━ 1.4/1.4 MB 81.3 MB/s eta 0:00:00
2025-07-10T21:42:37.9746756Z Collecting asgi-lifespan==2.1.0 (from -r requirements.lock (line 117))
2025-07-10T21:42:37.9795049Z   Downloading asgi_lifespan-2.1.0-py3-none-any.whl (10 kB)
2025-07-10T21:42:37.9986259Z Collecting async-timeout==5.0.1 (from -r requirements.lock (line 121))
2025-07-10T21:42:38.0025126Z   Downloading async_timeout-5.0.1-py3-none-any.whl (6.2 kB)
2025-07-10T21:42:38.0542112Z Collecting asyncpg==0.29.0 (from -r requirements.lock (line 125))
2025-07-10T21:42:38.0626834Z   Downloading asyncpg-0.29.0-cp311-cp311-manylinux_2_17_x86_64.manylinux2014_x86_64.whl (2.8 MB)
2025-07-10T21:42:38.0887564Z      ━━━━━━━━━━━━━━━━━━━━━━━━━━━━━━━━━━━━━━━━ 2.8/2.8 MB 116.5 MB/s eta 0:00:00
2025-07-10T21:42:38.1142103Z Collecting attrs==25.3.0 (from -r requirements.lock (line 170))
2025-07-10T21:42:38.1185374Z   Downloading attrs-25.3.0-py3-none-any.whl (63 kB)
2025-07-10T21:42:38.1228212Z      ━━━━━━━━━━━━━━━━━━━━━━━━━━━━━━━━━━━━━━━━ 63.8/63.8 kB 22.2 MB/s eta 0:00:00
2025-07-10T21:42:38.1715528Z Collecting bcrypt==4.3.0 (from -r requirements.lock (line 177))
2025-07-10T21:42:38.1760035Z   Downloading bcrypt-4.3.0-cp39-abi3-manylinux_2_34_x86_64.whl (284 kB)
2025-07-10T21:42:38.1822413Z      ━━━━━━━━━━━━━━━━━━━━━━━━━━━━━━━━━━━━━━ 284.2/284.2 kB 65.7 MB/s eta 0:00:00
2025-07-10T21:42:38.2066260Z Collecting beautifulsoup4==4.12.0 (from -r requirements.lock (line 230))
2025-07-10T21:42:38.2113588Z   Downloading beautifulsoup4-4.12.0-py3-none-any.whl (132 kB)
2025-07-10T21:42:38.2161977Z      ━━━━━━━━━━━━━━━━━━━━━━━━━━━━━━━━━━━━━━ 132.2/132.2 kB 43.0 MB/s eta 0:00:00
2025-07-10T21:42:38.2393056Z Collecting cachetools==5.5.2 (from -r requirements.lock (line 234))
2025-07-10T21:42:38.2433099Z   Downloading cachetools-5.5.2-py3-none-any.whl (10 kB)
2025-07-10T21:42:38.2690772Z Collecting certifi==2025.7.9 (from -r requirements.lock (line 238))
2025-07-10T21:42:38.2736475Z   Downloading certifi-2025.7.9-py3-none-any.whl (159 kB)
2025-07-10T21:42:38.2785426Z      ━━━━━━━━━━━━━━━━━━━━━━━━━━━━━━━━━━━━━━ 159.2/159.2 kB 52.9 MB/s eta 0:00:00
2025-07-10T21:42:38.4194857Z Collecting cffi==1.17.1 (from -r requirements.lock (line 248))
2025-07-10T21:42:38.4239790Z   Downloading cffi-1.17.1-cp311-cp311-manylinux_2_17_x86_64.manylinux2014_x86_64.whl (467 kB)
2025-07-10T21:42:38.4313090Z      ━━━━━━━━━━━━━━━━━━━━━━━━━━━━━━━━━━━━━━ 467.2/467.2 kB 88.9 MB/s eta 0:00:00
2025-07-10T21:42:38.5179822Z Collecting charset-normalizer==3.4.2 (from -r requirements.lock (line 317))
2025-07-10T21:42:38.5226463Z   Downloading charset_normalizer-3.4.2-cp311-cp311-manylinux_2_17_x86_64.manylinux2014_x86_64.whl (147 kB)
2025-07-10T21:42:38.5278102Z      ━━━━━━━━━━━━━━━━━━━━━━━━━━━━━━━━━━━━━━ 147.3/147.3 kB 43.8 MB/s eta 0:00:00
2025-07-10T21:42:38.5529589Z Collecting click==8.1.7 (from -r requirements.lock (line 411))
2025-07-10T21:42:38.5584608Z   Downloading click-8.1.7-py3-none-any.whl (97 kB)
2025-07-10T21:42:38.5629387Z      ━━━━━━━━━━━━━━━━━━━━━━━━━━━━━━━━━━━━━━━━ 97.9/97.9 kB 32.6 MB/s eta 0:00:00
2025-07-10T21:42:38.5834452Z Collecting cloudpickle==3.1.1 (from -r requirements.lock (line 420))
2025-07-10T21:42:38.5877296Z   Downloading cloudpickle-3.1.1-py3-none-any.whl (20 kB)
2025-07-10T21:42:38.6112560Z Collecting colorama==0.4.6 (from -r requirements.lock (line 424))
2025-07-10T21:42:38.6155108Z   Downloading colorama-0.4.6-py2.py3-none-any.whl (25 kB)
2025-07-10T21:42:38.6313825Z Collecting coolname==2.2.0 (from -r requirements.lock (line 428))
2025-07-10T21:42:38.6353284Z   Downloading coolname-2.2.0-py2.py3-none-any.whl (37 kB)
2025-07-10T21:42:39.0168074Z Collecting coverage==7.9.2 (from coverage[toml]==7.9.2->-r requirements.lock (line 432))
2025-07-10T21:42:39.0214195Z   Downloading coverage-7.9.2-cp311-cp311-manylinux_2_5_x86_64.manylinux1_x86_64.manylinux_2_17_x86_64.manylinux2014_x86_64.whl (244 kB)
2025-07-10T21:42:39.0269511Z      ━━━━━━━━━━━━━━━━━━━━━━━━━━━━━━━━━━━━━━ 244.6/244.6 kB 67.8 MB/s eta 0:00:00
2025-07-10T21:42:39.0725475Z Collecting croniter==2.0.7 (from -r requirements.lock (line 503))
2025-07-10T21:42:39.0771399Z   Downloading croniter-2.0.7-py2.py3-none-any.whl (21 kB)
2025-07-10T21:42:39.2863548Z Collecting cryptography==41.0.7 (from -r requirements.lock (line 507))
2025-07-10T21:42:39.2912879Z   Downloading cryptography-41.0.7-cp37-abi3-manylinux_2_28_x86_64.whl (4.4 MB)
2025-07-10T21:42:39.3245892Z      ━━━━━━━━━━━━━━━━━━━━━━━━━━━━━━━━━━━━━━━━ 4.4/4.4 MB 140.7 MB/s eta 0:00:00
2025-07-10T21:42:39.3573706Z Collecting dateparser==1.2.0 (from -r requirements.lock (line 534))
2025-07-10T21:42:39.3616314Z   Downloading dateparser-1.2.0-py2.py3-none-any.whl (294 kB)
2025-07-10T21:42:39.3673796Z      ━━━━━━━━━━━━━━━━━━━━━━━━━━━━━━━━━━━━━━ 295.0/295.0 kB 77.8 MB/s eta 0:00:00
2025-07-10T21:42:39.3843494Z Collecting distro==1.9.0 (from -r requirements.lock (line 538))
2025-07-10T21:42:39.3882699Z   Downloading distro-1.9.0-py3-none-any.whl (20 kB)
2025-07-10T21:42:39.4093905Z Collecting dnspython==2.7.0 (from -r requirements.lock (line 542))
2025-07-10T21:42:39.4134137Z   Downloading dnspython-2.7.0-py3-none-any.whl (313 kB)
2025-07-10T21:42:39.4193590Z      ━━━━━━━━━━━━━━━━━━━━━━━━━━━━━━━━━━━━━━ 313.6/313.6 kB 76.0 MB/s eta 0:00:00
2025-07-10T21:42:39.4515112Z Collecting docker==6.1.3 (from -r requirements.lock (line 546))
2025-07-10T21:42:39.4565378Z   Downloading docker-6.1.3-py3-none-any.whl (148 kB)
2025-07-10T21:42:39.4615626Z      ━━━━━━━━━━━━━━━━━━━━━━━━━━━━━━━━━━━━━━ 148.1/148.1 kB 46.6 MB/s eta 0:00:00
2025-07-10T21:42:39.4811160Z Collecting email-validator==2.1.0 (from -r requirements.lock (line 550))
2025-07-10T21:42:39.4872037Z   Downloading email_validator-2.1.0-py3-none-any.whl (32 kB)
2025-07-10T21:42:39.5028041Z Collecting et-xmlfile==2.0.0 (from -r requirements.lock (line 556))
2025-07-10T21:42:39.5065554Z   Downloading et_xmlfile-2.0.0-py3-none-any.whl (18 kB)
2025-07-10T21:42:39.5803304Z Collecting fastapi==0.104.1 (from -r requirements.lock (line 560))
2025-07-10T21:42:39.5859572Z   Downloading fastapi-0.104.1-py3-none-any.whl (92 kB)
2025-07-10T21:42:39.5911241Z      ━━━━━━━━━━━━━━━━━━━━━━━━━━━━━━━━━━━━━━━━ 92.9/92.9 kB 26.2 MB/s eta 0:00:00
2025-07-10T21:42:39.6655556Z Collecting frozenlist==1.7.0 (from -r requirements.lock (line 566))
2025-07-10T21:42:39.6701440Z   Downloading frozenlist-1.7.0-cp311-cp311-manylinux_2_5_x86_64.manylinux1_x86_64.manylinux_2_17_x86_64.manylinux2014_x86_64.whl (235 kB)
2025-07-10T21:42:39.6756870Z      ━━━━━━━━━━━━━━━━━━━━━━━━━━━━━━━━━━━━━━ 235.3/235.3 kB 65.0 MB/s eta 0:00:00
2025-07-10T21:42:39.7085705Z Collecting fsspec==2025.5.1 (from -r requirements.lock (line 674))
2025-07-10T21:42:39.7127154Z   Downloading fsspec-2025.5.1-py3-none-any.whl (199 kB)
2025-07-10T21:42:39.7179714Z      ━━━━━━━━━━━━━━━━━━━━━━━━━━━━━━━━━━━━━━ 199.1/199.1 kB 58.1 MB/s eta 0:00:00
2025-07-10T21:42:39.7407855Z Collecting geographiclib==2.0 (from -r requirements.lock (line 678))
2025-07-10T21:42:39.7450415Z   Downloading geographiclib-2.0-py3-none-any.whl (40 kB)
2025-07-10T21:42:39.7491356Z      ━━━━━━━━━━━━━━━━━━━━━━━━━━━━━━━━━━━━━━━━ 40.3/40.3 kB 13.7 MB/s eta 0:00:00
2025-07-10T21:42:39.7726417Z Collecting geopy==2.4.1 (from -r requirements.lock (line 682))
2025-07-10T21:42:39.7767684Z   Downloading geopy-2.4.1-py3-none-any.whl (125 kB)
2025-07-10T21:42:39.7814871Z      ━━━━━━━━━━━━━━━━━━━━━━━━━━━━━━━━━━━━━━ 125.4/125.4 kB 44.1 MB/s eta 0:00:00
2025-07-10T21:42:39.8426973Z Collecting google-api-core==2.25.1 (from -r requirements.lock (line 686))
2025-07-10T21:42:39.8470535Z   Downloading google_api_core-2.25.1-py3-none-any.whl (160 kB)
2025-07-10T21:42:39.8525064Z      ━━━━━━━━━━━━━━━━━━━━━━━━━━━━━━━━━━━━━━ 160.8/160.8 kB 44.6 MB/s eta 0:00:00
2025-07-10T21:42:39.9964334Z Collecting google-api-python-client==2.100.0 (from -r requirements.lock (line 690))
2025-07-10T21:42:40.0018281Z   Downloading google_api_python_client-2.100.0-py2.py3-none-any.whl (12.2 MB)
2025-07-10T21:42:40.0943128Z      ━━━━━━━━━━━━━━━━━━━━━━━━━━━━━━━━━━━━━━━ 12.2/12.2 MB 132.0 MB/s eta 0:00:00
2025-07-10T21:42:40.1838257Z Collecting google-auth==2.40.3 (from -r requirements.lock (line 693))
2025-07-10T21:42:40.1884823Z   Downloading google_auth-2.40.3-py2.py3-none-any.whl (216 kB)
2025-07-10T21:42:40.1944931Z      ━━━━━━━━━━━━━━━━━━━━━━━━━━━━━━━━━━━━━━ 216.1/216.1 kB 52.6 MB/s eta 0:00:00
2025-07-10T21:42:40.2100868Z Collecting google-auth-httplib2==0.2.0 (from -r requirements.lock (line 701))
2025-07-10T21:42:40.2139622Z   Downloading google_auth_httplib2-0.2.0-py2.py3-none-any.whl (9.3 kB)
2025-07-10T21:42:40.2419911Z Collecting googleapis-common-protos==1.70.0 (from -r requirements.lock (line 707))
2025-07-10T21:42:40.2464830Z   Downloading googleapis_common_protos-1.70.0-py3-none-any.whl (294 kB)
2025-07-10T21:42:40.2520489Z      ━━━━━━━━━━━━━━━━━━━━━━━━━━━━━━━━━━━━━━ 294.5/294.5 kB 79.0 MB/s eta 0:00:00
2025-07-10T21:42:40.2845006Z Collecting graphviz==0.21 (from -r requirements.lock (line 711))
2025-07-10T21:42:40.2888589Z   Downloading graphviz-0.21-py3-none-any.whl (47 kB)
2025-07-10T21:42:40.2933248Z      ━━━━━━━━━━━━━━━━━━━━━━━━━━━━━━━━━━━━━━━━ 47.3/47.3 kB 14.5 MB/s eta 0:00:00
2025-07-10T21:42:40.4351901Z Collecting greenlet==3.0.1 (from -r requirements.lock (line 715))
2025-07-10T21:42:40.4414012Z   Downloading greenlet-3.0.1-cp311-cp311-manylinux_2_24_x86_64.manylinux_2_28_x86_64.whl (616 kB)
2025-07-10T21:42:40.4494963Z      ━━━━━━━━━━━━━━━━━━━━━━━━━━━━━━━━━━━━━ 616.7/616.7 kB 101.6 MB/s eta 0:00:00
2025-07-10T21:42:40.5001380Z Collecting griffe==1.7.3 (from -r requirements.lock (line 776))
2025-07-10T21:42:40.5042984Z   Downloading griffe-1.7.3-py3-none-any.whl (129 kB)
2025-07-10T21:42:40.5092041Z      ━━━━━━━━━━━━━━━━━━━━━━━━━━━━━━━━━━━━━━ 129.3/129.3 kB 40.8 MB/s eta 0:00:00
2025-07-10T21:42:40.5341939Z Collecting gunicorn==21.2.0 (from -r requirements.lock (line 780))
2025-07-10T21:42:40.5380789Z   Downloading gunicorn-21.2.0-py3-none-any.whl (80 kB)
2025-07-10T21:42:40.5425290Z      ━━━━━━━━━━━━━━━━━━━━━━━━━━━━━━━━━━━━━━━━ 80.2/80.2 kB 26.2 MB/s eta 0:00:00
2025-07-10T21:42:40.5583483Z Collecting h11==0.16.0 (from -r requirements.lock (line 784))
2025-07-10T21:42:40.5623922Z   Downloading h11-0.16.0-py3-none-any.whl (37 kB)
2025-07-10T21:42:40.5844895Z Collecting h2==4.2.0 (from -r requirements.lock (line 790))
2025-07-10T21:42:40.5884192Z   Downloading h2-4.2.0-py3-none-any.whl (60 kB)
2025-07-10T21:42:40.5925637Z      ━━━━━━━━━━━━━━━━━━━━━━━━━━━━━━━━━━━━━━━━ 61.0/61.0 kB 22.6 MB/s eta 0:00:00
2025-07-10T21:42:40.6076491Z Collecting hpack==4.1.0 (from -r requirements.lock (line 794))
2025-07-10T21:42:40.6121921Z   Downloading hpack-4.1.0-py3-none-any.whl (34 kB)
2025-07-10T21:42:40.6425935Z Collecting httpcore==1.0.9 (from -r requirements.lock (line 798))
2025-07-10T21:42:40.6466055Z   Downloading httpcore-1.0.9-py3-none-any.whl (78 kB)
2025-07-10T21:42:40.6510981Z      ━━━━━━━━━━━━━━━━━━━━━━━━━━━━━━━━━━━━━━━━ 78.8/78.8 kB 26.4 MB/s eta 0:00:00
2025-07-10T21:42:40.6710158Z Collecting httplib2==0.22.0 (from -r requirements.lock (line 804))
2025-07-10T21:42:40.6750128Z   Downloading httplib2-0.22.0-py3-none-any.whl (96 kB)
2025-07-10T21:42:40.6794920Z      ━━━━━━━━━━━━━━━━━━━━━━━━━━━━━━━━━━━━━━━━ 96.9/96.9 kB 32.9 MB/s eta 0:00:00
2025-07-10T21:42:40.7149380Z Collecting httptools==0.6.4 (from -r requirements.lock (line 810))
2025-07-10T21:42:40.7198559Z   Downloading httptools-0.6.4-cp311-cp311-manylinux_2_5_x86_64.manylinux1_x86_64.manylinux_2_17_x86_64.manylinux2014_x86_64.whl (459 kB)
2025-07-10T21:42:40.7272894Z      ━━━━━━━━━━━━━━━━━━━━━━━━━━━━━━━━━━━━━━ 459.8/459.8 kB 85.6 MB/s eta 0:00:00
2025-07-10T21:42:40.7606439Z Collecting httpx==0.25.2 (from httpx[http2]==0.25.2->-r requirements.lock (line 855))
2025-07-10T21:42:40.7647725Z   Downloading httpx-0.25.2-py3-none-any.whl (74 kB)
2025-07-10T21:42:40.7689852Z      ━━━━━━━━━━━━━━━━━━━━━━━━━━━━━━━━━━━━━━━━ 75.0/75.0 kB 27.5 MB/s eta 0:00:00
2025-07-10T21:42:40.7851847Z Collecting hyperframe==6.1.0 (from -r requirements.lock (line 862))
2025-07-10T21:42:40.7893759Z   Downloading hyperframe-6.1.0-py3-none-any.whl (13 kB)
2025-07-10T21:42:40.8125788Z Collecting idna==3.10 (from -r requirements.lock (line 866))
2025-07-10T21:42:40.8165876Z   Downloading idna-3.10-py3-none-any.whl (70 kB)
2025-07-10T21:42:40.8216324Z      ━━━━━━━━━━━━━━━━━━━━━━━━━━━━━━━━━━━━━━━━ 70.4/70.4 kB 18.6 MB/s eta 0:00:00
2025-07-10T21:42:40.8353809Z Collecting iniconfig==2.1.0 (from -r requirements.lock (line 875))
2025-07-10T21:42:40.8396901Z   Downloading iniconfig-2.1.0-py3-none-any.whl (6.0 kB)
2025-07-10T21:42:40.8640861Z Collecting jinja2==3.1.2 (from -r requirements.lock (line 879))
2025-07-10T21:42:40.8683326Z   Downloading Jinja2-3.1.2-py3-none-any.whl (133 kB)
2025-07-10T21:42:40.8730892Z      ━━━━━━━━━━━━━━━━━━━━━━━━━━━━━━━━━━━━━━ 133.1/133.1 kB 44.5 MB/s eta 0:00:00
2025-07-10T21:42:40.8943548Z Collecting jsonpatch==1.33 (from -r requirements.lock (line 885))
2025-07-10T21:42:40.8983655Z   Downloading jsonpatch-1.33-py2.py3-none-any.whl (12 kB)
2025-07-10T21:42:40.9238031Z Collecting jsonpickle==4.1.1 (from -r requirements.lock (line 889))
2025-07-10T21:42:40.9312182Z   Downloading jsonpickle-4.1.1-py3-none-any.whl (47 kB)
2025-07-10T21:42:40.9353686Z      ━━━━━━━━━━━━━━━━━━━━━━━━━━━━━━━━━━━━━━━━ 47.1/47.1 kB 15.6 MB/s eta 0:00:00
2025-07-10T21:42:40.9533805Z Collecting jsonpointer==3.0.0 (from -r requirements.lock (line 893))
2025-07-10T21:42:40.9573075Z   Downloading jsonpointer-3.0.0-py2.py3-none-any.whl (7.6 kB)
2025-07-10T21:42:40.9948811Z Collecting jsonschema==4.24.0 (from -r requirements.lock (line 897))
2025-07-10T21:42:40.9987015Z   Downloading jsonschema-4.24.0-py3-none-any.whl (88 kB)
2025-07-10T21:42:41.0029369Z      ━━━━━━━━━━━━━━━━━━━━━━━━━━━━━━━━━━━━━━━━ 88.7/88.7 kB 32.9 MB/s eta 0:00:00
2025-07-10T21:42:41.0250705Z Collecting jsonschema-specifications==2025.4.1 (from -r requirements.lock (line 901))
2025-07-10T21:42:41.0290924Z   Downloading jsonschema_specifications-2025.4.1-py3-none-any.whl (18 kB)
2025-07-10T21:42:41.0640578Z Collecting kubernetes==28.1.0 (from -r requirements.lock (line 905))
2025-07-10T21:42:41.0723445Z   Downloading kubernetes-28.1.0-py2.py3-none-any.whl (1.6 MB)
2025-07-10T21:42:41.0849512Z      ━━━━━━━━━━━━━━━━━━━━━━━━━━━━━━━━━━━━━━━━ 1.6/1.6 MB 146.6 MB/s eta 0:00:00
2025-07-10T21:42:41.1128370Z Collecting mako==1.3.10 (from -r requirements.lock (line 909))
2025-07-10T21:42:41.1170467Z   Downloading mako-1.3.10-py3-none-any.whl (78 kB)
2025-07-10T21:42:41.1211537Z      ━━━━━━━━━━━━━━━━━━━━━━━━━━━━━━━━━━━━━━━━ 78.5/78.5 kB 28.7 MB/s eta 0:00:00
2025-07-10T21:42:41.1531044Z Collecting markdown==3.8.2 (from -r requirements.lock (line 913))
2025-07-10T21:42:41.1570218Z   Downloading markdown-3.8.2-py3-none-any.whl (106 kB)
2025-07-10T21:42:41.1617504Z      ━━━━━━━━━━━━━━━━━━━━━━━━━━━━━━━━━━━━━━ 106.8/106.8 kB 34.6 MB/s eta 0:00:00
2025-07-10T21:42:41.1866138Z Collecting markdown-it-py==3.0.0 (from -r requirements.lock (line 917))
2025-07-10T21:42:41.1915614Z   Downloading markdown_it_py-3.0.0-py3-none-any.whl (87 kB)
2025-07-10T21:42:41.1959533Z      ━━━━━━━━━━━━━━━━━━━━━━━━━━━━━━━━━━━━━━━━ 87.5/87.5 kB 30.1 MB/s eta 0:00:00
2025-07-10T21:42:41.2541816Z Collecting markupsafe==3.0.2 (from -r requirements.lock (line 921))
2025-07-10T21:42:41.2636639Z   Downloading MarkupSafe-3.0.2-cp311-cp311-manylinux_2_17_x86_64.manylinux2014_x86_64.whl (23 kB)
2025-07-10T21:42:41.2845180Z Collecting mdurl==0.1.2 (from -r requirements.lock (line 986))
2025-07-10T21:42:41.2885819Z   Downloading mdurl-0.1.2-py3-none-any.whl (10.0 kB)
2025-07-10T21:42:41.4005576Z Collecting mock==5.2.0 (from -r requirements.lock (line 990))
2025-07-10T21:42:41.4049681Z   Downloading mock-5.2.0-py3-none-any.whl (31 kB)
2025-07-10T21:42:41.6682693Z Collecting multidict==6.6.3 (from -r requirements.lock (line 994))
2025-07-10T21:42:41.6748171Z   Downloading multidict-6.6.3-cp311-cp311-manylinux2014_x86_64.manylinux_2_17_x86_64.manylinux_2_28_x86_64.whl (246 kB)
2025-07-10T21:42:41.6806494Z      ━━━━━━━━━━━━━━━━━━━━━━━━━━━━━━━━━━━━━━ 246.6/246.6 kB 61.7 MB/s eta 0:00:00
2025-07-10T21:42:41.8784572Z Collecting numpy==1.26.2 (from -r requirements.lock (line 1108))
2025-07-10T21:42:41.8848414Z   Downloading numpy-1.26.2-cp311-cp311-manylinux_2_17_x86_64.manylinux2014_x86_64.whl (18.2 MB)
2025-07-10T21:42:42.0028655Z      ━━━━━━━━━━━━━━━━━━━━━━━━━━━━━━━━━━━━━━━ 18.2/18.2 MB 138.4 MB/s eta 0:00:00
2025-07-10T21:42:42.0415500Z Collecting numpy-financial==1.0.0 (from -r requirements.lock (line 1152))
2025-07-10T21:42:42.0463619Z   Downloading numpy_financial-1.0.0-py3-none-any.whl (14 kB)
2025-07-10T21:42:42.0701303Z Collecting oauthlib==3.3.1 (from -r requirements.lock (line 1156))
2025-07-10T21:42:42.0740266Z   Downloading oauthlib-3.3.1-py3-none-any.whl (160 kB)
2025-07-10T21:42:42.0789937Z      ━━━━━━━━━━━━━━━━━━━━━━━━━━━━━━━━━━━━━━ 160.1/160.1 kB 50.9 MB/s eta 0:00:00
2025-07-10T21:42:42.1641000Z Collecting openai==1.6.1 (from -r requirements.lock (line 1162))
2025-07-10T21:42:42.1701087Z   Downloading openai-1.6.1-py3-none-any.whl (225 kB)
2025-07-10T21:42:42.1758391Z      ━━━━━━━━━━━━━━━━━━━━━━━━━━━━━━━━━━━━━━ 225.4/225.4 kB 60.6 MB/s eta 0:00:00
2025-07-10T21:42:42.2021785Z Collecting openpyxl==3.1.5 (from -r requirements.lock (line 1166))
2025-07-10T21:42:42.2063736Z   Downloading openpyxl-3.1.5-py2.py3-none-any.whl (250 kB)
2025-07-10T21:42:42.2116542Z      ━━━━━━━━━━━━━━━━━━━━━━━━━━━━━━━━━━━━━━ 250.9/250.9 kB 70.0 MB/s eta 0:00:00
2025-07-10T21:42:42.5776663Z Collecting orjson==3.10.18 (from -r requirements.lock (line 1172))
2025-07-10T21:42:42.5824474Z   Downloading orjson-3.10.18-cp311-cp311-manylinux_2_17_x86_64.manylinux2014_x86_64.whl (132 kB)
2025-07-10T21:42:42.5877540Z      ━━━━━━━━━━━━━━━━━━━━━━━━━━━━━━━━━━━━━━ 132.8/132.8 kB 39.0 MB/s eta 0:00:00
2025-07-10T21:42:42.6152315Z Collecting packaging==24.2 (from -r requirements.lock (line 1246))
2025-07-10T21:42:42.6193165Z   Downloading packaging-24.2-py3-none-any.whl (65 kB)
2025-07-10T21:42:42.6239926Z      ━━━━━━━━━━━━━━━━━━━━━━━━━━━━━━━━━━━━━━━━ 65.5/65.5 kB 19.5 MB/s eta 0:00:00
2025-07-10T21:42:42.7532304Z Collecting pandas==2.1.4 (from -r requirements.lock (line 1254))
2025-07-10T21:42:42.7578250Z   Downloading pandas-2.1.4-cp311-cp311-manylinux_2_17_x86_64.manylinux2014_x86_64.whl (12.2 MB)
2025-07-10T21:42:42.8430508Z      ━━━━━━━━━━━━━━━━━━━━━━━━━━━━━━━━━━━━━━━ 12.2/12.2 MB 142.8 MB/s eta 0:00:00
2025-07-10T21:42:42.8769973Z Collecting passlib==1.7.4 (from passlib[bcrypt]==1.7.4->-r requirements.lock (line 1283))
2025-07-10T21:42:42.8811102Z   Downloading passlib-1.7.4-py2.py3-none-any.whl (525 kB)
2025-07-10T21:42:42.8883029Z      ━━━━━━━━━━━━━━━━━━━━━━━━━━━━━━━━━━━━━ 525.6/525.6 kB 103.7 MB/s eta 0:00:00
2025-07-10T21:42:42.9072920Z Collecting pathspec==0.12.1 (from -r requirements.lock (line 1289))
2025-07-10T21:42:42.9117359Z   Downloading pathspec-0.12.1-py3-none-any.whl (31 kB)
2025-07-10T21:42:42.9724127Z Collecting pendulum==2.1.2 (from -r requirements.lock (line 1293))
2025-07-10T21:42:42.9766061Z   Downloading pendulum-2.1.2.tar.gz (81 kB)
2025-07-10T21:42:42.9910317Z      ━━━━━━━━━━━━━━━━━━━━━━━━━━━━━━━━━━━━━━━━ 81.2/81.2 kB 5.8 MB/s eta 0:00:00
2025-07-10T21:42:43.0130319Z   Installing build dependencies: started
2025-07-10T21:42:43.8599931Z   Installing build dependencies: finished with status 'done'
2025-07-10T21:42:43.8606484Z   Getting requirements to build wheel: started
2025-07-10T21:42:43.9406670Z   Getting requirements to build wheel: finished with status 'done'
2025-07-10T21:42:43.9416308Z   Preparing metadata (pyproject.toml): started
2025-07-10T21:42:44.1538272Z   Preparing metadata (pyproject.toml): finished with status 'done'
2025-07-10T21:42:44.2031056Z Collecting playwright==1.40.0 (from -r requirements.lock (line 1316))
2025-07-10T21:42:44.2129848Z   Downloading playwright-1.40.0-py3-none-manylinux1_x86_64.whl (37.2 MB)
2025-07-10T21:42:44.4674806Z      ━━━━━━━━━━━━━━━━━━━━━━━━━━━━━━━━━━━━━━━ 37.2/37.2 MB 101.8 MB/s eta 0:00:00
2025-07-10T21:42:44.5233699Z Collecting pluggy==1.6.0 (from -r requirements.lock (line 1325))
2025-07-10T21:42:44.5274902Z   Downloading pluggy-1.6.0-py3-none-any.whl (20 kB)
2025-07-10T21:42:44.6846460Z Collecting prefect==2.14.9 (from -r requirements.lock (line 1331))
2025-07-10T21:42:44.6913996Z   Downloading prefect-2.14.9-py3-none-any.whl (2.7 MB)
2025-07-10T21:42:44.7414761Z      ━━━━━━━━━━━━━━━━━━━━━━━━━━━━━━━━━━━━━━━━ 2.7/2.7 MB 56.4 MB/s eta 0:00:00
2025-07-10T21:42:44.7674890Z Collecting prometheus-client==0.19.0 (from -r requirements.lock (line 1335))
2025-07-10T21:42:44.7714573Z   Downloading prometheus_client-0.19.0-py3-none-any.whl (54 kB)
2025-07-10T21:42:44.7775454Z      ━━━━━━━━━━━━━━━━━━━━━━━━━━━━━━━━━━━━━━━━ 54.2/54.2 kB 10.2 MB/s eta 0:00:00
2025-07-10T21:42:44.8283221Z Collecting propcache==0.3.2 (from -r requirements.lock (line 1339))
2025-07-10T21:42:44.8325974Z   Downloading propcache-0.3.2-cp311-cp311-manylinux_2_17_x86_64.manylinux2014_x86_64.whl (213 kB)
2025-07-10T21:42:44.8379786Z      ━━━━━━━━━━━━━━━━━━━━━━━━━━━━━━━━━━━━━━ 213.5/213.5 kB 60.6 MB/s eta 0:00:00
2025-07-10T21:42:44.8656600Z Collecting proto-plus==1.26.1 (from -r requirements.lock (line 1439))
2025-07-10T21:42:44.8699775Z   Downloading proto_plus-1.26.1-py3-none-any.whl (50 kB)
2025-07-10T21:42:44.8744738Z      ━━━━━━━━━━━━━━━━━━━━━━━━━━━━━━━━━━━━━━━━ 50.2/50.2 kB 14.7 MB/s eta 0:00:00
2025-07-10T21:42:45.0585094Z Collecting protobuf==6.31.1 (from -r requirements.lock (line 1443))
2025-07-10T21:42:45.0627174Z   Downloading protobuf-6.31.1-cp39-abi3-manylinux2014_x86_64.whl (321 kB)
2025-07-10T21:42:45.0690742Z      ━━━━━━━━━━━━━━━━━━━━━━━━━━━━━━━━━━━━━━ 321.1/321.1 kB 74.0 MB/s eta 0:00:00
2025-07-10T21:42:45.2864119Z Collecting psutil==5.9.0 (from -r requirements.lock (line 1457))
2025-07-10T21:42:45.2988010Z   Downloading psutil-5.9.0.tar.gz (478 kB)
2025-07-10T21:42:45.3059665Z      ━━━━━━━━━━━━━━━━━━━━━━━━━━━━━━━━━━━━━━ 478.3/478.3 kB 93.9 MB/s eta 0:00:00
2025-07-10T21:42:45.3517121Z   Installing build dependencies: started
2025-07-10T21:42:47.0183110Z   Installing build dependencies: finished with status 'done'
2025-07-10T21:42:47.0188812Z   Getting requirements to build wheel: started
2025-07-10T21:42:47.3824248Z   Getting requirements to build wheel: finished with status 'done'
2025-07-10T21:42:47.3833348Z   Preparing metadata (pyproject.toml): started
2025-07-10T21:42:47.5999920Z   Preparing metadata (pyproject.toml): finished with status 'done'
2025-07-10T21:42:47.6738837Z Collecting psycopg2-binary==2.9.9 (from -r requirements.lock (line 1460))
2025-07-10T21:42:47.6805711Z   Downloading psycopg2_binary-2.9.9-cp311-cp311-manylinux_2_17_x86_64.manylinux2014_x86_64.whl (3.0 MB)
2025-07-10T21:42:47.7028766Z      ━━━━━━━━━━━━━━━━━━━━━━━━━━━━━━━━━━━━━━━━ 3.0/3.0 MB 148.9 MB/s eta 0:00:00
2025-07-10T21:42:47.7369530Z Collecting pyasn1==0.6.1 (from -r requirements.lock (line 1534))
2025-07-10T21:42:47.7409303Z   Downloading pyasn1-0.6.1-py3-none-any.whl (83 kB)
2025-07-10T21:42:47.7453032Z      ━━━━━━━━━━━━━━━━━━━━━━━━━━━━━━━━━━━━━━━━ 83.1/83.1 kB 28.6 MB/s eta 0:00:00
2025-07-10T21:42:47.7715617Z Collecting pyasn1-modules==0.4.2 (from -r requirements.lock (line 1540))
2025-07-10T21:42:47.7755907Z   Downloading pyasn1_modules-0.4.2-py3-none-any.whl (181 kB)
2025-07-10T21:42:47.7807298Z      ━━━━━━━━━━━━━━━━━━━━━━━━━━━━━━━━━━━━━━ 181.3/181.3 kB 54.8 MB/s eta 0:00:00
2025-07-10T21:42:47.7960799Z Collecting pycparser==2.22 (from -r requirements.lock (line 1544))
2025-07-10T21:42:47.8001918Z   Downloading pycparser-2.22-py3-none-any.whl (117 kB)
2025-07-10T21:42:47.8049860Z      ━━━━━━━━━━━━━━━━━━━━━━━━━━━━━━━━━━━━━━ 117.6/117.6 kB 37.3 MB/s eta 0:00:00
2025-07-10T21:42:47.9484154Z Collecting pydantic==2.5.0 (from pydantic[email]==2.5.0->-r requirements.lock (line 1548))
2025-07-10T21:42:47.9544806Z   Downloading pydantic-2.5.0-py3-none-any.whl (407 kB)
2025-07-10T21:42:47.9612647Z      ━━━━━━━━━━━━━━━━━━━━━━━━━━━━━━━━━━━━━━ 407.5/407.5 kB 86.6 MB/s eta 0:00:00
2025-07-10T21:42:48.7787784Z Collecting pydantic-core==2.14.1 (from -r requirements.lock (line 1557))
2025-07-10T21:42:48.7868549Z   Downloading pydantic_core-2.14.1-cp311-cp311-manylinux_2_17_x86_64.manylinux2014_x86_64.whl (2.1 MB)
2025-07-10T21:42:48.8037630Z      ━━━━━━━━━━━━━━━━━━━━━━━━━━━━━━━━━━━━━━━━ 2.1/2.1 MB 136.2 MB/s eta 0:00:00
2025-07-10T21:42:48.8284983Z Collecting pydantic-settings==2.1.0 (from -r requirements.lock (line 1660))
2025-07-10T21:42:48.8341611Z   Downloading pydantic_settings-2.1.0-py3-none-any.whl (11 kB)
2025-07-10T21:42:48.8578299Z Collecting pyee==11.0.1 (from -r requirements.lock (line 1664))
2025-07-10T21:42:48.8635304Z   Downloading pyee-11.0.1-py3-none-any.whl (15 kB)
2025-07-10T21:42:48.8948794Z Collecting pygments==2.19.2 (from -r requirements.lock (line 1668))
2025-07-10T21:42:48.8992784Z   Downloading pygments-2.19.2-py3-none-any.whl (1.2 MB)
2025-07-10T21:42:48.9105727Z      ━━━━━━━━━━━━━━━━━━━━━━━━━━━━━━━━━━━━━━━━ 1.2/1.2 MB 127.7 MB/s eta 0:00:00
2025-07-10T21:42:48.9356863Z Collecting pyjwt==2.8.0 (from -r requirements.lock (line 1674))
2025-07-10T21:42:48.9400083Z   Downloading PyJWT-2.8.0-py3-none-any.whl (22 kB)
2025-07-10T21:42:48.9911297Z Collecting pyparsing==3.2.3 (from -r requirements.lock (line 1678))
2025-07-10T21:42:48.9955494Z   Downloading pyparsing-3.2.3-py3-none-any.whl (111 kB)
2025-07-10T21:42:49.0006077Z      ━━━━━━━━━━━━━━━━━━━━━━━━━━━━━━━━━━━━━━ 111.1/111.1 kB 33.3 MB/s eta 0:00:00
2025-07-10T21:42:49.0597118Z Collecting pytest==8.4.1 (from -r requirements.lock (line 1682))
2025-07-10T21:42:49.0645829Z   Downloading pytest-8.4.1-py3-none-any.whl (365 kB)
2025-07-10T21:42:49.0730550Z      ━━━━━━━━━━━━━━━━━━━━━━━━━━━━━━━━━━━━━━ 365.5/365.5 kB 54.6 MB/s eta 0:00:00
2025-07-10T21:42:49.1102084Z Collecting pytest-asyncio==1.0.0 (from -r requirements.lock (line 1691))
2025-07-10T21:42:49.1151931Z   Downloading pytest_asyncio-1.0.0-py3-none-any.whl (15 kB)
2025-07-10T21:42:49.1433649Z Collecting pytest-cov==6.2.1 (from -r requirements.lock (line 1695))
2025-07-10T21:42:49.1474168Z   Downloading pytest_cov-6.2.1-py3-none-any.whl (24 kB)
2025-07-10T21:42:49.1689452Z Collecting pytest-env==1.1.5 (from -r requirements.lock (line 1699))
2025-07-10T21:42:49.1730689Z   Downloading pytest_env-1.1.5-py3-none-any.whl (6.1 kB)
2025-07-10T21:42:49.2086390Z Collecting pytest-mock==3.14.1 (from -r requirements.lock (line 1703))
2025-07-10T21:42:49.2126726Z   Downloading pytest_mock-3.14.1-py3-none-any.whl (9.9 kB)
2025-07-10T21:42:49.2372524Z Collecting python-dateutil==2.8.2 (from -r requirements.lock (line 1707))
2025-07-10T21:42:49.2413700Z   Downloading python_dateutil-2.8.2-py2.py3-none-any.whl (247 kB)
2025-07-10T21:42:49.2467043Z      ━━━━━━━━━━━━━━━━━━━━━━━━━━━━━━━━━━━━━━ 247.7/247.7 kB 72.4 MB/s eta 0:00:00
2025-07-10T21:42:49.2678570Z Collecting python-dotenv==1.0.0 (from -r requirements.lock (line 1718))
2025-07-10T21:42:49.2717026Z   Downloading python_dotenv-1.0.0-py3-none-any.whl (19 kB)
2025-07-10T21:42:49.2964348Z Collecting python-http-client==3.3.7 (from -r requirements.lock (line 1725))
2025-07-10T21:42:49.3070248Z   Downloading python_http_client-3.3.7-py3-none-any.whl (8.4 kB)
2025-07-10T21:42:49.3274912Z Collecting python-json-logger==2.0.7 (from -r requirements.lock (line 1729))
2025-07-10T21:42:49.3313039Z   Downloading python_json_logger-2.0.7-py3-none-any.whl (8.1 kB)
2025-07-10T21:42:49.3543765Z Collecting python-slugify==8.0.4 (from -r requirements.lock (line 1733))
2025-07-10T21:42:49.3590895Z   Downloading python_slugify-8.0.4-py2.py3-none-any.whl (10 kB)
2025-07-10T21:42:49.4119960Z Collecting pytz==2023.4 (from -r requirements.lock (line 1737))
2025-07-10T21:42:49.4179254Z   Downloading pytz-2023.4-py2.py3-none-any.whl (506 kB)
2025-07-10T21:42:49.4265514Z      ━━━━━━━━━━━━━━━━━━━━━━━━━━━━━━━━━━━━━━ 506.5/506.5 kB 76.2 MB/s eta 0:00:00
2025-07-10T21:42:49.4492534Z Collecting pytzdata==2020.1 (from -r requirements.lock (line 1746))
2025-07-10T21:42:49.4533986Z   Downloading pytzdata-2020.1-py2.py3-none-any.whl (489 kB)
2025-07-10T21:42:49.4604389Z      ━━━━━━━━━━━━━━━━━━━━━━━━━━━━━━━━━━━━━━ 490.0/490.0 kB 97.7 MB/s eta 0:00:00
2025-07-10T21:42:49.5044507Z Collecting pyyaml==6.0.1 (from -r requirements.lock (line 1750))
2025-07-10T21:42:49.5088201Z   Downloading PyYAML-6.0.1-cp311-cp311-manylinux_2_17_x86_64.manylinux2014_x86_64.whl (757 kB)
2025-07-10T21:42:49.5175779Z      ━━━━━━━━━━━━━━━━━━━━━━━━━━━━━━━━━━━━━ 757.7/757.7 kB 110.6 MB/s eta 0:00:00
2025-07-10T21:42:49.5386280Z Collecting readchar==4.2.1 (from -r requirements.lock (line 1809))
2025-07-10T21:42:49.5426243Z   Downloading readchar-4.2.1-py3-none-any.whl (9.3 kB)
2025-07-10T21:42:49.5932165Z Collecting redis==5.0.1 (from -r requirements.lock (line 1813))
2025-07-10T21:42:49.5971504Z   Downloading redis-5.0.1-py3-none-any.whl (250 kB)
2025-07-10T21:42:49.6027727Z      ━━━━━━━━━━━━━━━━━━━━━━━━━━━━━━━━━━━━━━ 250.3/250.3 kB 66.8 MB/s eta 0:00:00
2025-07-10T21:42:49.6409301Z Collecting referencing==0.36.2 (from -r requirements.lock (line 1817))
2025-07-10T21:42:49.6449638Z   Downloading referencing-0.36.2-py3-none-any.whl (26 kB)
2025-07-10T21:42:49.9785486Z Collecting regex==2024.11.6 (from -r requirements.lock (line 1823))
2025-07-10T21:42:49.9836140Z   Downloading regex-2024.11.6-cp311-cp311-manylinux_2_17_x86_64.manylinux2014_x86_64.whl (792 kB)
2025-07-10T21:42:49.9924018Z      ━━━━━━━━━━━━━━━━━━━━━━━━━━━━━━━━━━━━━ 792.7/792.7 kB 115.6 MB/s eta 0:00:00
2025-07-10T21:42:50.0302114Z Collecting requests==2.32.4 (from -r requirements.lock (line 1919))
2025-07-10T21:42:50.0344244Z   Downloading requests-2.32.4-py3-none-any.whl (64 kB)
2025-07-10T21:42:50.0387422Z      ━━━━━━━━━━━━━━━━━━━━━━━━━━━━━━━━━━━━━━━━ 64.8/64.8 kB 22.2 MB/s eta 0:00:00
2025-07-10T21:42:50.0563252Z Collecting requests-oauthlib==2.0.0 (from -r requirements.lock (line 1930))
2025-07-10T21:42:50.0604826Z   Downloading requests_oauthlib-2.0.0-py2.py3-none-any.whl (24 kB)
2025-07-10T21:42:50.0951247Z Collecting responses==0.24.0 (from -r requirements.lock (line 1936))
2025-07-10T21:42:50.0995795Z   Downloading responses-0.24.0-py3-none-any.whl (54 kB)
2025-07-10T21:42:50.1037429Z      ━━━━━━━━━━━━━━━━━━━━━━━━━━━━━━━━━━━━━━━━ 54.5/54.5 kB 19.7 MB/s eta 0:00:00
2025-07-10T21:42:50.1765627Z Collecting rich==13.9.4 (from -r requirements.lock (line 1939))
2025-07-10T21:42:50.1807469Z   Downloading rich-13.9.4-py3-none-any.whl (242 kB)
2025-07-10T21:42:50.1862177Z      ━━━━━━━━━━━━━━━━━━━━━━━━━━━━━━━━━━━━━━ 242.4/242.4 kB 68.6 MB/s eta 0:00:00
2025-07-10T21:42:50.4595210Z Collecting rpds-py==0.26.0 (from -r requirements.lock (line 1945))
2025-07-10T21:42:50.4639534Z   Downloading rpds_py-0.26.0-cp311-cp311-manylinux_2_17_x86_64.manylinux2014_x86_64.whl (383 kB)
2025-07-10T21:42:50.4705936Z      ━━━━━━━━━━━━━━━━━━━━━━━━━━━━━━━━━━━━━━ 383.9/383.9 kB 83.3 MB/s eta 0:00:00
2025-07-10T21:42:50.4909331Z Collecting rsa==4.9.1 (from -r requirements.lock (line 2093))
2025-07-10T21:42:50.4970651Z   Downloading rsa-4.9.1-py3-none-any.whl (34 kB)
2025-07-10T21:42:50.8419529Z Collecting ruamel-yaml==0.18.14 (from -r requirements.lock (line 2097))
2025-07-10T21:42:50.8461421Z   Downloading ruamel.yaml-0.18.14-py3-none-any.whl (118 kB)
2025-07-10T21:42:50.8510719Z      ━━━━━━━━━━━━━━━━━━━━━━━━━━━━━━━━━━━━━━ 118.6/118.6 kB 38.8 MB/s eta 0:00:00
2025-07-10T21:42:50.8861269Z Collecting ruamel-yaml-clib==0.2.12 (from -r requirements.lock (line 2103))
2025-07-10T21:42:50.8907424Z   Downloading ruamel.yaml.clib-0.2.12-cp311-cp311-manylinux_2_17_x86_64.manylinux2014_x86_64.whl (739 kB)
2025-07-10T21:42:50.9005619Z      ━━━━━━━━━━━━━━━━━━━━━━━━━━━━━━━━━━━━━━ 739.1/739.1 kB 92.2 MB/s eta 0:00:00
2025-07-10T21:42:51.0298459Z Collecting scipy==1.16.0 (from -r requirements.lock (line 2151))
2025-07-10T21:42:51.0343129Z   Downloading scipy-1.16.0-cp311-cp311-manylinux2014_x86_64.manylinux_2_17_x86_64.whl (35.3 MB)
2025-07-10T21:42:51.2637470Z      ━━━━━━━━━━━━━━━━━━━━━━━━━━━━━━━━━━━━━━━ 35.3/35.3 MB 107.1 MB/s eta 0:00:00
2025-07-10T21:42:51.3561676Z Collecting sendgrid==6.11.0 (from -r requirements.lock (line 2190))
2025-07-10T21:42:51.3604985Z   Downloading sendgrid-6.11.0-py3-none-any.whl (101 kB)
2025-07-10T21:42:51.3654037Z      ━━━━━━━━━━━━━━━━━━━━━━━━━━━━━━━━━━━━━━ 101.9/101.9 kB 32.5 MB/s eta 0:00:00
2025-07-10T21:42:51.4307987Z Collecting sentry-sdk==1.45.1 (from sentry-sdk[fastapi]==1.45.1->-r requirements.lock (line 2194))
2025-07-10T21:42:51.4387134Z   Downloading sentry_sdk-1.45.1-py2.py3-none-any.whl (267 kB)
2025-07-10T21:42:51.4443349Z      ━━━━━━━━━━━━━━━━━━━━━━━━━━━━━━━━━━━━━━ 267.2/267.2 kB 74.2 MB/s eta 0:00:00
2025-07-10T21:42:51.4674216Z Collecting shellingham==1.5.4 (from -r requirements.lock (line 2200))
2025-07-10T21:42:51.4716678Z   Downloading shellingham-1.5.4-py2.py3-none-any.whl (9.8 kB)
2025-07-10T21:42:51.4925969Z Collecting six==1.17.0 (from -r requirements.lock (line 2204))
2025-07-10T21:42:51.4964634Z   Downloading six-1.17.0-py2.py3-none-any.whl (11 kB)
2025-07-10T21:42:51.5127185Z Collecting sniffio==1.3.1 (from -r requirements.lock (line 2210))
2025-07-10T21:42:51.5165800Z   Downloading sniffio-1.3.1-py3-none-any.whl (10 kB)
2025-07-10T21:42:51.5408064Z Collecting soupsieve==2.7 (from -r requirements.lock (line 2219))
2025-07-10T21:42:51.5453382Z   Downloading soupsieve-2.7-py3-none-any.whl (36 kB)
2025-07-10T21:42:51.8637672Z Collecting sqlalchemy==2.0.23 (from sqlalchemy[asyncio]==2.0.23->-r requirements.lock (line 2223))
2025-07-10T21:42:51.8733234Z   Downloading SQLAlchemy-2.0.23-cp311-cp311-manylinux_2_17_x86_64.manylinux2014_x86_64.whl (3.2 MB)
2025-07-10T21:42:51.8993796Z      ━━━━━━━━━━━━━━━━━━━━━━━━━━━━━━━━━━━━━━━━ 3.2/3.2 MB 131.4 MB/s eta 0:00:00
2025-07-10T21:42:51.9199498Z Collecting starkbank-ecdsa==2.2.0 (from -r requirements.lock (line 2277))
2025-07-10T21:42:51.9240094Z   Downloading starkbank-ecdsa-2.2.0.tar.gz (14 kB)
2025-07-10T21:42:51.9331928Z   Installing build dependencies: started
2025-07-10T21:42:53.4881031Z   Installing build dependencies: finished with status 'done'
2025-07-10T21:42:53.4886346Z   Getting requirements to build wheel: started
2025-07-10T21:42:53.6374705Z   Getting requirements to build wheel: finished with status 'done'
2025-07-10T21:42:53.6382788Z   Preparing metadata (pyproject.toml): started
2025-07-10T21:42:53.7929924Z   Preparing metadata (pyproject.toml): finished with status 'done'
2025-07-10T21:42:53.8396986Z Collecting starlette==0.27.0 (from -r requirements.lock (line 2280))
2025-07-10T21:42:53.8441545Z   Downloading starlette-0.27.0-py3-none-any.whl (66 kB)
2025-07-10T21:42:53.8487237Z      ━━━━━━━━━━━━━━━━━━━━━━━━━━━━━━━━━━━━━━━━ 67.0/67.0 kB 21.1 MB/s eta 0:00:00
2025-07-10T21:42:53.9793074Z Collecting stripe==7.8.0 (from -r requirements.lock (line 2286))
2025-07-10T21:42:53.9857348Z   Downloading stripe-7.8.0-py2.py3-none-any.whl (886 kB)
2025-07-10T21:42:53.9950450Z      ━━━━━━━━━━━━━━━━━━━━━━━━━━━━━━━━━━━━━ 886.0/886.0 kB 120.7 MB/s eta 0:00:00
2025-07-10T21:42:54.0185398Z Collecting tenacity==8.2.3 (from -r requirements.lock (line 2290))
2025-07-10T21:42:54.0232709Z   Downloading tenacity-8.2.3-py3-none-any.whl (24 kB)
2025-07-10T21:42:54.0383709Z Collecting text-unidecode==1.3 (from -r requirements.lock (line 2294))
2025-07-10T21:42:54.0421757Z   Downloading text_unidecode-1.3-py2.py3-none-any.whl (78 kB)
2025-07-10T21:42:54.0463836Z      ━━━━━━━━━━━━━━━━━━━━━━━━━━━━━━━━━━━━━━━━ 78.2/78.2 kB 28.4 MB/s eta 0:00:00
2025-07-10T21:42:54.0606475Z Collecting toml==0.10.2 (from -r requirements.lock (line 2298))
2025-07-10T21:42:54.0645002Z   Downloading toml-0.10.2-py2.py3-none-any.whl (16 kB)
2025-07-10T21:42:54.1222064Z Collecting tqdm==4.67.1 (from -r requirements.lock (line 2302))
2025-07-10T21:42:54.1265377Z   Downloading tqdm-4.67.1-py3-none-any.whl (78 kB)
2025-07-10T21:42:54.1315611Z      ━━━━━━━━━━━━━━━━━━━━━━━━━━━━━━━━━━━━━━━━ 78.5/78.5 kB 21.7 MB/s eta 0:00:00
2025-07-10T21:42:54.1581898Z Collecting typer==0.16.0 (from -r requirements.lock (line 2306))
2025-07-10T21:42:54.1620449Z   Downloading typer-0.16.0-py3-none-any.whl (46 kB)
2025-07-10T21:42:54.1660441Z      ━━━━━━━━━━━━━━━━━━━━━━━━━━━━━━━━━━━━━━━━ 46.3/46.3 kB 16.3 MB/s eta 0:00:00
2025-07-10T21:42:54.1910214Z Collecting typing-extensions==4.14.1 (from -r requirements.lock (line 2310))
2025-07-10T21:42:54.1950769Z   Downloading typing_extensions-4.14.1-py3-none-any.whl (43 kB)
2025-07-10T21:42:54.1992312Z      ━━━━━━━━━━━━━━━━━━━━━━━━━━━━━━━━━━━━━━━━ 43.9/43.9 kB 14.1 MB/s eta 0:00:00
2025-07-10T21:42:54.2199308Z Collecting tzdata==2025.2 (from -r requirements.lock (line 2327))
2025-07-10T21:42:54.2240019Z   Downloading tzdata-2025.2-py2.py3-none-any.whl (347 kB)
2025-07-10T21:42:54.2297725Z      ━━━━━━━━━━━━━━━━━━━━━━━━━━━━━━━━━━━━━━ 347.8/347.8 kB 86.2 MB/s eta 0:00:00
2025-07-10T21:42:54.2531839Z Collecting tzlocal==5.3.1 (from -r requirements.lock (line 2331))
2025-07-10T21:42:54.2570259Z   Downloading tzlocal-5.3.1-py3-none-any.whl (18 kB)
2025-07-10T21:42:54.3266998Z Collecting ujson==5.10.0 (from -r requirements.lock (line 2335))
2025-07-10T21:42:54.3309873Z   Downloading ujson-5.10.0-cp311-cp311-manylinux_2_17_x86_64.manylinux2014_x86_64.whl (53 kB)
2025-07-10T21:42:54.3353478Z      ━━━━━━━━━━━━━━━━━━━━━━━━━━━━━━━━━━━━━━━━ 53.6/53.6 kB 17.1 MB/s eta 0:00:00
2025-07-10T21:42:54.3522842Z Collecting uritemplate==4.2.0 (from -r requirements.lock (line 2415))
2025-07-10T21:42:54.3562715Z   Downloading uritemplate-4.2.0-py3-none-any.whl (11 kB)
2025-07-10T21:42:54.4004568Z Collecting urllib3==1.26.20 (from -r requirements.lock (line 2421))
2025-07-10T21:42:54.4047585Z   Downloading urllib3-1.26.20-py2.py3-none-any.whl (144 kB)
2025-07-10T21:42:54.4099910Z      ━━━━━━━━━━━━━━━━━━━━━━━━━━━━━━━━━━━━━━ 144.2/144.2 kB 42.6 MB/s eta 0:00:00
2025-07-10T21:42:54.4466790Z Collecting uvicorn==0.24.0 (from uvicorn[standard]==0.24.0->-r requirements.lock (line 2430))
2025-07-10T21:42:54.4512104Z   Downloading uvicorn-0.24.0-py3-none-any.whl (59 kB)
2025-07-10T21:42:54.4552696Z      ━━━━━━━━━━━━━━━━━━━━━━━━━━━━━━━━━━━━━━━━ 59.6/59.6 kB 21.6 MB/s eta 0:00:00
2025-07-10T21:42:54.5027870Z Collecting uvloop==0.21.0 (from -r requirements.lock (line 2437))
2025-07-10T21:42:54.5076811Z   Downloading uvloop-0.21.0-cp311-cp311-manylinux_2_17_x86_64.manylinux2014_x86_64.whl (4.0 MB)
2025-07-10T21:42:54.5487918Z      ━━━━━━━━━━━━━━━━━━━━━━━━━━━━━━━━━━━━━━━━ 4.0/4.0 MB 101.0 MB/s eta 0:00:00
2025-07-10T21:42:54.6101844Z Collecting watchdog==6.0.0 (from -r requirements.lock (line 2476))
2025-07-10T21:42:54.6154229Z   Downloading watchdog-6.0.0-py3-none-manylinux2014_x86_64.whl (79 kB)
2025-07-10T21:42:54.6202274Z      ━━━━━━━━━━━━━━━━━━━━━━━━━━━━━━━━━━━━━━━━ 79.1/79.1 kB 24.3 MB/s eta 0:00:00
2025-07-10T21:42:54.7080103Z Collecting watchfiles==1.1.0 (from -r requirements.lock (line 2508))
2025-07-10T21:42:54.7157328Z   Downloading watchfiles-1.1.0-cp311-cp311-manylinux_2_17_x86_64.manylinux2014_x86_64.whl (453 kB)
2025-07-10T21:42:54.7223452Z      ━━━━━━━━━━━━━━━━━━━━━━━━━━━━━━━━━━━━━━ 453.1/453.1 kB 95.3 MB/s eta 0:00:00
2025-07-10T21:42:54.7486512Z Collecting websocket-client==1.8.0 (from -r requirements.lock (line 2616))
2025-07-10T21:42:54.7526080Z   Downloading websocket_client-1.8.0-py3-none-any.whl (58 kB)
2025-07-10T21:42:54.7568371Z      ━━━━━━━━━━━━━━━━━━━━━━━━━━━━━━━━━━━━━━━━ 58.8/58.8 kB 19.7 MB/s eta 0:00:00
2025-07-10T21:42:54.8584266Z Collecting websockets==12.0 (from -r requirements.lock (line 2622))
2025-07-10T21:42:54.8630483Z   Downloading websockets-12.0-cp311-cp311-manylinux_2_5_x86_64.manylinux1_x86_64.manylinux_2_17_x86_64.manylinux2014_x86_64.whl (130 kB)
2025-07-10T21:42:54.8681711Z      ━━━━━━━━━━━━━━━━━━━━━━━━━━━━━━━━━━━━━━ 130.9/130.9 kB 38.4 MB/s eta 0:00:00
2025-07-10T21:42:54.8875074Z Collecting xlcalculator==0.5.0 (from -r requirements.lock (line 2698))
2025-07-10T21:42:54.8920031Z   Downloading xlcalculator-0.5.0.tar.gz (458 kB)
2025-07-10T21:42:54.8986583Z      ━━━━━━━━━━━━━━━━━━━━━━━━━━━━━━━━━━━━━━ 458.4/458.4 kB 91.4 MB/s eta 0:00:00
2025-07-10T21:42:54.9416428Z   Installing build dependencies: started
2025-07-10T21:42:56.4877620Z   Installing build dependencies: finished with status 'done'
2025-07-10T21:42:56.4882856Z   Getting requirements to build wheel: started
2025-07-10T21:42:56.6478203Z   Getting requirements to build wheel: finished with status 'done'
2025-07-10T21:42:56.6486281Z   Preparing metadata (pyproject.toml): started
2025-07-10T21:42:56.8136787Z   Preparing metadata (pyproject.toml): finished with status 'done'
2025-07-10T21:42:57.3259419Z Collecting yarl==1.20.1 (from -r requirements.lock (line 2701))
2025-07-10T21:42:57.3307028Z   Downloading yarl-1.20.1-cp311-cp311-manylinux_2_17_x86_64.manylinux2014_x86_64.whl (348 kB)
2025-07-10T21:42:57.3371753Z      ━━━━━━━━━━━━━━━━━━━━━━━━━━━━━━━━━━━━━━ 349.0/349.0 kB 76.6 MB/s eta 0:00:00
2025-07-10T21:42:57.3537349Z Collecting yearfrac==0.4.8 (from -r requirements.lock (line 2807))
2025-07-10T21:42:57.3593602Z   Downloading yearfrac-0.4.8.tar.gz (7.7 kB)
2025-07-10T21:42:57.3676464Z   Installing build dependencies: started
2025-07-10T21:42:58.9135784Z   Installing build dependencies: finished with status 'done'
2025-07-10T21:42:58.9142303Z   Getting requirements to build wheel: started
2025-07-10T21:42:59.0628500Z   Getting requirements to build wheel: finished with status 'done'
2025-07-10T21:42:59.0637399Z   Preparing metadata (pyproject.toml): started
2025-07-10T21:42:59.2194692Z   Preparing metadata (pyproject.toml): finished with status 'done'
2025-07-10T21:43:03.1313796Z WARNING: The candidate selected for download or install is a yanked version: 'email-validator' candidate (version 2.1.0 at https://files.pythonhosted.org/packages/90/41/4767ff64e422734487a06384a66e62615b1f5cf9cf3b23295e22d3ecf711/email_validator-2.1.0-py3-none-any.whl (from https://pypi.org/simple/email-validator/) (requires-python:>=3.7))
2025-07-10T21:43:03.1316307Z Reason for being yanked: Forgot to drop Python 3.7 from python_requires, see https://github.com/JoshData/python-email-validator/pull/118
2025-07-10T21:43:03.1319729Z WARNING: The candidate selected for download or install is a yanked version: 'stripe' candidate (version 7.8.0 at https://files.pythonhosted.org/packages/9f/0a/f47c33e690008c4619e34578805b30768ca6bdb6acc7b764fe448b478385/stripe-7.8.0-py2.py3-none-any.whl (from https://pypi.org/simple/stripe/) (requires-python:>=3.6))
2025-07-10T21:43:03.1321548Z Reason for being yanked: <none given>
2025-07-10T21:43:03.1357820Z Building wheels for collected packages: pendulum, psutil, starkbank-ecdsa, xlcalculator, yearfrac
2025-07-10T21:43:03.1366438Z   Building wheel for pendulum (pyproject.toml): started
2025-07-10T21:43:04.6606627Z   Building wheel for pendulum (pyproject.toml): finished with status 'done'
2025-07-10T21:43:04.6614035Z   Created wheel for pendulum: filename=pendulum-2.1.2-cp311-cp311-manylinux_2_39_x86_64.whl size=159836 sha256=03c4c01f9bd184abf8d484c02e8eaa763958d422f7d3b92e0cbdd72566d870d5
2025-07-10T21:43:04.6615845Z   Stored in directory: /home/runner/.cache/pip/wheels/a4/b7/10/a86f4f49b1bdf8a0cf3da42d48f499e4cb7529ebab7aad3550
2025-07-10T21:43:04.6645317Z   Building wheel for psutil (pyproject.toml): started
2025-07-10T21:43:05.7706447Z   Building wheel for psutil (pyproject.toml): finished with status 'done'
2025-07-10T21:43:05.7714700Z   Created wheel for psutil: filename=psutil-5.9.0-cp311-cp311-linux_x86_64.whl size=284329 sha256=2a8dc5ae76351ae7298d6d3c1c65f190d3f74b5e60f768f98bc625a952f725a5
2025-07-10T21:43:05.7716617Z   Stored in directory: /home/runner/.cache/pip/wheels/b7/3f/a5/6da60cf045cc7d875f3f6746c27e9afa159642fc5acaa5ae08
2025-07-10T21:43:05.7749409Z   Building wheel for starkbank-ecdsa (pyproject.toml): started
2025-07-10T21:43:05.9577299Z   Building wheel for starkbank-ecdsa (pyproject.toml): finished with status 'done'
2025-07-10T21:43:05.9583812Z   Created wheel for starkbank-ecdsa: filename=starkbank_ecdsa-2.2.0-py3-none-any.whl size=16049 sha256=06dea22d32e6fd85933ddf6c69799f7c4fd8efa80fe4f839729718b409ad81d1
2025-07-10T21:43:05.9585401Z   Stored in directory: /home/runner/.cache/pip/wheels/af/6c/c8/3a941332ae93d4748d5b4107d70ed22b4e6ff6ac1e225c5c95
2025-07-10T21:43:05.9610566Z   Building wheel for xlcalculator (pyproject.toml): started
2025-07-10T21:43:06.2552794Z   Building wheel for xlcalculator (pyproject.toml): finished with status 'done'
2025-07-10T21:43:06.2565122Z   Created wheel for xlcalculator: filename=xlcalculator-0.5.0-py3-none-any.whl size=634628 sha256=0f5707b3721ff120f97d6f6bf1e4bbe2bd056bfc456ff6fa3293230ed49a6c38
2025-07-10T21:43:06.2566758Z   Stored in directory: /home/runner/.cache/pip/wheels/0b/68/db/55377219a752ff8a0bfa051a06675d9b4fb6816e0e953b4e56
2025-07-10T21:43:06.2609131Z   Building wheel for yearfrac (pyproject.toml): started
2025-07-10T21:43:06.4430991Z   Building wheel for yearfrac (pyproject.toml): finished with status 'done'
2025-07-10T21:43:06.4436844Z   Created wheel for yearfrac: filename=yearfrac-0.4.8-py3-none-any.whl size=7357 sha256=e94be7cb6ccfb5b54bf790919cf2e15f848803878349d690709de4730ed8cf30
2025-07-10T21:43:06.4438762Z   Stored in directory: /home/runner/.cache/pip/wheels/f1/d3/d8/7a1ad02deb18722349b5a6fb3f906a683be4369caafba6c436
2025-07-10T21:43:06.4456565Z Successfully built pendulum psutil starkbank-ecdsa xlcalculator yearfrac
2025-07-10T21:43:07.2658377Z Installing collected packages: text-unidecode, starkbank-ecdsa, pytz, passlib, coolname, websockets, websocket-client, watchdog, uvloop, urllib3, uritemplate, ujson, tzlocal, tzdata, typing-extensions, tqdm, toml, tenacity, soupsieve, sniffio, six, shellingham, ruamel-yaml-clib, rpds-py, regex, redis, readchar, pyyaml, pytzdata, python-slugify, python-json-logger, python-http-client, python-dotenv, pyparsing, pyjwt, pygments, pycparser, pyasn1, psycopg2-binary, psutil, protobuf, propcache, prometheus-client, pluggy, pathspec, packaging, orjson, oauthlib, numpy, multidict, mock, mdurl, markupsafe, markdown, jsonpointer, jsonpickle, iniconfig, idna, hyperframe, httptools, hpack, h11, greenlet, graphviz, geographiclib, fsspec, frozenlist, et-xmlfile, dnspython, distro, coverage, colorama, cloudpickle, click, charset-normalizer, certifi, cachetools, bcrypt, attrs, async-timeout, annotated-types, yearfrac, yarl, uvicorn, sqlalchemy, sentry-sdk, sendgrid, scipy, ruamel-yaml, rsa, requests, referencing, python-dateutil, pytest, pyee, pydantic-core, pyasn1-modules, proto-plus, openpyxl, numpy-financial, markdown-it-py, mako, jsonpatch, jinja2, httplib2, httpcore, h2, gunicorn, griffe, googleapis-common-protos, geopy, email-validator, cffi, beautifulsoup4, asyncpg, asgi-lifespan, anyio, aiosqlite, aiosignal, watchfiles, stripe, starlette, rich, responses, requests-oauthlib, pytest-mock, pytest-env, pytest-cov, pytest-asyncio, pydantic, playwright, pendulum, pandas, jsonschema-specifications, httpx, google-auth, docker, dateparser, cryptography, croniter, alembic, aiohttp, xlcalculator, typer, pydantic-settings, openai, kubernetes, jsonschema, google-auth-httplib2, google-api-core, fastapi, apprise, prefect, google-api-python-client
2025-07-10T21:43:32.8434770Z Successfully installed aiohttp-3.9.1 aiosignal-1.4.0 aiosqlite-0.21.0 alembic-1.12.1 annotated-types-0.7.0 anyio-3.7.1 apprise-1.9.3 asgi-lifespan-2.1.0 async-timeout-5.0.1 asyncpg-0.29.0 attrs-25.3.0 bcrypt-4.3.0 beautifulsoup4-4.12.0 cachetools-5.5.2 certifi-2025.7.9 cffi-1.17.1 charset-normalizer-3.4.2 click-8.1.7 cloudpickle-3.1.1 colorama-0.4.6 coolname-2.2.0 coverage-7.9.2 croniter-2.0.7 cryptography-41.0.7 dateparser-1.2.0 distro-1.9.0 dnspython-2.7.0 docker-6.1.3 email-validator-2.1.0 et-xmlfile-2.0.0 fastapi-0.104.1 frozenlist-1.7.0 fsspec-2025.5.1 geographiclib-2.0 geopy-2.4.1 google-api-core-2.25.1 google-api-python-client-2.100.0 google-auth-2.40.3 google-auth-httplib2-0.2.0 googleapis-common-protos-1.70.0 graphviz-0.21 greenlet-3.0.1 griffe-1.7.3 gunicorn-21.2.0 h11-0.16.0 h2-4.2.0 hpack-4.1.0 httpcore-1.0.9 httplib2-0.22.0 httptools-0.6.4 httpx-0.25.2 hyperframe-6.1.0 idna-3.10 iniconfig-2.1.0 jinja2-3.1.2 jsonpatch-1.33 jsonpickle-4.1.1 jsonpointer-3.0.0 jsonschema-4.24.0 jsonschema-specifications-2025.4.1 kubernetes-28.1.0 mako-1.3.10 markdown-3.8.2 markdown-it-py-3.0.0 markupsafe-3.0.2 mdurl-0.1.2 mock-5.2.0 multidict-6.6.3 numpy-1.26.2 numpy-financial-1.0.0 oauthlib-3.3.1 openai-1.6.1 openpyxl-3.1.5 orjson-3.10.18 packaging-24.2 pandas-2.1.4 passlib-1.7.4 pathspec-0.12.1 pendulum-2.1.2 playwright-1.40.0 pluggy-1.6.0 prefect-2.14.9 prometheus-client-0.19.0 propcache-0.3.2 proto-plus-1.26.1 protobuf-6.31.1 psutil-5.9.0 psycopg2-binary-2.9.9 pyasn1-0.6.1 pyasn1-modules-0.4.2 pycparser-2.22 pydantic-2.5.0 pydantic-core-2.14.1 pydantic-settings-2.1.0 pyee-11.0.1 pygments-2.19.2 pyjwt-2.8.0 pyparsing-3.2.3 pytest-8.4.1 pytest-asyncio-1.0.0 pytest-cov-6.2.1 pytest-env-1.1.5 pytest-mock-3.14.1 python-dateutil-2.8.2 python-dotenv-1.0.0 python-http-client-3.3.7 python-json-logger-2.0.7 python-slugify-8.0.4 pytz-2023.4 pytzdata-2020.1 pyyaml-6.0.1 readchar-4.2.1 redis-5.0.1 referencing-0.36.2 regex-2024.11.6 requests-2.32.4 requests-oauthlib-2.0.0 responses-0.24.0 rich-13.9.4 rpds-py-0.26.0 rsa-4.9.1 ruamel-yaml-0.18.14 ruamel-yaml-clib-0.2.12 scipy-1.16.0 sendgrid-6.11.0 sentry-sdk-1.45.1 shellingham-1.5.4 six-1.17.0 sniffio-1.3.1 soupsieve-2.7 sqlalchemy-2.0.23 starkbank-ecdsa-2.2.0 starlette-0.27.0 stripe-7.8.0 tenacity-8.2.3 text-unidecode-1.3 toml-0.10.2 tqdm-4.67.1 typer-0.16.0 typing-extensions-4.14.1 tzdata-2025.2 tzlocal-5.3.1 ujson-5.10.0 uritemplate-4.2.0 urllib3-1.26.20 uvicorn-0.24.0 uvloop-0.21.0 watchdog-6.0.0 watchfiles-1.1.0 websocket-client-1.8.0 websockets-12.0 xlcalculator-0.5.0 yarl-1.20.1 yearfrac-0.4.8
2025-07-10T21:43:33.0325872Z 
2025-07-10T21:43:33.0326567Z [notice] A new release of pip is available: 23.3.1 -> 25.1.1
2025-07-10T21:43:33.0327099Z [notice] To update, run: pip install --upgrade pip
2025-07-10T21:43:35.1843123Z ##[group]Run source .venv/bin/activate
2025-07-10T21:43:35.1843463Z [36;1msource .venv/bin/activate[0m
2025-07-10T21:43:35.1843738Z [36;1mexport PYTHONPATH=$PYTHONPATH:$(pwd)[0m
2025-07-10T21:43:35.1844010Z [36;1mpytest -q[0m
2025-07-10T21:43:35.1844941Z [36;1mpytest --cov=core --cov=d0_gateway --cov=d1_targeting --cov=d2_sourcing --cov=d3_assessment --cov=d4_enrichment --cov=d5_scoring --cov=d6_reports --cov=d7_storefront --cov=d8_personalization --cov=d9_delivery --cov=d10_analytics --cov=d11_orchestration --cov=database --cov-report=xml --cov-report=term[0m
2025-07-10T21:43:35.1906751Z shell: /usr/bin/bash -e {0}
2025-07-10T21:43:35.1906967Z env:
2025-07-10T21:43:35.1907206Z   pythonLocation: /opt/hostedtoolcache/Python/3.11.13/x64
2025-07-10T21:43:35.1907612Z   PKG_CONFIG_PATH: /opt/hostedtoolcache/Python/3.11.13/x64/lib/pkgconfig
2025-07-10T21:43:35.1907998Z   Python_ROOT_DIR: /opt/hostedtoolcache/Python/3.11.13/x64
2025-07-10T21:43:35.1908382Z   Python2_ROOT_DIR: /opt/hostedtoolcache/Python/3.11.13/x64
2025-07-10T21:43:35.1908718Z   Python3_ROOT_DIR: /opt/hostedtoolcache/Python/3.11.13/x64
2025-07-10T21:43:35.1909232Z   LD_LIBRARY_PATH: /opt/hostedtoolcache/Python/3.11.13/x64/lib
2025-07-10T21:43:35.1909544Z ##[endgroup]
2025-07-10T21:43:48.4268799Z ..................................................ss.sssss......ssss.ss. [  4%]
2025-07-10T21:43:49.2519364Z ....F
2025-07-10T21:43:49.2519832Z =================================== FAILURES ===================================
2025-07-10T21:43:49.2520553Z _______ TestCacheIntegration.test_cache_hit_miss_validated_functionality _______
2025-07-10T21:43:49.2521448Z .venv/lib/python3.11/site-packages/httpx/_transports/default.py:66: in map_httpcore_exceptions
2025-07-10T21:43:49.2522087Z     yield
2025-07-10T21:43:49.2522608Z .venv/lib/python3.11/site-packages/httpx/_transports/default.py:366: in handle_async_request
2025-07-10T21:43:49.2523461Z     resp = await self._pool.handle_async_request(req)
2025-07-10T21:43:49.2523899Z            ^^^^^^^^^^^^^^^^^^^^^^^^^^^^^^^^^^^^^^^^^^
2025-07-10T21:43:49.2524552Z .venv/lib/python3.11/site-packages/httpcore/_async/connection_pool.py:256: in handle_async_request
2025-07-10T21:43:49.2525246Z     raise exc from None
2025-07-10T21:43:49.2525834Z .venv/lib/python3.11/site-packages/httpcore/_async/connection_pool.py:236: in handle_async_request
2025-07-10T21:43:49.2526885Z     response = await connection.handle_async_request(
2025-07-10T21:43:49.2527562Z .venv/lib/python3.11/site-packages/httpcore/_async/connection.py:101: in handle_async_request
2025-07-10T21:43:49.2528180Z     raise exc
2025-07-10T21:43:49.2528697Z .venv/lib/python3.11/site-packages/httpcore/_async/connection.py:78: in handle_async_request
2025-07-10T21:43:49.2529507Z     stream = await self._connect(request)
2025-07-10T21:43:49.2529853Z              ^^^^^^^^^^^^^^^^^^^^^^^^^^^^
2025-07-10T21:43:49.2530385Z .venv/lib/python3.11/site-packages/httpcore/_async/connection.py:124: in _connect
2025-07-10T21:43:49.2531059Z     stream = await self._network_backend.connect_tcp(**kwargs)
2025-07-10T21:43:49.2531506Z              ^^^^^^^^^^^^^^^^^^^^^^^^^^^^^^^^^^^^^^^^^^^^^^^^^
2025-07-10T21:43:49.2532050Z .venv/lib/python3.11/site-packages/httpcore/_backends/auto.py:31: in connect_tcp
2025-07-10T21:43:49.2532631Z     return await self._backend.connect_tcp(
2025-07-10T21:43:49.2533237Z .venv/lib/python3.11/site-packages/httpcore/_backends/anyio.py:113: in connect_tcp
2025-07-10T21:43:49.2533829Z     with map_exceptions(exc_map):
2025-07-10T21:43:49.2534389Z /opt/hostedtoolcache/Python/3.11.13/x64/lib/python3.11/contextlib.py:158: in __exit__
2025-07-10T21:43:49.2534982Z     self.gen.throw(typ, value, traceback)
2025-07-10T21:43:49.2535539Z .venv/lib/python3.11/site-packages/httpcore/_exceptions.py:14: in map_exceptions
2025-07-10T21:43:49.2536077Z     raise to_exc(exc) from exc
2025-07-10T21:43:49.2536476Z E   httpcore.ConnectError: All connection attempts failed
2025-07-10T21:43:49.2536815Z 
2025-07-10T21:43:49.2537338Z The above exception was the direct cause of the following exception:
2025-07-10T21:43:49.2537866Z d0_gateway/base.py:130: in make_request
2025-07-10T21:43:49.2538322Z     response = await self.client.request(method, url, **kwargs)
2025-07-10T21:43:49.2538782Z                ^^^^^^^^^^^^^^^^^^^^^^^^^^^^^^^^^^^^^^^^^^^^^^^^
2025-07-10T21:43:49.2539471Z .venv/lib/python3.11/site-packages/httpx/_client.py:1530: in request
2025-07-10T21:43:49.2540132Z     return await self.send(request, auth=auth, follow_redirects=follow_redirects)
2025-07-10T21:43:49.2540682Z            ^^^^^^^^^^^^^^^^^^^^^^^^^^^^^^^^^^^^^^^^^^^^^^^^^^^^^^^^^^^^^^^^^^^^^^
2025-07-10T21:43:49.2541250Z .venv/lib/python3.11/site-packages/sentry_sdk/integrations/httpx.py:137: in send
2025-07-10T21:43:49.2541828Z     rv = await real_send(self, request, **kwargs)
2025-07-10T21:43:49.2542205Z          ^^^^^^^^^^^^^^^^^^^^^^^^^^^^^^^^^^^^^^^^
2025-07-10T21:43:49.2542665Z .venv/lib/python3.11/site-packages/httpx/_client.py:1617: in send
2025-07-10T21:43:49.2543180Z     response = await self._send_handling_auth(
2025-07-10T21:43:49.2543732Z .venv/lib/python3.11/site-packages/httpx/_client.py:1645: in _send_handling_auth
2025-07-10T21:43:49.2544328Z     response = await self._send_handling_redirects(
2025-07-10T21:43:49.2544952Z .venv/lib/python3.11/site-packages/httpx/_client.py:1682: in _send_handling_redirects
2025-07-10T21:43:49.2545603Z     response = await self._send_single_request(request)
2025-07-10T21:43:49.2546013Z                ^^^^^^^^^^^^^^^^^^^^^^^^^^^^^^^^^^^^^^^^
2025-07-10T21:43:49.2546543Z .venv/lib/python3.11/site-packages/httpx/_client.py:1719: in _send_single_request
2025-07-10T21:43:49.2547176Z     response = await transport.handle_async_request(request)
2025-07-10T21:43:49.2547618Z                ^^^^^^^^^^^^^^^^^^^^^^^^^^^^^^^^^^^^^^^^^^^^^
2025-07-10T21:43:49.2548243Z .venv/lib/python3.11/site-packages/httpx/_transports/default.py:365: in handle_async_request
2025-07-10T21:43:49.2548883Z     with map_httpcore_exceptions():
2025-07-10T21:43:49.2549607Z /opt/hostedtoolcache/Python/3.11.13/x64/lib/python3.11/contextlib.py:158: in __exit__
2025-07-10T21:43:49.2550210Z     self.gen.throw(typ, value, traceback)
2025-07-10T21:43:49.2550876Z .venv/lib/python3.11/site-packages/httpx/_transports/default.py:83: in map_httpcore_exceptions
2025-07-10T21:43:49.2551532Z     raise mapped_exc(message) from exc
2025-07-10T21:43:49.2552164Z E   httpx.ConnectError: All connection attempts failed
2025-07-10T21:43:49.2552480Z 
2025-07-10T21:43:49.2552725Z The above exception was the direct cause of the following exception:
2025-07-10T21:43:49.2553496Z tests/integration/test_gateway_integration.py:387: in test_cache_hit_miss_validated_functionality
2025-07-10T21:43:49.2554234Z     result1 = await facade.search_businesses(**search_params)
2025-07-10T21:43:49.2554674Z               ^^^^^^^^^^^^^^^^^^^^^^^^^^^^^^^^^^^^^^^^^^^^^^^
2025-07-10T21:43:49.2555073Z d0_gateway/facade.py:65: in search_businesses
2025-07-10T21:43:49.2555490Z     result = await client.search_businesses(
2025-07-10T21:43:49.2555921Z d0_gateway/providers/yelp.py:102: in search_businesses
2025-07-10T21:43:49.2556509Z     return await self.make_request("GET", "/v3/businesses/search", params=params)
2025-07-10T21:43:49.2557045Z            ^^^^^^^^^^^^^^^^^^^^^^^^^^^^^^^^^^^^^^^^^^^^^^^^^^^^^^^^^^^^^^^^^^^^^^
2025-07-10T21:43:49.2557444Z d0_gateway/base.py:169: in make_request
2025-07-10T21:43:49.2557822Z     raise ExternalAPIError(
2025-07-10T21:43:49.2558366Z E   core.exceptions.ExternalAPIError: yelp API error: All connection attempts failed
2025-07-10T21:43:49.2558849Z 
2025-07-10T21:43:49.2559240Z During handling of the above exception, another exception occurred:
2025-07-10T21:43:49.2559996Z tests/integration/test_gateway_integration.py:405: in test_cache_hit_miss_validated_functionality
2025-07-10T21:43:49.2560593Z     assert (
2025-07-10T21:43:49.2561768Z E   AssertionError: assert ('test' in 'yelp api error: all connection attempts failed' or 'stub' in 'yelp api error: all connection attempts failed' or 'location' in 'yelp api error: all connection attempts failed')
2025-07-10T21:43:49.2563229Z E    +  where 'yelp api error: all connection attempts failed' = <built-in method lower of str object at 0x7f2cba2fcff0>()
2025-07-10T21:43:49.2564290Z E    +    where <built-in method lower of str object at 0x7f2cba2fcff0> = 'yelp API error: All connection attempts failed'.lower
2025-07-10T21:43:49.2565417Z E    +      where 'yelp API error: All connection attempts failed' = str(ExternalAPIError('yelp API error: All connection attempts failed'))
2025-07-10T21:43:49.2566481Z E    +  and   'yelp api error: all connection attempts failed' = <built-in method lower of str object at 0x7f2cba2fcff0>()
2025-07-10T21:43:49.2567481Z E    +    where <built-in method lower of str object at 0x7f2cba2fcff0> = 'yelp API error: All connection attempts failed'.lower
2025-07-10T21:43:49.2568559Z E    +      where 'yelp API error: All connection attempts failed' = str(ExternalAPIError('yelp API error: All connection attempts failed'))
2025-07-10T21:43:49.2569776Z E    +  and   'yelp api error: all connection attempts failed' = <built-in method lower of str object at 0x7f2cba2fcff0>()
2025-07-10T21:43:49.2570760Z E    +    where <built-in method lower of str object at 0x7f2cba2fcff0> = 'yelp API error: All connection attempts failed'.lower
2025-07-10T21:43:49.2571858Z E    +      where 'yelp API error: All connection attempts failed' = str(ExternalAPIError('yelp API error: All connection attempts failed'))
2025-07-10T21:43:49.2572730Z ---------------------------- Captured stdout setup -----------------------------
2025-07-10T21:43:49.2573767Z {"timestamp": "2025-07-10T21:43:48.929410", "level": "INFO", "name": "gateway.factory", "domain": "d0", "app": "LeadFactory", "environment": "development", "logger": "gateway.factory"}
2025-07-10T21:43:49.2575136Z {"timestamp": "2025-07-10T21:43:48.929509", "level": "INFO", "name": "gateway.facade", "domain": "d0", "app": "LeadFactory", "environment": "development", "logger": "gateway.facade"}
2025-07-10T21:43:49.2576121Z ------------------------------ Captured log setup ------------------------------
2025-07-10T21:43:49.2576712Z INFO     gateway.factory:factory.py:67 Gateway client factory initialized
2025-07-10T21:43:49.2577320Z INFO     gateway.facade:facade.py:31 Gateway facade initialized
2025-07-10T21:43:49.2578128Z ----------------------------- Captured stdout call -----------------------------
2025-07-10T21:43:49.2579260Z {"timestamp": "2025-07-10T21:43:48.950777", "level": "INFO", "name": "gateway.factory", "domain": "d0", "app": "LeadFactory", "environment": "development", "logger": "gateway.factory"}
2025-07-10T21:43:49.2580660Z {"timestamp": "2025-07-10T21:43:48.952848", "level": "ERROR", "name": "gateway.facade", "domain": "d0", "app": "LeadFactory", "environment": "development", "logger": "gateway.facade"}
2025-07-10T21:43:49.2581666Z ------------------------------ Captured log call -------------------------------
2025-07-10T21:43:49.2582258Z INFO     gateway.factory:factory.py:143 Created new client for yelp
2025-07-10T21:43:49.2583019Z ERROR    gateway.facade:facade.py:81 Yelp search failed: yelp API error: All connection attempts failed
2025-07-10T21:43:49.2583707Z =========================== short test summary info ============================
2025-07-10T21:43:49.2584470Z SKIPPED [1] tests/integration/test_enrichment_fanout.py:119: Fanout logic not implemented in current coordinator
2025-07-10T21:43:49.2585540Z SKIPPED [1] tests/integration/test_enrichment_fanout.py:174: Merge logic not fully implemented in current coordinator
2025-07-10T21:43:49.2586687Z SKIPPED [1] tests/integration/test_enrichment_fanout.py:267: Phase 0.5 source ordering not implemented in current coordinator
2025-07-10T21:43:49.2587806Z SKIPPED [1] tests/integration/test_enrichment_fanout.py:286: Error handling for Phase 0.5 not fully implemented
2025-07-10T21:43:49.2588900Z SKIPPED [1] tests/integration/test_enrichment_fanout_simple.py:33: Phase 0.5 source ordering not implemented in current coordinator
2025-07-10T21:43:49.2590403Z SKIPPED [1] tests/integration/test_enrichment_fanout_simple.py:54: Phase 0.5 merge method not implemented in current coordinator
2025-07-10T21:43:49.2591594Z SKIPPED [1] tests/integration/test_enrichment_fanout_simple.py:77: Phase 0.5 fanout logic not fully implemented in current coordinator
2025-07-10T21:43:50.1640140Z SKIPPED [1] tests/integration/test_gateway_integration.py:33: Yelp stub configuration issue in CI environment
2025-07-10T21:43:50.1641348Z SKIPPED [1] tests/integration/test_gateway_integration.py:61: PageSpeed stub configuration issue in CI environment
2025-07-10T21:43:50.1642369Z SKIPPED [1] tests/integration/test_gateway_integration.py:85: OpenAI stub configuration issue in CI environment
2025-07-10T21:43:50.1643179Z SKIPPED [1] tests/integration/test_gateway_integration.py:121: Provider stub configuration issue in CI environment
2025-07-10T21:43:50.1644103Z SKIPPED [1] tests/integration/test_gateway_integration.py:177: Test has UnboundLocalError bug - variable 'e' accessed outside except block
2025-07-10T21:43:50.1645065Z SKIPPED [1] tests/integration/test_gateway_integration.py:206: Provider stub configuration issues cause all providers to fail
2025-07-10T21:43:50.1646724Z FAILED tests/integration/test_gateway_integration.py::TestCacheIntegration::test_cache_hit_miss_validated_functionality - AssertionError: assert ('test' in 'yelp api error: all connection attempts failed' or 'stub' in 'yelp api error: all connection attempts failed' or 'location' in 'yelp api error: all connection attempts failed')
2025-07-10T21:43:50.1648287Z  +  where 'yelp api error: all connection attempts failed' = <built-in method lower of str object at 0x7f2cba2fcff0>()
2025-07-10T21:43:50.1649234Z  +    where <built-in method lower of str object at 0x7f2cba2fcff0> = 'yelp API error: All connection attempts failed'.lower
2025-07-10T21:43:50.1650055Z  +      where 'yelp API error: All connection attempts failed' = str(ExternalAPIError('yelp API error: All connection attempts failed'))
2025-07-10T21:43:50.1650856Z  +  and   'yelp api error: all connection attempts failed' = <built-in method lower of str object at 0x7f2cba2fcff0>()
2025-07-10T21:43:50.1651598Z  +    where <built-in method lower of str object at 0x7f2cba2fcff0> = 'yelp API error: All connection attempts failed'.lower
2025-07-10T21:43:50.1652404Z  +      where 'yelp API error: All connection attempts failed' = str(ExternalAPIError('yelp API error: All connection attempts failed'))
2025-07-10T21:43:50.1653470Z  +  and   'yelp api error: all connection attempts failed' = <built-in method lower of str object at 0x7f2cba2fcff0>()
2025-07-10T21:43:50.1654104Z  +    where <built-in method lower of str object at 0x7f2cba2fcff0> = 'yelp API error: All connection attempts failed'.lower
2025-07-10T21:43:50.1654801Z  +      where 'yelp API error: All connection attempts failed' = str(ExternalAPIError('yelp API error: All connection attempts failed'))
2025-07-10T21:43:50.1655337Z !!!!!!!!!!!!!!!!!!!!!!!!!! stopping after 1 failures !!!!!!!!!!!!!!!!!!!!!!!!!!!
2025-07-10T21:43:50.1655659Z 1 failed, 63 passed, 13 skipped in 13.26s
2025-07-10T21:43:51.0730307Z ##[error]Process completed with exit code 1.
2025-07-10T21:43:51.0823287Z Post job cleanup.
2025-07-10T21:43:51.1549322Z [command]/usr/bin/git version
2025-07-10T21:43:51.1584182Z git version 2.49.0
2025-07-10T21:43:51.1628582Z Temporarily overriding HOME='/home/runner/work/_temp/a1f1796d-389f-4abb-9e5a-9d5f1705f073' before making global git config changes
2025-07-10T21:43:51.1630053Z Adding repository directory to the temporary git global config as a safe directory
2025-07-10T21:43:51.1633449Z [command]/usr/bin/git config --global --add safe.directory /home/runner/work/LeadFactory_v1/LeadFactory_v1
2025-07-10T21:43:51.1665023Z [command]/usr/bin/git config --local --name-only --get-regexp core\.sshCommand
2025-07-10T21:43:51.1693908Z [command]/usr/bin/git submodule foreach --recursive sh -c "git config --local --name-only --get-regexp 'core\.sshCommand' && git config --local --unset-all 'core.sshCommand' || :"
2025-07-10T21:43:51.1916733Z [command]/usr/bin/git config --local --name-only --get-regexp http\.https\:\/\/github\.com\/\.extraheader
2025-07-10T21:43:51.1937458Z http.https://github.com/.extraheader
2025-07-10T21:43:51.1948398Z [command]/usr/bin/git config --local --unset-all http.https://github.com/.extraheader
2025-07-10T21:43:51.1976333Z [command]/usr/bin/git submodule foreach --recursive sh -c "git config --local --name-only --get-regexp 'http\.https\:\/\/github\.com\/\.extraheader' && git config --local --unset-all 'http.https://github.com/.extraheader' || :"
2025-07-10T21:43:51.2307803Z Cleaning up orphan processes
