2025-07-10T21:13:29.6583998Z Current runner version: '2.325.0'
2025-07-10T21:13:29.6619464Z ##[group]Runner Image Provisioner
2025-07-10T21:13:29.6620431Z Hosted Compute Agent
2025-07-10T21:13:29.6620989Z Version: 20250710.361
2025-07-10T21:13:29.6621562Z Commit: 1aa91963755b73deaa955e512f5de173acfde7a8
2025-07-10T21:13:29.6622330Z Build Date: 2025-07-10T18:39:53Z
2025-07-10T21:13:29.6622934Z ##[endgroup]
2025-07-10T21:13:29.6623468Z ##[group]Operating System
2025-07-10T21:13:29.6624119Z Ubuntu
2025-07-10T21:13:29.6624576Z 24.04.2
2025-07-10T21:13:29.6625094Z LTS
2025-07-10T21:13:29.6625564Z ##[endgroup]
2025-07-10T21:13:29.6626090Z ##[group]Runner Image
2025-07-10T21:13:29.6626858Z Image: ubuntu-24.04
2025-07-10T21:13:29.6627479Z Version: 20250629.1.0
2025-07-10T21:13:29.6628516Z Included Software: https://github.com/actions/runner-images/blob/ubuntu24/20250629.1/images/ubuntu/Ubuntu2404-Readme.md
2025-07-10T21:13:29.6629989Z Image Release: https://github.com/actions/runner-images/releases/tag/ubuntu24%2F20250629.1
2025-07-10T21:13:29.6631043Z ##[endgroup]
2025-07-10T21:13:29.6632051Z ##[group]GITHUB_TOKEN Permissions
2025-07-10T21:13:29.6634167Z Contents: read
2025-07-10T21:13:29.6634727Z Metadata: read
2025-07-10T21:13:29.6635199Z ##[endgroup]
2025-07-10T21:13:29.6637805Z Secret source: Actions
2025-07-10T21:13:29.6638490Z Prepare workflow directory
2025-07-10T21:13:29.7075179Z Prepare all required actions
2025-07-10T21:13:29.7131437Z Getting action download info
2025-07-10T21:13:30.0341531Z ##[group]Download immutable action package 'actions/checkout@v3'
2025-07-10T21:13:30.0342576Z Version: 3.6.0
2025-07-10T21:13:30.0343515Z Digest: sha256:942562b9c7d4b1f2557f1da21f4d3eb4eb4fd01f2ad78b2a6e187d1b193e0a0f
2025-07-10T21:13:30.0344822Z Source commit SHA: f43a0e5ff2bd294095638e18286ca9a3d1956744
2025-07-10T21:13:30.0345548Z ##[endgroup]
2025-07-10T21:13:30.5071322Z ##[group]Download immutable action package 'actions/setup-python@v4'
2025-07-10T21:13:30.5072248Z Version: 4.9.1
2025-07-10T21:13:30.5073201Z Digest: sha256:f03e505388af670b5a108629e0ba26befc08d5c62b41f46146a45fe29ae509a5
2025-07-10T21:13:30.5074256Z Source commit SHA: 7f4fc3e22c37d6ff65e88745f38bd3157c663f7c
2025-07-10T21:13:30.5074996Z ##[endgroup]
2025-07-10T21:13:30.8615730Z Complete job name: test
2025-07-10T21:13:30.9315635Z ##[group]Run actions/checkout@v3
2025-07-10T21:13:30.9316546Z with:
2025-07-10T21:13:30.9317184Z   repository: mirqtio/LeadFactory_v1
2025-07-10T21:13:30.9317926Z   token: ***
2025-07-10T21:13:30.9318376Z   ssh-strict: true
2025-07-10T21:13:30.9318856Z   persist-credentials: true
2025-07-10T21:13:30.9319363Z   clean: true
2025-07-10T21:13:30.9319808Z   sparse-checkout-cone-mode: true
2025-07-10T21:13:30.9320335Z   fetch-depth: 1
2025-07-10T21:13:30.9320777Z   fetch-tags: false
2025-07-10T21:13:30.9321209Z   lfs: false
2025-07-10T21:13:30.9321615Z   submodules: false
2025-07-10T21:13:30.9322068Z   set-safe-directory: true
2025-07-10T21:13:30.9322850Z ##[endgroup]
2025-07-10T21:13:31.0203656Z Syncing repository: mirqtio/LeadFactory_v1
2025-07-10T21:13:31.0205637Z ##[group]Getting Git version info
2025-07-10T21:13:31.0206485Z Working directory is '/home/runner/work/LeadFactory_v1/LeadFactory_v1'
2025-07-10T21:13:31.0207822Z [command]/usr/bin/git version
2025-07-10T21:13:31.1470874Z git version 2.49.0
2025-07-10T21:13:31.1499918Z ##[endgroup]
2025-07-10T21:13:31.1518858Z Temporarily overriding HOME='/home/runner/work/_temp/7769c5c0-f8e9-411f-9010-de4f368d0b82' before making global git config changes
2025-07-10T21:13:31.1521528Z Adding repository directory to the temporary git global config as a safe directory
2025-07-10T21:13:31.1524090Z [command]/usr/bin/git config --global --add safe.directory /home/runner/work/LeadFactory_v1/LeadFactory_v1
2025-07-10T21:13:31.1606400Z Deleting the contents of '/home/runner/work/LeadFactory_v1/LeadFactory_v1'
2025-07-10T21:13:31.1610722Z ##[group]Initializing the repository
2025-07-10T21:13:31.1614599Z [command]/usr/bin/git init /home/runner/work/LeadFactory_v1/LeadFactory_v1
2025-07-10T21:13:31.2529197Z hint: Using 'master' as the name for the initial branch. This default branch name
2025-07-10T21:13:31.2531422Z hint: is subject to change. To configure the initial branch name to use in all
2025-07-10T21:13:31.2532645Z hint: of your new repositories, which will suppress this warning, call:
2025-07-10T21:13:31.2533532Z hint:
2025-07-10T21:13:31.2534135Z hint: 	git config --global init.defaultBranch <name>
2025-07-10T21:13:31.2534871Z hint:
2025-07-10T21:13:31.2535558Z hint: Names commonly chosen instead of 'master' are 'main', 'trunk' and
2025-07-10T21:13:31.2536921Z hint: 'development'. The just-created branch can be renamed via this command:
2025-07-10T21:13:31.2537857Z hint:
2025-07-10T21:13:31.2538330Z hint: 	git branch -m <name>
2025-07-10T21:13:31.2610122Z Initialized empty Git repository in /home/runner/work/LeadFactory_v1/LeadFactory_v1/.git/
2025-07-10T21:13:31.2622374Z [command]/usr/bin/git remote add origin https://github.com/mirqtio/LeadFactory_v1
2025-07-10T21:13:31.2699229Z ##[endgroup]
2025-07-10T21:13:31.2700569Z ##[group]Disabling automatic garbage collection
2025-07-10T21:13:31.2702576Z [command]/usr/bin/git config --local gc.auto 0
2025-07-10T21:13:31.2730943Z ##[endgroup]
2025-07-10T21:13:31.2732337Z ##[group]Setting up auth
2025-07-10T21:13:31.2737534Z [command]/usr/bin/git config --local --name-only --get-regexp core\.sshCommand
2025-07-10T21:13:31.2766353Z [command]/usr/bin/git submodule foreach --recursive sh -c "git config --local --name-only --get-regexp 'core\.sshCommand' && git config --local --unset-all 'core.sshCommand' || :"
2025-07-10T21:13:31.4348642Z [command]/usr/bin/git config --local --name-only --get-regexp http\.https\:\/\/github\.com\/\.extraheader
2025-07-10T21:13:31.4377171Z [command]/usr/bin/git submodule foreach --recursive sh -c "git config --local --name-only --get-regexp 'http\.https\:\/\/github\.com\/\.extraheader' && git config --local --unset-all 'http.https://github.com/.extraheader' || :"
2025-07-10T21:13:31.4595429Z [command]/usr/bin/git config --local http.https://github.com/.extraheader AUTHORIZATION: basic ***
2025-07-10T21:13:31.4627813Z ##[endgroup]
2025-07-10T21:13:31.4628971Z ##[group]Fetching the repository
2025-07-10T21:13:31.4639632Z [command]/usr/bin/git -c protocol.version=2 fetch --no-tags --prune --progress --no-recurse-submodules --depth=1 origin +4e31162aac44fffe1e66028436fca462fe024d11:refs/remotes/origin/fix/ci-green
2025-07-10T21:13:31.8046492Z remote: Enumerating objects: 619, done.        
2025-07-10T21:13:31.8048109Z remote: Counting objects:   0% (1/619)        
2025-07-10T21:13:31.8049417Z remote: Counting objects:   1% (7/619)        
2025-07-10T21:13:31.8051031Z remote: Counting objects:   2% (13/619)        
2025-07-10T21:13:31.8053033Z remote: Counting objects:   3% (19/619)        
2025-07-10T21:13:31.8054450Z remote: Counting objects:   4% (25/619)        
2025-07-10T21:13:31.8055961Z remote: Counting objects:   5% (31/619)        
2025-07-10T21:13:31.8057593Z remote: Counting objects:   6% (38/619)        
2025-07-10T21:13:31.8058866Z remote: Counting objects:   7% (44/619)        
2025-07-10T21:13:31.8060139Z remote: Counting objects:   8% (50/619)        
2025-07-10T21:13:31.8061363Z remote: Counting objects:   9% (56/619)        
2025-07-10T21:13:31.8062582Z remote: Counting objects:  10% (62/619)        
2025-07-10T21:13:31.8063943Z remote: Counting objects:  11% (69/619)        
2025-07-10T21:13:31.8065404Z remote: Counting objects:  12% (75/619)        
2025-07-10T21:13:31.8067058Z remote: Counting objects:  13% (81/619)        
2025-07-10T21:13:31.8068561Z remote: Counting objects:  14% (87/619)        
2025-07-10T21:13:31.8070052Z remote: Counting objects:  15% (93/619)        
2025-07-10T21:13:31.8071557Z remote: Counting objects:  16% (100/619)        
2025-07-10T21:13:31.8073172Z remote: Counting objects:  17% (106/619)        
2025-07-10T21:13:31.8074793Z remote: Counting objects:  18% (112/619)        
2025-07-10T21:13:31.8076484Z remote: Counting objects:  19% (118/619)        
2025-07-10T21:13:31.8078725Z remote: Counting objects:  20% (124/619)        
2025-07-10T21:13:31.8080676Z remote: Counting objects:  21% (130/619)        
2025-07-10T21:13:31.8082208Z remote: Counting objects:  22% (137/619)        
2025-07-10T21:13:31.8083749Z remote: Counting objects:  23% (143/619)        
2025-07-10T21:13:31.8085304Z remote: Counting objects:  24% (149/619)        
2025-07-10T21:13:31.8087058Z remote: Counting objects:  25% (155/619)        
2025-07-10T21:13:31.8088586Z remote: Counting objects:  26% (161/619)        
2025-07-10T21:13:31.8090085Z remote: Counting objects:  27% (168/619)        
2025-07-10T21:13:31.8091569Z remote: Counting objects:  28% (174/619)        
2025-07-10T21:13:31.8093051Z remote: Counting objects:  29% (180/619)        
2025-07-10T21:13:31.8094527Z remote: Counting objects:  30% (186/619)        
2025-07-10T21:13:31.8095991Z remote: Counting objects:  31% (192/619)        
2025-07-10T21:13:31.8097715Z remote: Counting objects:  32% (199/619)        
2025-07-10T21:13:31.8099186Z remote: Counting objects:  33% (205/619)        
2025-07-10T21:13:31.8100676Z remote: Counting objects:  34% (211/619)        
2025-07-10T21:13:31.8102153Z remote: Counting objects:  35% (217/619)        
2025-07-10T21:13:31.8103634Z remote: Counting objects:  36% (223/619)        
2025-07-10T21:13:31.8105067Z remote: Counting objects:  37% (230/619)        
2025-07-10T21:13:31.8106494Z remote: Counting objects:  38% (236/619)        
2025-07-10T21:13:31.8108130Z remote: Counting objects:  39% (242/619)        
2025-07-10T21:13:31.8109548Z remote: Counting objects:  40% (248/619)        
2025-07-10T21:13:31.8111158Z remote: Counting objects:  41% (254/619)        
2025-07-10T21:13:31.8113186Z remote: Counting objects:  42% (260/619)        
2025-07-10T21:13:31.8115359Z remote: Counting objects:  43% (267/619)        
2025-07-10T21:13:31.8117499Z remote: Counting objects:  44% (273/619)        
2025-07-10T21:13:31.8119123Z remote: Counting objects:  45% (279/619)        
2025-07-10T21:13:31.8120783Z remote: Counting objects:  46% (285/619)        
2025-07-10T21:13:31.8122464Z remote: Counting objects:  47% (291/619)        
2025-07-10T21:13:31.8123923Z remote: Counting objects:  48% (298/619)        
2025-07-10T21:13:31.8125309Z remote: Counting objects:  49% (304/619)        
2025-07-10T21:13:31.8127143Z remote: Counting objects:  50% (310/619)        
2025-07-10T21:13:31.8128574Z remote: Counting objects:  51% (316/619)        
2025-07-10T21:13:31.8129943Z remote: Counting objects:  52% (322/619)        
2025-07-10T21:13:31.8131315Z remote: Counting objects:  53% (329/619)        
2025-07-10T21:13:31.8132698Z remote: Counting objects:  54% (335/619)        
2025-07-10T21:13:31.8134066Z remote: Counting objects:  55% (341/619)        
2025-07-10T21:13:31.8135426Z remote: Counting objects:  56% (347/619)        
2025-07-10T21:13:31.8137010Z remote: Counting objects:  57% (353/619)        
2025-07-10T21:13:31.8138429Z remote: Counting objects:  58% (360/619)        
2025-07-10T21:13:31.8139815Z remote: Counting objects:  59% (366/619)        
2025-07-10T21:13:31.8142038Z remote: Counting objects:  60% (372/619)        
2025-07-10T21:13:31.8143957Z remote: Counting objects:  61% (378/619)        
2025-07-10T21:13:31.8145452Z remote: Counting objects:  62% (384/619)        
2025-07-10T21:13:31.8147066Z remote: Counting objects:  63% (390/619)        
2025-07-10T21:13:31.8148477Z remote: Counting objects:  64% (397/619)        
2025-07-10T21:13:31.8149849Z remote: Counting objects:  65% (403/619)        
2025-07-10T21:13:31.8151210Z remote: Counting objects:  66% (409/619)        
2025-07-10T21:13:31.8152582Z remote: Counting objects:  67% (415/619)        
2025-07-10T21:13:31.8153939Z remote: Counting objects:  68% (421/619)        
2025-07-10T21:13:31.8155300Z remote: Counting objects:  69% (428/619)        
2025-07-10T21:13:31.8156797Z remote: Counting objects:  70% (434/619)        
2025-07-10T21:13:31.8158227Z remote: Counting objects:  71% (440/619)        
2025-07-10T21:13:31.8159588Z remote: Counting objects:  72% (446/619)        
2025-07-10T21:13:31.8160946Z remote: Counting objects:  73% (452/619)        
2025-07-10T21:13:31.8162524Z remote: Counting objects:  74% (459/619)        
2025-07-10T21:13:31.8163883Z remote: Counting objects:  75% (465/619)        
2025-07-10T21:13:31.8165495Z remote: Counting objects:  76% (471/619)        
2025-07-10T21:13:31.8167037Z remote: Counting objects:  77% (477/619)        
2025-07-10T21:13:31.8168416Z remote: Counting objects:  78% (483/619)        
2025-07-10T21:13:31.8169781Z remote: Counting objects:  79% (490/619)        
2025-07-10T21:13:31.8171141Z remote: Counting objects:  80% (496/619)        
2025-07-10T21:13:31.8172502Z remote: Counting objects:  81% (502/619)        
2025-07-10T21:13:31.8173854Z remote: Counting objects:  82% (508/619)        
2025-07-10T21:13:31.8175209Z remote: Counting objects:  83% (514/619)        
2025-07-10T21:13:31.8176571Z remote: Counting objects:  84% (520/619)        
2025-07-10T21:13:31.8178152Z remote: Counting objects:  85% (527/619)        
2025-07-10T21:13:31.8179518Z remote: Counting objects:  86% (533/619)        
2025-07-10T21:13:31.8180891Z remote: Counting objects:  87% (539/619)        
2025-07-10T21:13:31.8182229Z remote: Counting objects:  88% (545/619)        
2025-07-10T21:13:31.8183574Z remote: Counting objects:  89% (551/619)        
2025-07-10T21:13:31.8184894Z remote: Counting objects:  90% (558/619)        
2025-07-10T21:13:31.8186215Z remote: Counting objects:  91% (564/619)        
2025-07-10T21:13:31.8187723Z remote: Counting objects:  92% (570/619)        
2025-07-10T21:13:31.8189032Z remote: Counting objects:  93% (576/619)        
2025-07-10T21:13:31.8190341Z remote: Counting objects:  94% (582/619)        
2025-07-10T21:13:31.8191643Z remote: Counting objects:  95% (589/619)        
2025-07-10T21:13:31.8192959Z remote: Counting objects:  96% (595/619)        
2025-07-10T21:13:31.8194255Z remote: Counting objects:  97% (601/619)        
2025-07-10T21:13:31.8195557Z remote: Counting objects:  98% (607/619)        
2025-07-10T21:13:31.8197335Z remote: Counting objects:  99% (613/619)        
2025-07-10T21:13:31.8199186Z remote: Counting objects: 100% (619/619)        
2025-07-10T21:13:31.8200574Z remote: Counting objects: 100% (619/619), done.        
2025-07-10T21:13:31.8202265Z remote: Compressing objects:   0% (1/552)        
2025-07-10T21:13:31.8203626Z remote: Compressing objects:   1% (6/552)        
2025-07-10T21:13:31.8204965Z remote: Compressing objects:   2% (12/552)        
2025-07-10T21:13:31.8206301Z remote: Compressing objects:   3% (17/552)        
2025-07-10T21:13:31.8207941Z remote: Compressing objects:   4% (23/552)        
2025-07-10T21:13:31.8209269Z remote: Compressing objects:   5% (28/552)        
2025-07-10T21:13:31.8210613Z remote: Compressing objects:   6% (34/552)        
2025-07-10T21:13:31.8211959Z remote: Compressing objects:   7% (39/552)        
2025-07-10T21:13:31.8253748Z remote: Compressing objects:   8% (45/552)        
2025-07-10T21:13:31.8296388Z remote: Compressing objects:   9% (50/552)        
2025-07-10T21:13:31.8311153Z remote: Compressing objects:  10% (56/552)        
2025-07-10T21:13:31.8340742Z remote: Compressing objects:  11% (61/552)        
2025-07-10T21:13:31.8393678Z remote: Compressing objects:  12% (67/552)        
2025-07-10T21:13:31.8457224Z remote: Compressing objects:  13% (72/552)        
2025-07-10T21:13:31.8482929Z remote: Compressing objects:  14% (78/552)        
2025-07-10T21:13:31.8503153Z remote: Compressing objects:  15% (83/552)        
2025-07-10T21:13:31.8530513Z remote: Compressing objects:  16% (89/552)        
2025-07-10T21:13:31.8565865Z remote: Compressing objects:  17% (94/552)        
2025-07-10T21:13:31.8611980Z remote: Compressing objects:  18% (100/552)        
2025-07-10T21:13:31.8723961Z remote: Compressing objects:  19% (105/552)        
2025-07-10T21:13:31.8787438Z remote: Compressing objects:  20% (111/552)        
2025-07-10T21:13:31.8826578Z remote: Compressing objects:  21% (116/552)        
2025-07-10T21:13:31.8885628Z remote: Compressing objects:  22% (122/552)        
2025-07-10T21:13:31.8964006Z remote: Compressing objects:  23% (127/552)        
2025-07-10T21:13:31.9032868Z remote: Compressing objects:  24% (133/552)        
2025-07-10T21:13:31.9090702Z remote: Compressing objects:  25% (138/552)        
2025-07-10T21:13:31.9128080Z remote: Compressing objects:  26% (144/552)        
2025-07-10T21:13:31.9148160Z remote: Compressing objects:  27% (150/552)        
2025-07-10T21:13:31.9198724Z remote: Compressing objects:  28% (155/552)        
2025-07-10T21:13:31.9276535Z remote: Compressing objects:  29% (161/552)        
2025-07-10T21:13:31.9310859Z remote: Compressing objects:  30% (166/552)        
2025-07-10T21:13:31.9361897Z remote: Compressing objects:  31% (172/552)        
2025-07-10T21:13:31.9417988Z remote: Compressing objects:  32% (177/552)        
2025-07-10T21:13:31.9467375Z remote: Compressing objects:  33% (183/552)        
2025-07-10T21:13:31.9535017Z remote: Compressing objects:  34% (188/552)        
2025-07-10T21:13:31.9585037Z remote: Compressing objects:  35% (194/552)        
2025-07-10T21:13:31.9643019Z remote: Compressing objects:  36% (199/552)        
2025-07-10T21:13:31.9686298Z remote: Compressing objects:  37% (205/552)        
2025-07-10T21:13:31.9701323Z remote: Compressing objects:  38% (210/552)        
2025-07-10T21:13:31.9710844Z remote: Compressing objects:  39% (216/552)        
2025-07-10T21:13:31.9712481Z remote: Compressing objects:  40% (221/552)        
2025-07-10T21:13:31.9790275Z remote: Compressing objects:  41% (227/552)        
2025-07-10T21:13:31.9834333Z remote: Compressing objects:  42% (232/552)        
2025-07-10T21:13:31.9867170Z remote: Compressing objects:  43% (238/552)        
2025-07-10T21:13:31.9903281Z remote: Compressing objects:  44% (243/552)        
2025-07-10T21:13:31.9940818Z remote: Compressing objects:  45% (249/552)        
2025-07-10T21:13:32.0051562Z remote: Compressing objects:  46% (254/552)        
2025-07-10T21:13:32.0102248Z remote: Compressing objects:  47% (260/552)        
2025-07-10T21:13:32.0163393Z remote: Compressing objects:  48% (265/552)        
2025-07-10T21:13:32.0209032Z remote: Compressing objects:  49% (271/552)        
2025-07-10T21:13:32.0239527Z remote: Compressing objects:  50% (276/552)        
2025-07-10T21:13:32.0262690Z remote: Compressing objects:  51% (282/552)        
2025-07-10T21:13:32.0290590Z remote: Compressing objects:  52% (288/552)        
2025-07-10T21:13:32.0318815Z remote: Compressing objects:  53% (293/552)        
2025-07-10T21:13:32.0355556Z remote: Compressing objects:  54% (299/552)        
2025-07-10T21:13:32.0429006Z remote: Compressing objects:  55% (304/552)        
2025-07-10T21:13:32.0494855Z remote: Compressing objects:  56% (310/552)        
2025-07-10T21:13:32.0561088Z remote: Compressing objects:  57% (315/552)        
2025-07-10T21:13:32.0611815Z remote: Compressing objects:  58% (321/552)        
2025-07-10T21:13:32.0634902Z remote: Compressing objects:  59% (326/552)        
2025-07-10T21:13:32.0638555Z remote: Compressing objects:  60% (332/552)        
2025-07-10T21:13:32.0641549Z remote: Compressing objects:  61% (337/552)        
2025-07-10T21:13:32.0643315Z remote: Compressing objects:  62% (343/552)        
2025-07-10T21:13:32.0644696Z remote: Compressing objects:  63% (348/552)        
2025-07-10T21:13:32.0649123Z remote: Compressing objects:  64% (354/552)        
2025-07-10T21:13:32.0695053Z remote: Compressing objects:  65% (359/552)        
2025-07-10T21:13:32.0707499Z remote: Compressing objects:  66% (365/552)        
2025-07-10T21:13:32.0718762Z remote: Compressing objects:  67% (370/552)        
2025-07-10T21:13:32.0726041Z remote: Compressing objects:  68% (376/552)        
2025-07-10T21:13:32.0736979Z remote: Compressing objects:  69% (381/552)        
2025-07-10T21:13:32.0768059Z remote: Compressing objects:  70% (387/552)        
2025-07-10T21:13:32.0772278Z remote: Compressing objects:  71% (392/552)        
2025-07-10T21:13:32.0780951Z remote: Compressing objects:  72% (398/552)        
2025-07-10T21:13:32.0787363Z remote: Compressing objects:  73% (403/552)        
2025-07-10T21:13:32.0802613Z remote: Compressing objects:  74% (409/552)        
2025-07-10T21:13:32.0804045Z remote: Compressing objects:  75% (414/552)        
2025-07-10T21:13:32.0936568Z remote: Compressing objects:  76% (420/552)        
2025-07-10T21:13:32.0940339Z remote: Compressing objects:  77% (426/552)        
2025-07-10T21:13:32.0943117Z remote: Compressing objects:  78% (431/552)        
2025-07-10T21:13:32.0945491Z remote: Compressing objects:  79% (437/552)        
2025-07-10T21:13:32.0948031Z remote: Compressing objects:  80% (442/552)        
2025-07-10T21:13:32.0949819Z remote: Compressing objects:  81% (448/552)        
2025-07-10T21:13:32.0951189Z remote: Compressing objects:  82% (453/552)        
2025-07-10T21:13:32.0952555Z remote: Compressing objects:  83% (459/552)        
2025-07-10T21:13:32.0954614Z remote: Compressing objects:  84% (464/552)        
2025-07-10T21:13:32.0956361Z remote: Compressing objects:  85% (470/552)        
2025-07-10T21:13:32.0957921Z remote: Compressing objects:  86% (475/552)        
2025-07-10T21:13:32.0960003Z remote: Compressing objects:  87% (481/552)        
2025-07-10T21:13:32.0962244Z remote: Compressing objects:  88% (486/552)        
2025-07-10T21:13:32.0963801Z remote: Compressing objects:  89% (492/552)        
2025-07-10T21:13:32.0965534Z remote: Compressing objects:  90% (497/552)        
2025-07-10T21:13:32.0967195Z remote: Compressing objects:  91% (503/552)        
2025-07-10T21:13:32.0968531Z remote: Compressing objects:  92% (508/552)        
2025-07-10T21:13:32.0969817Z remote: Compressing objects:  93% (514/552)        
2025-07-10T21:13:32.0971107Z remote: Compressing objects:  94% (519/552)        
2025-07-10T21:13:32.0972389Z remote: Compressing objects:  95% (525/552)        
2025-07-10T21:13:32.0973657Z remote: Compressing objects:  96% (530/552)        
2025-07-10T21:13:32.0974929Z remote: Compressing objects:  97% (536/552)        
2025-07-10T21:13:32.0976321Z remote: Compressing objects:  98% (541/552)        
2025-07-10T21:13:32.0977958Z remote: Compressing objects:  99% (547/552)        
2025-07-10T21:13:32.0979215Z remote: Compressing objects: 100% (552/552)        
2025-07-10T21:13:32.0980872Z remote: Compressing objects: 100% (552/552), done.        
2025-07-10T21:13:32.1136591Z Receiving objects:   0% (1/619)
2025-07-10T21:13:32.1138764Z Receiving objects:   1% (7/619)
2025-07-10T21:13:32.2037468Z Receiving objects:   2% (13/619)
2025-07-10T21:13:32.2120696Z Receiving objects:   3% (19/619)
2025-07-10T21:13:32.2124078Z Receiving objects:   4% (25/619)
2025-07-10T21:13:32.2128146Z Receiving objects:   5% (31/619)
2025-07-10T21:13:32.2132129Z Receiving objects:   6% (38/619)
2025-07-10T21:13:32.2140028Z Receiving objects:   7% (44/619)
2025-07-10T21:13:32.2145166Z Receiving objects:   8% (50/619)
2025-07-10T21:13:32.2150094Z Receiving objects:   9% (56/619)
2025-07-10T21:13:32.2156895Z Receiving objects:  10% (62/619)
2025-07-10T21:13:32.2171109Z Receiving objects:  11% (69/619)
2025-07-10T21:13:32.2172817Z Receiving objects:  12% (75/619)
2025-07-10T21:13:32.2174856Z Receiving objects:  13% (81/619)
2025-07-10T21:13:32.2178276Z Receiving objects:  14% (87/619)
2025-07-10T21:13:32.2183638Z Receiving objects:  15% (93/619)
2025-07-10T21:13:32.2187866Z Receiving objects:  16% (100/619)
2025-07-10T21:13:32.2194234Z Receiving objects:  17% (106/619)
2025-07-10T21:13:32.2196453Z Receiving objects:  18% (112/619)
2025-07-10T21:13:32.2203512Z Receiving objects:  19% (118/619)
2025-07-10T21:13:32.2209807Z Receiving objects:  20% (124/619)
2025-07-10T21:13:32.2217585Z Receiving objects:  21% (130/619)
2025-07-10T21:13:32.2224255Z Receiving objects:  22% (137/619)
2025-07-10T21:13:32.2232991Z Receiving objects:  23% (143/619)
2025-07-10T21:13:32.2239727Z Receiving objects:  24% (149/619)
2025-07-10T21:13:32.2248603Z Receiving objects:  25% (155/619)
2025-07-10T21:13:32.2260246Z Receiving objects:  26% (161/619)
2025-07-10T21:13:32.2265012Z Receiving objects:  27% (168/619)
2025-07-10T21:13:32.2271298Z Receiving objects:  28% (174/619)
2025-07-10T21:13:32.2281962Z Receiving objects:  29% (180/619)
2025-07-10T21:13:32.2290738Z Receiving objects:  30% (186/619)
2025-07-10T21:13:32.2297268Z Receiving objects:  31% (192/619)
2025-07-10T21:13:32.2300691Z Receiving objects:  32% (199/619)
2025-07-10T21:13:32.2308636Z Receiving objects:  33% (205/619)
2025-07-10T21:13:32.2314050Z Receiving objects:  34% (211/619)
2025-07-10T21:13:32.2321433Z Receiving objects:  35% (217/619)
2025-07-10T21:13:32.2328834Z Receiving objects:  36% (223/619)
2025-07-10T21:13:32.2335784Z Receiving objects:  37% (230/619)
2025-07-10T21:13:32.2343581Z Receiving objects:  38% (236/619)
2025-07-10T21:13:32.2352249Z Receiving objects:  39% (242/619)
2025-07-10T21:13:32.2357700Z Receiving objects:  40% (248/619)
2025-07-10T21:13:32.2364524Z Receiving objects:  41% (254/619)
2025-07-10T21:13:32.2366358Z Receiving objects:  42% (260/619)
2025-07-10T21:13:32.2368484Z Receiving objects:  43% (267/619)
2025-07-10T21:13:32.2372302Z Receiving objects:  44% (273/619)
2025-07-10T21:13:32.2378269Z Receiving objects:  45% (279/619)
2025-07-10T21:13:32.2381559Z Receiving objects:  46% (285/619)
2025-07-10T21:13:32.2383289Z Receiving objects:  47% (291/619)
2025-07-10T21:13:32.2384705Z Receiving objects:  48% (298/619)
2025-07-10T21:13:32.2387846Z Receiving objects:  49% (304/619)
2025-07-10T21:13:32.2388964Z Receiving objects:  50% (310/619)
2025-07-10T21:13:32.2392333Z Receiving objects:  51% (316/619)
2025-07-10T21:13:32.2393897Z Receiving objects:  52% (322/619)
2025-07-10T21:13:32.2395461Z Receiving objects:  53% (329/619)
2025-07-10T21:13:32.2397201Z Receiving objects:  54% (335/619)
2025-07-10T21:13:32.2398345Z Receiving objects:  55% (341/619)
2025-07-10T21:13:32.2399853Z Receiving objects:  56% (347/619)
2025-07-10T21:13:32.2401009Z Receiving objects:  57% (353/619)
2025-07-10T21:13:32.2404158Z Receiving objects:  58% (360/619)
2025-07-10T21:13:32.2405745Z Receiving objects:  59% (366/619)
2025-07-10T21:13:32.2428782Z Receiving objects:  60% (372/619)
2025-07-10T21:13:32.2433074Z Receiving objects:  61% (378/619)
2025-07-10T21:13:32.2442563Z Receiving objects:  62% (384/619)
2025-07-10T21:13:32.2450036Z Receiving objects:  63% (390/619)
2025-07-10T21:13:32.2454476Z Receiving objects:  64% (397/619)
2025-07-10T21:13:32.2460864Z Receiving objects:  65% (403/619)
2025-07-10T21:13:32.2464485Z Receiving objects:  66% (409/619)
2025-07-10T21:13:32.2468114Z Receiving objects:  67% (415/619)
2025-07-10T21:13:32.2470737Z Receiving objects:  68% (421/619)
2025-07-10T21:13:32.2472445Z Receiving objects:  69% (428/619)
2025-07-10T21:13:32.2478717Z Receiving objects:  70% (434/619)
2025-07-10T21:13:32.2488593Z Receiving objects:  71% (440/619)
2025-07-10T21:13:32.2495772Z Receiving objects:  72% (446/619)
2025-07-10T21:13:32.2506478Z Receiving objects:  73% (452/619)
2025-07-10T21:13:32.2515088Z Receiving objects:  74% (459/619)
2025-07-10T21:13:32.2524561Z Receiving objects:  75% (465/619)
2025-07-10T21:13:32.2531173Z Receiving objects:  76% (471/619)
2025-07-10T21:13:32.2535172Z Receiving objects:  77% (477/619)
2025-07-10T21:13:32.2538944Z Receiving objects:  78% (483/619)
2025-07-10T21:13:32.2543201Z Receiving objects:  79% (490/619)
2025-07-10T21:13:32.2547417Z Receiving objects:  80% (496/619)
2025-07-10T21:13:32.2552794Z Receiving objects:  81% (502/619)
2025-07-10T21:13:32.2560670Z Receiving objects:  82% (508/619)
2025-07-10T21:13:32.2569352Z Receiving objects:  83% (514/619)
2025-07-10T21:13:32.2576347Z Receiving objects:  84% (520/619)
2025-07-10T21:13:32.2580942Z Receiving objects:  85% (527/619)
2025-07-10T21:13:32.2587561Z Receiving objects:  86% (533/619)
2025-07-10T21:13:32.2593487Z Receiving objects:  87% (539/619)
2025-07-10T21:13:32.2599194Z Receiving objects:  88% (545/619)
2025-07-10T21:13:32.2607477Z Receiving objects:  89% (551/619)
2025-07-10T21:13:32.2615257Z Receiving objects:  90% (558/619)
2025-07-10T21:13:32.2619374Z Receiving objects:  91% (564/619)
2025-07-10T21:13:32.2625516Z Receiving objects:  92% (570/619)
2025-07-10T21:13:32.2631294Z Receiving objects:  93% (576/619)
2025-07-10T21:13:32.2639262Z Receiving objects:  94% (582/619)
2025-07-10T21:13:32.2650294Z Receiving objects:  95% (589/619)
2025-07-10T21:13:32.2655580Z Receiving objects:  96% (595/619)
2025-07-10T21:13:32.2666074Z Receiving objects:  97% (601/619)
2025-07-10T21:13:32.2671179Z Receiving objects:  98% (607/619)
2025-07-10T21:13:32.7481604Z Receiving objects:  99% (613/619)
2025-07-10T21:13:32.7484535Z remote: Total 619 (delta 69), reused 292 (delta 53), pack-reused 0 (from 0)        
2025-07-10T21:13:32.7492644Z Receiving objects: 100% (619/619), 23.64 MiB | 47.37 MiB/s
2025-07-10T21:13:32.7495043Z Receiving objects: 100% (619/619), 32.45 MiB | 50.42 MiB/s, done.
2025-07-10T21:13:32.7502103Z Resolving deltas:   0% (0/69)
2025-07-10T21:13:32.7504278Z Resolving deltas:   1% (1/69)
2025-07-10T21:13:32.7505816Z Resolving deltas:   2% (2/69)
2025-07-10T21:13:32.7507590Z Resolving deltas:   4% (3/69)
2025-07-10T21:13:32.7509175Z Resolving deltas:   5% (4/69)
2025-07-10T21:13:32.7510699Z Resolving deltas:   7% (5/69)
2025-07-10T21:13:32.7512292Z Resolving deltas:   8% (6/69)
2025-07-10T21:13:32.7513797Z Resolving deltas:  10% (7/69)
2025-07-10T21:13:32.7515316Z Resolving deltas:  11% (8/69)
2025-07-10T21:13:32.7517076Z Resolving deltas:  13% (9/69)
2025-07-10T21:13:32.7518616Z Resolving deltas:  14% (10/69)
2025-07-10T21:13:32.7520185Z Resolving deltas:  15% (11/69)
2025-07-10T21:13:32.7521721Z Resolving deltas:  17% (12/69)
2025-07-10T21:13:32.7523255Z Resolving deltas:  18% (13/69)
2025-07-10T21:13:32.7524820Z Resolving deltas:  20% (14/69)
2025-07-10T21:13:32.7526333Z Resolving deltas:  21% (15/69)
2025-07-10T21:13:32.7528054Z Resolving deltas:  23% (16/69)
2025-07-10T21:13:32.7529573Z Resolving deltas:  24% (17/69)
2025-07-10T21:13:32.7531073Z Resolving deltas:  26% (18/69)
2025-07-10T21:13:32.7532342Z Resolving deltas:  27% (19/69)
2025-07-10T21:13:32.7533504Z Resolving deltas:  30% (21/69)
2025-07-10T21:13:32.7535007Z Resolving deltas:  31% (22/69)
2025-07-10T21:13:32.7536489Z Resolving deltas:  33% (23/69)
2025-07-10T21:13:32.7538312Z Resolving deltas:  34% (24/69)
2025-07-10T21:13:32.7539780Z Resolving deltas:  36% (25/69)
2025-07-10T21:13:32.7541319Z Resolving deltas:  37% (26/69)
2025-07-10T21:13:32.7543031Z Resolving deltas:  39% (27/69)
2025-07-10T21:13:32.7544463Z Resolving deltas:  40% (28/69)
2025-07-10T21:13:32.7545405Z Resolving deltas:  42% (29/69)
2025-07-10T21:13:32.7546331Z Resolving deltas:  43% (30/69)
2025-07-10T21:13:32.7547751Z Resolving deltas:  44% (31/69)
2025-07-10T21:13:32.7548675Z Resolving deltas:  46% (32/69)
2025-07-10T21:13:32.7549600Z Resolving deltas:  47% (33/69)
2025-07-10T21:13:32.7550508Z Resolving deltas:  49% (34/69)
2025-07-10T21:13:32.7551426Z Resolving deltas:  50% (35/69)
2025-07-10T21:13:32.7552326Z Resolving deltas:  52% (36/69)
2025-07-10T21:13:32.7553233Z Resolving deltas:  53% (37/69)
2025-07-10T21:13:32.7554141Z Resolving deltas:  55% (38/69)
2025-07-10T21:13:32.7555042Z Resolving deltas:  56% (39/69)
2025-07-10T21:13:32.7555957Z Resolving deltas:  57% (40/69)
2025-07-10T21:13:32.7557183Z Resolving deltas:  59% (41/69)
2025-07-10T21:13:32.7558116Z Resolving deltas:  60% (42/69)
2025-07-10T21:13:32.7559018Z Resolving deltas:  62% (43/69)
2025-07-10T21:13:32.7559969Z Resolving deltas:  63% (44/69)
2025-07-10T21:13:32.7560875Z Resolving deltas:  65% (45/69)
2025-07-10T21:13:32.7562020Z Resolving deltas:  66% (46/69)
2025-07-10T21:13:32.7563118Z Resolving deltas:  68% (47/69)
2025-07-10T21:13:32.7564037Z Resolving deltas:  69% (48/69)
2025-07-10T21:13:32.7564937Z Resolving deltas:  72% (50/69)
2025-07-10T21:13:32.7565849Z Resolving deltas:  73% (51/69)
2025-07-10T21:13:32.7567013Z Resolving deltas:  75% (52/69)
2025-07-10T21:13:32.7568230Z Resolving deltas:  76% (53/69)
2025-07-10T21:13:32.7569150Z Resolving deltas:  78% (54/69)
2025-07-10T21:13:32.7570089Z Resolving deltas:  79% (55/69)
2025-07-10T21:13:32.7571005Z Resolving deltas:  81% (56/69)
2025-07-10T21:13:32.7571925Z Resolving deltas:  82% (57/69)
2025-07-10T21:13:32.7572932Z Resolving deltas:  84% (58/69)
2025-07-10T21:13:32.7574321Z Resolving deltas:  85% (59/69)
2025-07-10T21:13:32.7575241Z Resolving deltas:  86% (60/69)
2025-07-10T21:13:32.7576168Z Resolving deltas:  88% (61/69)
2025-07-10T21:13:32.7577332Z Resolving deltas:  89% (62/69)
2025-07-10T21:13:32.7578259Z Resolving deltas:  91% (63/69)
2025-07-10T21:13:32.7579173Z Resolving deltas:  92% (64/69)
2025-07-10T21:13:32.7580325Z Resolving deltas:  94% (65/69)
2025-07-10T21:13:32.7581379Z Resolving deltas:  95% (66/69)
2025-07-10T21:13:32.7582300Z Resolving deltas:  97% (67/69)
2025-07-10T21:13:32.7583402Z Resolving deltas:  98% (68/69)
2025-07-10T21:13:32.7584332Z Resolving deltas: 100% (69/69)
2025-07-10T21:13:32.7585276Z Resolving deltas: 100% (69/69), done.
2025-07-10T21:13:32.7985296Z From https://github.com/mirqtio/LeadFactory_v1
2025-07-10T21:13:32.7987231Z  * [new ref]         4e31162aac44fffe1e66028436fca462fe024d11 -> origin/fix/ci-green
2025-07-10T21:13:32.8073826Z ##[endgroup]
2025-07-10T21:13:32.8075619Z ##[group]Determining the checkout info
2025-07-10T21:13:32.8077516Z ##[endgroup]
2025-07-10T21:13:32.8078854Z ##[group]Checking out the ref
2025-07-10T21:13:32.8080932Z [command]/usr/bin/git checkout --progress --force -B fix/ci-green refs/remotes/origin/fix/ci-green
2025-07-10T21:13:33.0314398Z Switched to a new branch 'fix/ci-green'
2025-07-10T21:13:33.0319417Z branch 'fix/ci-green' set up to track 'origin/fix/ci-green'.
2025-07-10T21:13:33.0337982Z ##[endgroup]
2025-07-10T21:13:33.0380221Z [command]/usr/bin/git log -1 --format='%H'
2025-07-10T21:13:33.0404761Z '4e31162aac44fffe1e66028436fca462fe024d11'
2025-07-10T21:13:33.0760678Z ##[group]Run actions/setup-python@v4
2025-07-10T21:13:33.0761660Z with:
2025-07-10T21:13:33.0762342Z   python-version: 3.11
2025-07-10T21:13:33.0763144Z   check-latest: false
2025-07-10T21:13:33.0764168Z   token: ***
2025-07-10T21:13:33.0764897Z   update-environment: true
2025-07-10T21:13:33.0765777Z   allow-prereleases: false
2025-07-10T21:13:33.0766614Z ##[endgroup]
2025-07-10T21:13:33.2584763Z ##[group]Installed versions
2025-07-10T21:13:33.3350015Z Successfully set up CPython (3.11.13)
2025-07-10T21:13:33.3352511Z ##[endgroup]
2025-07-10T21:13:33.3500905Z ##[group]Run python -m venv .venv
2025-07-10T21:13:33.3501953Z [36;1mpython -m venv .venv[0m
2025-07-10T21:13:33.3502857Z [36;1msource .venv/bin/activate[0m
2025-07-10T21:13:33.3503959Z [36;1mpython -m pip install --upgrade pip==23.3.1[0m
2025-07-10T21:13:33.3505280Z [36;1mpip install --require-hashes -r requirements.lock[0m
2025-07-10T21:13:33.3992197Z shell: /usr/bin/bash -e {0}
2025-07-10T21:13:33.3993186Z env:
2025-07-10T21:13:33.3994192Z   pythonLocation: /opt/hostedtoolcache/Python/3.11.13/x64
2025-07-10T21:13:33.3995937Z   PKG_CONFIG_PATH: /opt/hostedtoolcache/Python/3.11.13/x64/lib/pkgconfig
2025-07-10T21:13:33.3997793Z   Python_ROOT_DIR: /opt/hostedtoolcache/Python/3.11.13/x64
2025-07-10T21:13:33.3999151Z   Python2_ROOT_DIR: /opt/hostedtoolcache/Python/3.11.13/x64
2025-07-10T21:13:33.4000501Z   Python3_ROOT_DIR: /opt/hostedtoolcache/Python/3.11.13/x64
2025-07-10T21:13:33.4001895Z   LD_LIBRARY_PATH: /opt/hostedtoolcache/Python/3.11.13/x64/lib
2025-07-10T21:13:33.4003073Z ##[endgroup]
2025-07-10T21:13:39.3676302Z Collecting pip==23.3.1
2025-07-10T21:13:39.4041832Z   Downloading pip-23.3.1-py3-none-any.whl.metadata (3.5 kB)
2025-07-10T21:13:39.4150430Z Downloading pip-23.3.1-py3-none-any.whl (2.1 MB)
2025-07-10T21:13:39.4651216Z    ━━━━━━━━━━━━━━━━━━━━━━━━━━━━━━━━━━━━━━━━ 2.1/2.1 MB 45.3 MB/s eta 0:00:00
2025-07-10T21:13:39.5058784Z Installing collected packages: pip
2025-07-10T21:13:39.5059580Z   Attempting uninstall: pip
2025-07-10T21:13:39.5078253Z     Found existing installation: pip 24.0
2025-07-10T21:13:39.5464570Z     Uninstalling pip-24.0:
2025-07-10T21:13:39.5526321Z       Successfully uninstalled pip-24.0
2025-07-10T21:13:40.6094594Z Successfully installed pip-23.3.1
2025-07-10T21:13:41.1932870Z 
2025-07-10T21:13:41.1933476Z [notice] A new release of pip is available: 23.3.1 -> 25.1.1
2025-07-10T21:13:41.1934099Z [notice] To update, run: pip install --upgrade pip
2025-07-10T21:13:42.5354888Z Collecting aiohttp==3.9.1 (from -r requirements.lock (line 7))
2025-07-10T21:13:42.5723676Z   Downloading aiohttp-3.9.1-cp311-cp311-manylinux_2_17_x86_64.manylinux2014_x86_64.whl (1.3 MB)
2025-07-10T21:13:42.6145482Z      ━━━━━━━━━━━━━━━━━━━━━━━━━━━━━━━━━━━━━━━━ 1.3/1.3 MB 32.7 MB/s eta 0:00:00
2025-07-10T21:13:42.6333993Z Collecting aiosignal==1.4.0 (from -r requirements.lock (line 85))
2025-07-10T21:13:42.6380687Z   Downloading aiosignal-1.4.0-py3-none-any.whl (7.5 kB)
2025-07-10T21:13:42.6593411Z Collecting aiosqlite==0.21.0 (from -r requirements.lock (line 89))
2025-07-10T21:13:42.6634835Z   Downloading aiosqlite-0.21.0-py3-none-any.whl (15 kB)
2025-07-10T21:13:42.7071432Z Collecting alembic==1.12.1 (from -r requirements.lock (line 93))
2025-07-10T21:13:42.7138947Z   Downloading alembic-1.12.1-py3-none-any.whl (226 kB)
2025-07-10T21:13:42.7195478Z      ━━━━━━━━━━━━━━━━━━━━━━━━━━━━━━━━━━━━━━ 226.8/226.8 kB 63.5 MB/s eta 0:00:00
2025-07-10T21:13:42.7359756Z Collecting annotated-types==0.7.0 (from -r requirements.lock (line 99))
2025-07-10T21:13:42.7400591Z   Downloading annotated_types-0.7.0-py3-none-any.whl (13 kB)
2025-07-10T21:13:42.7723232Z Collecting anyio==3.7.1 (from -r requirements.lock (line 103))
2025-07-10T21:13:42.7762124Z   Downloading anyio-3.7.1-py3-none-any.whl (80 kB)
2025-07-10T21:13:42.7814506Z      ━━━━━━━━━━━━━━━━━━━━━━━━━━━━━━━━━━━━━━━━ 80.9/80.9 kB 21.9 MB/s eta 0:00:00
2025-07-10T21:13:42.8124975Z Collecting apprise==1.9.3 (from -r requirements.lock (line 113))
2025-07-10T21:13:42.8202368Z   Downloading apprise-1.9.3-py3-none-any.whl (1.4 MB)
2025-07-10T21:13:42.8366284Z      ━━━━━━━━━━━━━━━━━━━━━━━━━━━━━━━━━━━━━━━━ 1.4/1.4 MB 99.5 MB/s eta 0:00:00
2025-07-10T21:13:42.8610088Z Collecting asgi-lifespan==2.1.0 (from -r requirements.lock (line 117))
2025-07-10T21:13:42.8657271Z   Downloading asgi_lifespan-2.1.0-py3-none-any.whl (10 kB)
2025-07-10T21:13:42.8910855Z Collecting async-timeout==5.0.1 (from -r requirements.lock (line 121))
2025-07-10T21:13:42.8998922Z   Downloading async_timeout-5.0.1-py3-none-any.whl (6.2 kB)
2025-07-10T21:13:42.9529485Z Collecting asyncpg==0.29.0 (from -r requirements.lock (line 125))
2025-07-10T21:13:42.9591486Z   Downloading asyncpg-0.29.0-cp311-cp311-manylinux_2_17_x86_64.manylinux2014_x86_64.whl (2.8 MB)
2025-07-10T21:13:42.9827131Z      ━━━━━━━━━━━━━━━━━━━━━━━━━━━━━━━━━━━━━━━━ 2.8/2.8 MB 130.3 MB/s eta 0:00:00
2025-07-10T21:13:43.0087315Z Collecting attrs==25.3.0 (from -r requirements.lock (line 170))
2025-07-10T21:13:43.0129590Z   Downloading attrs-25.3.0-py3-none-any.whl (63 kB)
2025-07-10T21:13:43.0186532Z      ━━━━━━━━━━━━━━━━━━━━━━━━━━━━━━━━━━━━━━━━ 63.8/63.8 kB 14.3 MB/s eta 0:00:00
2025-07-10T21:13:43.0697635Z Collecting bcrypt==4.3.0 (from -r requirements.lock (line 177))
2025-07-10T21:13:43.0743937Z   Downloading bcrypt-4.3.0-cp39-abi3-manylinux_2_34_x86_64.whl (284 kB)
2025-07-10T21:13:43.0813683Z      ━━━━━━━━━━━━━━━━━━━━━━━━━━━━━━━━━━━━━━ 284.2/284.2 kB 61.2 MB/s eta 0:00:00
2025-07-10T21:13:43.1089642Z Collecting beautifulsoup4==4.12.0 (from -r requirements.lock (line 230))
2025-07-10T21:13:43.1143309Z   Downloading beautifulsoup4-4.12.0-py3-none-any.whl (132 kB)
2025-07-10T21:13:43.1195292Z      ━━━━━━━━━━━━━━━━━━━━━━━━━━━━━━━━━━━━━━ 132.2/132.2 kB 39.3 MB/s eta 0:00:00
2025-07-10T21:13:43.1430008Z Collecting cachetools==5.5.2 (from -r requirements.lock (line 234))
2025-07-10T21:13:43.1470146Z   Downloading cachetools-5.5.2-py3-none-any.whl (10 kB)
2025-07-10T21:13:43.1747689Z Collecting certifi==2025.7.9 (from -r requirements.lock (line 238))
2025-07-10T21:13:43.1790117Z   Downloading certifi-2025.7.9-py3-none-any.whl (159 kB)
2025-07-10T21:13:43.1850254Z      ━━━━━━━━━━━━━━━━━━━━━━━━━━━━━━━━━━━━━━ 159.2/159.2 kB 37.6 MB/s eta 0:00:00
2025-07-10T21:13:43.3228884Z Collecting cffi==1.17.1 (from -r requirements.lock (line 248))
2025-07-10T21:13:43.3274290Z   Downloading cffi-1.17.1-cp311-cp311-manylinux_2_17_x86_64.manylinux2014_x86_64.whl (467 kB)
2025-07-10T21:13:43.3352242Z      ━━━━━━━━━━━━━━━━━━━━━━━━━━━━━━━━━━━━━━ 467.2/467.2 kB 82.5 MB/s eta 0:00:00
2025-07-10T21:13:43.4225773Z Collecting charset-normalizer==3.4.2 (from -r requirements.lock (line 317))
2025-07-10T21:13:43.4270921Z   Downloading charset_normalizer-3.4.2-cp311-cp311-manylinux_2_17_x86_64.manylinux2014_x86_64.whl (147 kB)
2025-07-10T21:13:43.4322987Z      ━━━━━━━━━━━━━━━━━━━━━━━━━━━━━━━━━━━━━━ 147.3/147.3 kB 43.4 MB/s eta 0:00:00
2025-07-10T21:13:43.4588348Z Collecting click==8.1.7 (from -r requirements.lock (line 411))
2025-07-10T21:13:43.4631263Z   Downloading click-8.1.7-py3-none-any.whl (97 kB)
2025-07-10T21:13:43.4686107Z      ━━━━━━━━━━━━━━━━━━━━━━━━━━━━━━━━━━━━━━━━ 97.9/97.9 kB 24.5 MB/s eta 0:00:00
2025-07-10T21:13:43.4899820Z Collecting cloudpickle==3.1.1 (from -r requirements.lock (line 420))
2025-07-10T21:13:43.4939239Z   Downloading cloudpickle-3.1.1-py3-none-any.whl (20 kB)
2025-07-10T21:13:43.5202768Z Collecting colorama==0.4.6 (from -r requirements.lock (line 424))
2025-07-10T21:13:43.5262766Z   Downloading colorama-0.4.6-py2.py3-none-any.whl (25 kB)
2025-07-10T21:13:43.5460841Z Collecting coolname==2.2.0 (from -r requirements.lock (line 428))
2025-07-10T21:13:43.5500402Z   Downloading coolname-2.2.0-py2.py3-none-any.whl (37 kB)
2025-07-10T21:13:43.9279568Z Collecting coverage==7.9.2 (from coverage[toml]==7.9.2->-r requirements.lock (line 432))
2025-07-10T21:13:43.9336161Z   Downloading coverage-7.9.2-cp311-cp311-manylinux_2_5_x86_64.manylinux1_x86_64.manylinux_2_17_x86_64.manylinux2014_x86_64.whl (244 kB)
2025-07-10T21:13:43.9395126Z      ━━━━━━━━━━━━━━━━━━━━━━━━━━━━━━━━━━━━━━ 244.6/244.6 kB 59.8 MB/s eta 0:00:00
2025-07-10T21:13:43.9842436Z Collecting croniter==2.0.7 (from -r requirements.lock (line 503))
2025-07-10T21:13:43.9881269Z   Downloading croniter-2.0.7-py2.py3-none-any.whl (21 kB)
2025-07-10T21:13:44.2012527Z Collecting cryptography==41.0.7 (from -r requirements.lock (line 507))
2025-07-10T21:13:44.2057466Z   Downloading cryptography-41.0.7-cp37-abi3-manylinux_2_28_x86_64.whl (4.4 MB)
2025-07-10T21:13:44.2386995Z      ━━━━━━━━━━━━━━━━━━━━━━━━━━━━━━━━━━━━━━━━ 4.4/4.4 MB 142.0 MB/s eta 0:00:00
2025-07-10T21:13:44.2660765Z Collecting dateparser==1.2.0 (from -r requirements.lock (line 534))
2025-07-10T21:13:44.2702500Z   Downloading dateparser-1.2.0-py2.py3-none-any.whl (294 kB)
2025-07-10T21:13:44.2768605Z      ━━━━━━━━━━━━━━━━━━━━━━━━━━━━━━━━━━━━━━ 295.0/295.0 kB 62.6 MB/s eta 0:00:00
2025-07-10T21:13:44.2943212Z Collecting distro==1.9.0 (from -r requirements.lock (line 538))
2025-07-10T21:13:44.2981844Z   Downloading distro-1.9.0-py3-none-any.whl (20 kB)
2025-07-10T21:13:44.3241055Z Collecting dnspython==2.7.0 (from -r requirements.lock (line 542))
2025-07-10T21:13:44.3280883Z   Downloading dnspython-2.7.0-py3-none-any.whl (313 kB)
2025-07-10T21:13:44.3340044Z      ━━━━━━━━━━━━━━━━━━━━━━━━━━━━━━━━━━━━━━ 313.6/313.6 kB 78.7 MB/s eta 0:00:00
2025-07-10T21:13:44.3659509Z Collecting docker==6.1.3 (from -r requirements.lock (line 546))
2025-07-10T21:13:44.3773394Z   Downloading docker-6.1.3-py3-none-any.whl (148 kB)
2025-07-10T21:13:44.3827440Z      ━━━━━━━━━━━━━━━━━━━━━━━━━━━━━━━━━━━━━━ 148.1/148.1 kB 42.5 MB/s eta 0:00:00
2025-07-10T21:13:44.4039206Z Collecting email-validator==2.1.0 (from -r requirements.lock (line 550))
2025-07-10T21:13:44.4090035Z   Downloading email_validator-2.1.0-py3-none-any.whl (32 kB)
2025-07-10T21:13:44.4281619Z Collecting et-xmlfile==2.0.0 (from -r requirements.lock (line 556))
2025-07-10T21:13:44.4319818Z   Downloading et_xmlfile-2.0.0-py3-none-any.whl (18 kB)
2025-07-10T21:13:44.5052574Z Collecting fastapi==0.104.1 (from -r requirements.lock (line 560))
2025-07-10T21:13:44.5093178Z   Downloading fastapi-0.104.1-py3-none-any.whl (92 kB)
2025-07-10T21:13:44.5141766Z      ━━━━━━━━━━━━━━━━━━━━━━━━━━━━━━━━━━━━━━━━ 92.9/92.9 kB 28.2 MB/s eta 0:00:00
2025-07-10T21:13:44.5882714Z Collecting frozenlist==1.7.0 (from -r requirements.lock (line 566))
2025-07-10T21:13:44.5930918Z   Downloading frozenlist-1.7.0-cp311-cp311-manylinux_2_5_x86_64.manylinux1_x86_64.manylinux_2_17_x86_64.manylinux2014_x86_64.whl (235 kB)
2025-07-10T21:13:44.6013312Z      ━━━━━━━━━━━━━━━━━━━━━━━━━━━━━━━━━━━━━━ 235.3/235.3 kB 36.1 MB/s eta 0:00:00
2025-07-10T21:13:44.6351971Z Collecting fsspec==2025.5.1 (from -r requirements.lock (line 674))
2025-07-10T21:13:44.6396035Z   Downloading fsspec-2025.5.1-py3-none-any.whl (199 kB)
2025-07-10T21:13:44.6450655Z      ━━━━━━━━━━━━━━━━━━━━━━━━━━━━━━━━━━━━━━ 199.1/199.1 kB 52.1 MB/s eta 0:00:00
2025-07-10T21:13:44.6657093Z Collecting geographiclib==2.0 (from -r requirements.lock (line 678))
2025-07-10T21:13:44.6699313Z   Downloading geographiclib-2.0-py3-none-any.whl (40 kB)
2025-07-10T21:13:44.6739298Z      ━━━━━━━━━━━━━━━━━━━━━━━━━━━━━━━━━━━━━━━━ 40.3/40.3 kB 13.6 MB/s eta 0:00:00
2025-07-10T21:13:44.6962666Z Collecting geopy==2.4.1 (from -r requirements.lock (line 682))
2025-07-10T21:13:44.7003690Z   Downloading geopy-2.4.1-py3-none-any.whl (125 kB)
2025-07-10T21:13:44.7056950Z      ━━━━━━━━━━━━━━━━━━━━━━━━━━━━━━━━━━━━━━ 125.4/125.4 kB 34.7 MB/s eta 0:00:00
2025-07-10T21:13:44.7691917Z Collecting google-api-core==2.25.1 (from -r requirements.lock (line 686))
2025-07-10T21:13:44.7739282Z   Downloading google_api_core-2.25.1-py3-none-any.whl (160 kB)
2025-07-10T21:13:44.7793000Z      ━━━━━━━━━━━━━━━━━━━━━━━━━━━━━━━━━━━━━━ 160.8/160.8 kB 45.4 MB/s eta 0:00:00
2025-07-10T21:13:44.9172147Z Collecting google-api-python-client==2.100.0 (from -r requirements.lock (line 690))
2025-07-10T21:13:44.9223794Z   Downloading google_api_python_client-2.100.0-py2.py3-none-any.whl (12.2 MB)
2025-07-10T21:13:45.0163319Z      ━━━━━━━━━━━━━━━━━━━━━━━━━━━━━━━━━━━━━━━ 12.2/12.2 MB 127.3 MB/s eta 0:00:00
2025-07-10T21:13:45.1046849Z Collecting google-auth==2.40.3 (from -r requirements.lock (line 693))
2025-07-10T21:13:45.1089376Z   Downloading google_auth-2.40.3-py2.py3-none-any.whl (216 kB)
2025-07-10T21:13:45.1146534Z      ━━━━━━━━━━━━━━━━━━━━━━━━━━━━━━━━━━━━━━ 216.1/216.1 kB 56.5 MB/s eta 0:00:00
2025-07-10T21:13:45.1307941Z Collecting google-auth-httplib2==0.2.0 (from -r requirements.lock (line 701))
2025-07-10T21:13:45.1345967Z   Downloading google_auth_httplib2-0.2.0-py2.py3-none-any.whl (9.3 kB)
2025-07-10T21:13:45.1630544Z Collecting googleapis-common-protos==1.70.0 (from -r requirements.lock (line 707))
2025-07-10T21:13:45.1675546Z   Downloading googleapis_common_protos-1.70.0-py3-none-any.whl (294 kB)
2025-07-10T21:13:45.1741684Z      ━━━━━━━━━━━━━━━━━━━━━━━━━━━━━━━━━━━━━━ 294.5/294.5 kB 63.5 MB/s eta 0:00:00
2025-07-10T21:13:45.2060317Z Collecting graphviz==0.21 (from -r requirements.lock (line 711))
2025-07-10T21:13:45.2100489Z   Downloading graphviz-0.21-py3-none-any.whl (47 kB)
2025-07-10T21:13:45.2143021Z      ━━━━━━━━━━━━━━━━━━━━━━━━━━━━━━━━━━━━━━━━ 47.3/47.3 kB 15.0 MB/s eta 0:00:00
2025-07-10T21:13:45.3523186Z Collecting greenlet==3.0.1 (from -r requirements.lock (line 715))
2025-07-10T21:13:45.3619432Z   Downloading greenlet-3.0.1-cp311-cp311-manylinux_2_24_x86_64.manylinux_2_28_x86_64.whl (616 kB)
2025-07-10T21:13:45.3769808Z      ━━━━━━━━━━━━━━━━━━━━━━━━━━━━━━━━━━━━━━ 616.7/616.7 kB 46.8 MB/s eta 0:00:00
2025-07-10T21:13:45.4293051Z Collecting griffe==1.7.3 (from -r requirements.lock (line 776))
2025-07-10T21:13:45.4332294Z   Downloading griffe-1.7.3-py3-none-any.whl (129 kB)
2025-07-10T21:13:45.4383617Z      ━━━━━━━━━━━━━━━━━━━━━━━━━━━━━━━━━━━━━━ 129.3/129.3 kB 38.2 MB/s eta 0:00:00
2025-07-10T21:13:45.4638395Z Collecting gunicorn==21.2.0 (from -r requirements.lock (line 780))
2025-07-10T21:13:45.4676049Z   Downloading gunicorn-21.2.0-py3-none-any.whl (80 kB)
2025-07-10T21:13:45.4724713Z      ━━━━━━━━━━━━━━━━━━━━━━━━━━━━━━━━━━━━━━━━ 80.2/80.2 kB 22.6 MB/s eta 0:00:00
2025-07-10T21:13:45.5025921Z Collecting h11==0.16.0 (from -r requirements.lock (line 784))
2025-07-10T21:13:45.5061093Z   Downloading h11-0.16.0-py3-none-any.whl (37 kB)
2025-07-10T21:13:45.5295606Z Collecting h2==4.2.0 (from -r requirements.lock (line 790))
2025-07-10T21:13:45.5330641Z   Downloading h2-4.2.0-py3-none-any.whl (60 kB)
2025-07-10T21:13:45.5376211Z      ━━━━━━━━━━━━━━━━━━━━━━━━━━━━━━━━━━━━━━━━ 61.0/61.0 kB 18.3 MB/s eta 0:00:00
2025-07-10T21:13:45.5524757Z Collecting hpack==4.1.0 (from -r requirements.lock (line 794))
2025-07-10T21:13:45.5559667Z   Downloading hpack-4.1.0-py3-none-any.whl (34 kB)
2025-07-10T21:13:45.5898530Z Collecting httpcore==1.0.9 (from -r requirements.lock (line 798))
2025-07-10T21:13:45.5936179Z   Downloading httpcore-1.0.9-py3-none-any.whl (78 kB)
2025-07-10T21:13:45.5979849Z      ━━━━━━━━━━━━━━━━━━━━━━━━━━━━━━━━━━━━━━━━ 78.8/78.8 kB 25.9 MB/s eta 0:00:00
2025-07-10T21:13:45.6179422Z Collecting httplib2==0.22.0 (from -r requirements.lock (line 804))
2025-07-10T21:13:45.6217798Z   Downloading httplib2-0.22.0-py3-none-any.whl (96 kB)
2025-07-10T21:13:45.6261530Z      ━━━━━━━━━━━━━━━━━━━━━━━━━━━━━━━━━━━━━━━━ 96.9/96.9 kB 32.0 MB/s eta 0:00:00
2025-07-10T21:13:45.6621091Z Collecting httptools==0.6.4 (from -r requirements.lock (line 810))
2025-07-10T21:13:45.6661272Z   Downloading httptools-0.6.4-cp311-cp311-manylinux_2_5_x86_64.manylinux1_x86_64.manylinux_2_17_x86_64.manylinux2014_x86_64.whl (459 kB)
2025-07-10T21:13:45.6752612Z      ━━━━━━━━━━━━━━━━━━━━━━━━━━━━━━━━━━━━━━ 459.8/459.8 kB 63.4 MB/s eta 0:00:00
2025-07-10T21:13:45.7057753Z Collecting httpx==0.25.2 (from httpx[http2]==0.25.2->-r requirements.lock (line 855))
2025-07-10T21:13:45.7102157Z   Downloading httpx-0.25.2-py3-none-any.whl (74 kB)
2025-07-10T21:13:45.7147103Z      ━━━━━━━━━━━━━━━━━━━━━━━━━━━━━━━━━━━━━━━━ 75.0/75.0 kB 24.1 MB/s eta 0:00:00
2025-07-10T21:13:45.7329398Z Collecting hyperframe==6.1.0 (from -r requirements.lock (line 862))
2025-07-10T21:13:45.7375226Z   Downloading hyperframe-6.1.0-py3-none-any.whl (13 kB)
2025-07-10T21:13:45.7595509Z Collecting idna==3.10 (from -r requirements.lock (line 866))
2025-07-10T21:13:45.7637300Z   Downloading idna-3.10-py3-none-any.whl (70 kB)
2025-07-10T21:13:45.7682626Z      ━━━━━━━━━━━━━━━━━━━━━━━━━━━━━━━━━━━━━━━━ 70.4/70.4 kB 22.1 MB/s eta 0:00:00
2025-07-10T21:13:45.7930449Z Collecting iniconfig==2.1.0 (from -r requirements.lock (line 875))
2025-07-10T21:13:45.7973907Z   Downloading iniconfig-2.1.0-py3-none-any.whl (6.0 kB)
2025-07-10T21:13:45.8221807Z Collecting jinja2==3.1.2 (from -r requirements.lock (line 879))
2025-07-10T21:13:45.8258255Z   Downloading Jinja2-3.1.2-py3-none-any.whl (133 kB)
2025-07-10T21:13:45.8308967Z      ━━━━━━━━━━━━━━━━━━━━━━━━━━━━━━━━━━━━━━ 133.1/133.1 kB 39.6 MB/s eta 0:00:00
2025-07-10T21:13:45.8521391Z Collecting jsonpatch==1.33 (from -r requirements.lock (line 885))
2025-07-10T21:13:45.8583320Z   Downloading jsonpatch-1.33-py2.py3-none-any.whl (12 kB)
2025-07-10T21:13:45.8834831Z Collecting jsonpickle==4.1.1 (from -r requirements.lock (line 889))
2025-07-10T21:13:45.9021529Z   Downloading jsonpickle-4.1.1-py3-none-any.whl (47 kB)
2025-07-10T21:13:45.9064047Z      ━━━━━━━━━━━━━━━━━━━━━━━━━━━━━━━━━━━━━━━━ 47.1/47.1 kB 15.0 MB/s eta 0:00:00
2025-07-10T21:13:45.9317883Z Collecting jsonpointer==3.0.0 (from -r requirements.lock (line 893))
2025-07-10T21:13:45.9356230Z   Downloading jsonpointer-3.0.0-py2.py3-none-any.whl (7.6 kB)
2025-07-10T21:13:45.9740405Z Collecting jsonschema==4.24.0 (from -r requirements.lock (line 897))
2025-07-10T21:13:45.9777134Z   Downloading jsonschema-4.24.0-py3-none-any.whl (88 kB)
2025-07-10T21:13:45.9829697Z      ━━━━━━━━━━━━━━━━━━━━━━━━━━━━━━━━━━━━━━━━ 88.7/88.7 kB 23.2 MB/s eta 0:00:00
2025-07-10T21:13:46.0037581Z Collecting jsonschema-specifications==2025.4.1 (from -r requirements.lock (line 901))
2025-07-10T21:13:46.0076633Z   Downloading jsonschema_specifications-2025.4.1-py3-none-any.whl (18 kB)
2025-07-10T21:13:46.0450088Z Collecting kubernetes==28.1.0 (from -r requirements.lock (line 905))
2025-07-10T21:13:46.0529276Z   Downloading kubernetes-28.1.0-py2.py3-none-any.whl (1.6 MB)
2025-07-10T21:13:46.0671087Z      ━━━━━━━━━━━━━━━━━━━━━━━━━━━━━━━━━━━━━━━━ 1.6/1.6 MB 129.6 MB/s eta 0:00:00
2025-07-10T21:13:46.0951617Z Collecting mako==1.3.10 (from -r requirements.lock (line 909))
2025-07-10T21:13:46.0992804Z   Downloading mako-1.3.10-py3-none-any.whl (78 kB)
2025-07-10T21:13:46.1037413Z      ━━━━━━━━━━━━━━━━━━━━━━━━━━━━━━━━━━━━━━━━ 78.5/78.5 kB 26.5 MB/s eta 0:00:00
2025-07-10T21:13:46.1296610Z Collecting markdown==3.8.2 (from -r requirements.lock (line 913))
2025-07-10T21:13:46.1337417Z   Downloading markdown-3.8.2-py3-none-any.whl (106 kB)
2025-07-10T21:13:46.1389422Z      ━━━━━━━━━━━━━━━━━━━━━━━━━━━━━━━━━━━━━━ 106.8/106.8 kB 29.3 MB/s eta 0:00:00
2025-07-10T21:13:46.1635963Z Collecting markdown-it-py==3.0.0 (from -r requirements.lock (line 917))
2025-07-10T21:13:46.1674751Z   Downloading markdown_it_py-3.0.0-py3-none-any.whl (87 kB)
2025-07-10T21:13:46.1720208Z      ━━━━━━━━━━━━━━━━━━━━━━━━━━━━━━━━━━━━━━━━ 87.5/87.5 kB 27.5 MB/s eta 0:00:00
2025-07-10T21:13:46.2297674Z Collecting markupsafe==3.0.2 (from -r requirements.lock (line 921))
2025-07-10T21:13:46.2353099Z   Downloading MarkupSafe-3.0.2-cp311-cp311-manylinux_2_17_x86_64.manylinux2014_x86_64.whl (23 kB)
2025-07-10T21:13:46.2525394Z Collecting mdurl==0.1.2 (from -r requirements.lock (line 986))
2025-07-10T21:13:46.2562609Z   Downloading mdurl-0.1.2-py3-none-any.whl (10.0 kB)
2025-07-10T21:13:46.3567590Z Collecting mock==5.2.0 (from -r requirements.lock (line 990))
2025-07-10T21:13:46.3607591Z   Downloading mock-5.2.0-py3-none-any.whl (31 kB)
2025-07-10T21:13:46.6141947Z Collecting multidict==6.6.3 (from -r requirements.lock (line 994))
2025-07-10T21:13:46.6189366Z   Downloading multidict-6.6.3-cp311-cp311-manylinux2014_x86_64.manylinux_2_17_x86_64.manylinux_2_28_x86_64.whl (246 kB)
2025-07-10T21:13:46.6252175Z      ━━━━━━━━━━━━━━━━━━━━━━━━━━━━━━━━━━━━━━ 246.6/246.6 kB 55.7 MB/s eta 0:00:00
2025-07-10T21:13:46.8354079Z Collecting numpy==1.26.2 (from -r requirements.lock (line 1108))
2025-07-10T21:13:46.8413370Z   Downloading numpy-1.26.2-cp311-cp311-manylinux_2_17_x86_64.manylinux2014_x86_64.whl (18.2 MB)
2025-07-10T21:13:46.9648020Z      ━━━━━━━━━━━━━━━━━━━━━━━━━━━━━━━━━━━━━━━ 18.2/18.2 MB 137.4 MB/s eta 0:00:00
2025-07-10T21:13:47.0091819Z Collecting numpy-financial==1.0.0 (from -r requirements.lock (line 1152))
2025-07-10T21:13:47.0137583Z   Downloading numpy_financial-1.0.0-py3-none-any.whl (14 kB)
2025-07-10T21:13:47.0360969Z Collecting oauthlib==3.3.1 (from -r requirements.lock (line 1156))
2025-07-10T21:13:47.0404166Z   Downloading oauthlib-3.3.1-py3-none-any.whl (160 kB)
2025-07-10T21:13:47.0455230Z      ━━━━━━━━━━━━━━━━━━━━━━━━━━━━━━━━━━━━━━ 160.1/160.1 kB 48.7 MB/s eta 0:00:00
2025-07-10T21:13:47.1309937Z Collecting openai==1.6.1 (from -r requirements.lock (line 1162))
2025-07-10T21:13:47.1364032Z   Downloading openai-1.6.1-py3-none-any.whl (225 kB)
2025-07-10T21:13:47.1428536Z      ━━━━━━━━━━━━━━━━━━━━━━━━━━━━━━━━━━━━━━ 225.4/225.4 kB 49.3 MB/s eta 0:00:00
2025-07-10T21:13:47.1898193Z Collecting openpyxl==3.1.5 (from -r requirements.lock (line 1166))
2025-07-10T21:13:47.1947588Z   Downloading openpyxl-3.1.5-py2.py3-none-any.whl (250 kB)
2025-07-10T21:13:47.2006926Z      ━━━━━━━━━━━━━━━━━━━━━━━━━━━━━━━━━━━━━━ 250.9/250.9 kB 63.6 MB/s eta 0:00:00
2025-07-10T21:13:47.5583278Z Collecting orjson==3.10.18 (from -r requirements.lock (line 1172))
2025-07-10T21:13:47.5637155Z   Downloading orjson-3.10.18-cp311-cp311-manylinux_2_17_x86_64.manylinux2014_x86_64.whl (132 kB)
2025-07-10T21:13:47.5692999Z      ━━━━━━━━━━━━━━━━━━━━━━━━━━━━━━━━━━━━━━ 132.8/132.8 kB 35.2 MB/s eta 0:00:00
2025-07-10T21:13:47.5966142Z Collecting packaging==24.2 (from -r requirements.lock (line 1246))
2025-07-10T21:13:47.6031082Z   Downloading packaging-24.2-py3-none-any.whl (65 kB)
2025-07-10T21:13:47.6075611Z      ━━━━━━━━━━━━━━━━━━━━━━━━━━━━━━━━━━━━━━━━ 65.5/65.5 kB 20.9 MB/s eta 0:00:00
2025-07-10T21:13:47.7437564Z Collecting pandas==2.1.4 (from -r requirements.lock (line 1254))
2025-07-10T21:13:47.7480934Z   Downloading pandas-2.1.4-cp311-cp311-manylinux_2_17_x86_64.manylinux2014_x86_64.whl (12.2 MB)
2025-07-10T21:13:47.8208718Z      ━━━━━━━━━━━━━━━━━━━━━━━━━━━━━━━━━━━━━━━ 12.2/12.2 MB 165.7 MB/s eta 0:00:00
2025-07-10T21:13:47.8570644Z Collecting passlib==1.7.4 (from passlib[bcrypt]==1.7.4->-r requirements.lock (line 1283))
2025-07-10T21:13:47.8612147Z   Downloading passlib-1.7.4-py2.py3-none-any.whl (525 kB)
2025-07-10T21:13:47.8695078Z      ━━━━━━━━━━━━━━━━━━━━━━━━━━━━━━━━━━━━━━ 525.6/525.6 kB 85.2 MB/s eta 0:00:00
2025-07-10T21:13:47.8893304Z Collecting pathspec==0.12.1 (from -r requirements.lock (line 1289))
2025-07-10T21:13:47.8958719Z   Downloading pathspec-0.12.1-py3-none-any.whl (31 kB)
2025-07-10T21:13:47.9525016Z Collecting pendulum==2.1.2 (from -r requirements.lock (line 1293))
2025-07-10T21:13:47.9565870Z   Downloading pendulum-2.1.2.tar.gz (81 kB)
2025-07-10T21:13:47.9613194Z      ━━━━━━━━━━━━━━━━━━━━━━━━━━━━━━━━━━━━━━━━ 81.2/81.2 kB 25.4 MB/s eta 0:00:00
2025-07-10T21:13:47.9828441Z   Installing build dependencies: started
2025-07-10T21:13:48.8478441Z   Installing build dependencies: finished with status 'done'
2025-07-10T21:13:48.8485116Z   Getting requirements to build wheel: started
2025-07-10T21:13:48.9281071Z   Getting requirements to build wheel: finished with status 'done'
2025-07-10T21:13:48.9290893Z   Preparing metadata (pyproject.toml): started
2025-07-10T21:13:49.1935705Z   Preparing metadata (pyproject.toml): finished with status 'done'
2025-07-10T21:13:49.2427090Z Collecting playwright==1.40.0 (from -r requirements.lock (line 1316))
2025-07-10T21:13:49.2488002Z   Downloading playwright-1.40.0-py3-none-manylinux1_x86_64.whl (37.2 MB)
2025-07-10T21:13:49.4691410Z      ━━━━━━━━━━━━━━━━━━━━━━━━━━━━━━━━━━━━━━━ 37.2/37.2 MB 109.5 MB/s eta 0:00:00
2025-07-10T21:13:49.5258684Z Collecting pluggy==1.6.0 (from -r requirements.lock (line 1325))
2025-07-10T21:13:49.5300710Z   Downloading pluggy-1.6.0-py3-none-any.whl (20 kB)
2025-07-10T21:13:49.6923721Z Collecting prefect==2.14.9 (from -r requirements.lock (line 1331))
2025-07-10T21:13:49.6980661Z   Downloading prefect-2.14.9-py3-none-any.whl (2.7 MB)
2025-07-10T21:13:49.7273207Z      ━━━━━━━━━━━━━━━━━━━━━━━━━━━━━━━━━━━━━━━━ 2.7/2.7 MB 99.4 MB/s eta 0:00:00
2025-07-10T21:13:49.7539970Z Collecting prometheus-client==0.19.0 (from -r requirements.lock (line 1335))
2025-07-10T21:13:49.7581761Z   Downloading prometheus_client-0.19.0-py3-none-any.whl (54 kB)
2025-07-10T21:13:49.7623876Z      ━━━━━━━━━━━━━━━━━━━━━━━━━━━━━━━━━━━━━━━━ 54.2/54.2 kB 18.2 MB/s eta 0:00:00
2025-07-10T21:13:49.8141736Z Collecting propcache==0.3.2 (from -r requirements.lock (line 1339))
2025-07-10T21:13:49.8182038Z   Downloading propcache-0.3.2-cp311-cp311-manylinux_2_17_x86_64.manylinux2014_x86_64.whl (213 kB)
2025-07-10T21:13:49.8243204Z      ━━━━━━━━━━━━━━━━━━━━━━━━━━━━━━━━━━━━━━ 213.5/213.5 kB 50.8 MB/s eta 0:00:00
2025-07-10T21:13:49.8525451Z Collecting proto-plus==1.26.1 (from -r requirements.lock (line 1439))
2025-07-10T21:13:49.8597723Z   Downloading proto_plus-1.26.1-py3-none-any.whl (50 kB)
2025-07-10T21:13:49.8642386Z      ━━━━━━━━━━━━━━━━━━━━━━━━━━━━━━━━━━━━━━━━ 50.2/50.2 kB 15.2 MB/s eta 0:00:00
2025-07-10T21:13:50.0429539Z Collecting protobuf==6.31.1 (from -r requirements.lock (line 1443))
2025-07-10T21:13:50.0472069Z   Downloading protobuf-6.31.1-cp39-abi3-manylinux2014_x86_64.whl (321 kB)
2025-07-10T21:13:50.0535997Z      ━━━━━━━━━━━━━━━━━━━━━━━━━━━━━━━━━━━━━━ 321.1/321.1 kB 72.0 MB/s eta 0:00:00
2025-07-10T21:13:50.2767903Z Collecting psutil==5.9.0 (from -r requirements.lock (line 1457))
2025-07-10T21:13:50.2821094Z   Downloading psutil-5.9.0.tar.gz (478 kB)
2025-07-10T21:13:50.2894155Z      ━━━━━━━━━━━━━━━━━━━━━━━━━━━━━━━━━━━━━━ 478.3/478.3 kB 90.2 MB/s eta 0:00:00
2025-07-10T21:13:50.3370555Z   Installing build dependencies: started
2025-07-10T21:13:52.0373501Z   Installing build dependencies: finished with status 'done'
2025-07-10T21:13:52.0379408Z   Getting requirements to build wheel: started
2025-07-10T21:13:52.8288430Z   Getting requirements to build wheel: finished with status 'done'
2025-07-10T21:13:52.8297330Z   Preparing metadata (pyproject.toml): started
2025-07-10T21:13:53.0454202Z   Preparing metadata (pyproject.toml): finished with status 'done'
2025-07-10T21:13:53.1208039Z Collecting psycopg2-binary==2.9.9 (from -r requirements.lock (line 1460))
2025-07-10T21:13:53.1253176Z   Downloading psycopg2_binary-2.9.9-cp311-cp311-manylinux_2_17_x86_64.manylinux2014_x86_64.whl (3.0 MB)
2025-07-10T21:13:53.1509302Z      ━━━━━━━━━━━━━━━━━━━━━━━━━━━━━━━━━━━━━━━━ 3.0/3.0 MB 128.4 MB/s eta 0:00:00
2025-07-10T21:13:53.1846426Z Collecting pyasn1==0.6.1 (from -r requirements.lock (line 1534))
2025-07-10T21:13:53.1886163Z   Downloading pyasn1-0.6.1-py3-none-any.whl (83 kB)
2025-07-10T21:13:53.1932737Z      ━━━━━━━━━━━━━━━━━━━━━━━━━━━━━━━━━━━━━━━━ 83.1/83.1 kB 26.3 MB/s eta 0:00:00
2025-07-10T21:13:53.2205119Z Collecting pyasn1-modules==0.4.2 (from -r requirements.lock (line 1540))
2025-07-10T21:13:53.2244750Z   Downloading pyasn1_modules-0.4.2-py3-none-any.whl (181 kB)
2025-07-10T21:13:53.2296302Z      ━━━━━━━━━━━━━━━━━━━━━━━━━━━━━━━━━━━━━━ 181.3/181.3 kB 54.0 MB/s eta 0:00:00
2025-07-10T21:13:53.2456308Z Collecting pycparser==2.22 (from -r requirements.lock (line 1544))
2025-07-10T21:13:53.2493889Z   Downloading pycparser-2.22-py3-none-any.whl (117 kB)
2025-07-10T21:13:53.2547844Z      ━━━━━━━━━━━━━━━━━━━━━━━━━━━━━━━━━━━━━━ 117.6/117.6 kB 31.6 MB/s eta 0:00:00
2025-07-10T21:13:53.3959790Z Collecting pydantic==2.5.0 (from pydantic[email]==2.5.0->-r requirements.lock (line 1548))
2025-07-10T21:13:53.4022275Z   Downloading pydantic-2.5.0-py3-none-any.whl (407 kB)
2025-07-10T21:13:53.4089786Z      ━━━━━━━━━━━━━━━━━━━━━━━━━━━━━━━━━━━━━━ 407.5/407.5 kB 84.9 MB/s eta 0:00:00
2025-07-10T21:13:54.2147787Z Collecting pydantic-core==2.14.1 (from -r requirements.lock (line 1557))
2025-07-10T21:13:54.2208893Z   Downloading pydantic_core-2.14.1-cp311-cp311-manylinux_2_17_x86_64.manylinux2014_x86_64.whl (2.1 MB)
2025-07-10T21:13:54.2363739Z      ━━━━━━━━━━━━━━━━━━━━━━━━━━━━━━━━━━━━━━━━ 2.1/2.1 MB 148.2 MB/s eta 0:00:00
2025-07-10T21:13:54.2637410Z Collecting pydantic-settings==2.1.0 (from -r requirements.lock (line 1660))
2025-07-10T21:13:54.2692335Z   Downloading pydantic_settings-2.1.0-py3-none-any.whl (11 kB)
2025-07-10T21:13:54.2961483Z Collecting pyee==11.0.1 (from -r requirements.lock (line 1664))
2025-07-10T21:13:54.3014239Z   Downloading pyee-11.0.1-py3-none-any.whl (15 kB)
2025-07-10T21:13:54.3331905Z Collecting pygments==2.19.2 (from -r requirements.lock (line 1668))
2025-07-10T21:13:54.3381607Z   Downloading pygments-2.19.2-py3-none-any.whl (1.2 MB)
2025-07-10T21:13:54.3497364Z      ━━━━━━━━━━━━━━━━━━━━━━━━━━━━━━━━━━━━━━━━ 1.2/1.2 MB 127.6 MB/s eta 0:00:00
2025-07-10T21:13:54.3753827Z Collecting pyjwt==2.8.0 (from -r requirements.lock (line 1674))
2025-07-10T21:13:54.3792774Z   Downloading PyJWT-2.8.0-py3-none-any.whl (22 kB)
2025-07-10T21:13:54.4184392Z Collecting pyparsing==3.2.3 (from -r requirements.lock (line 1678))
2025-07-10T21:13:54.4225952Z   Downloading pyparsing-3.2.3-py3-none-any.whl (111 kB)
2025-07-10T21:13:54.4275899Z      ━━━━━━━━━━━━━━━━━━━━━━━━━━━━━━━━━━━━━━ 111.1/111.1 kB 34.6 MB/s eta 0:00:00
2025-07-10T21:13:54.4890105Z Collecting pytest==8.4.1 (from -r requirements.lock (line 1682))
2025-07-10T21:13:54.4947317Z   Downloading pytest-8.4.1-py3-none-any.whl (365 kB)
2025-07-10T21:13:54.5014290Z      ━━━━━━━━━━━━━━━━━━━━━━━━━━━━━━━━━━━━━━ 365.5/365.5 kB 78.3 MB/s eta 0:00:00
2025-07-10T21:13:54.5325736Z Collecting pytest-asyncio==1.0.0 (from -r requirements.lock (line 1691))
2025-07-10T21:13:54.5364045Z   Downloading pytest_asyncio-1.0.0-py3-none-any.whl (15 kB)
2025-07-10T21:13:54.5632888Z Collecting pytest-cov==6.2.1 (from -r requirements.lock (line 1695))
2025-07-10T21:13:54.5674067Z   Downloading pytest_cov-6.2.1-py3-none-any.whl (24 kB)
2025-07-10T21:13:54.5884257Z Collecting pytest-env==1.1.5 (from -r requirements.lock (line 1699))
2025-07-10T21:13:54.5925390Z   Downloading pytest_env-1.1.5-py3-none-any.whl (6.1 kB)
2025-07-10T21:13:54.6273361Z Collecting pytest-mock==3.14.1 (from -r requirements.lock (line 1703))
2025-07-10T21:13:54.6312746Z   Downloading pytest_mock-3.14.1-py3-none-any.whl (9.9 kB)
2025-07-10T21:13:54.6544112Z Collecting python-dateutil==2.8.2 (from -r requirements.lock (line 1707))
2025-07-10T21:13:54.6595507Z   Downloading python_dateutil-2.8.2-py2.py3-none-any.whl (247 kB)
2025-07-10T21:13:54.6652975Z      ━━━━━━━━━━━━━━━━━━━━━━━━━━━━━━━━━━━━━━ 247.7/247.7 kB 67.0 MB/s eta 0:00:00
2025-07-10T21:13:54.6891199Z Collecting python-dotenv==1.0.0 (from -r requirements.lock (line 1718))
2025-07-10T21:13:54.6930533Z   Downloading python_dotenv-1.0.0-py3-none-any.whl (19 kB)
2025-07-10T21:13:54.7181027Z Collecting python-http-client==3.3.7 (from -r requirements.lock (line 1725))
2025-07-10T21:13:54.7225013Z   Downloading python_http_client-3.3.7-py3-none-any.whl (8.4 kB)
2025-07-10T21:13:54.7473473Z Collecting python-json-logger==2.0.7 (from -r requirements.lock (line 1729))
2025-07-10T21:13:54.7513521Z   Downloading python_json_logger-2.0.7-py3-none-any.whl (8.1 kB)
2025-07-10T21:13:54.7790467Z Collecting python-slugify==8.0.4 (from -r requirements.lock (line 1733))
2025-07-10T21:13:54.7845555Z   Downloading python_slugify-8.0.4-py2.py3-none-any.whl (10 kB)
2025-07-10T21:13:54.8384969Z Collecting pytz==2023.4 (from -r requirements.lock (line 1737))
2025-07-10T21:13:54.8456338Z   Downloading pytz-2023.4-py2.py3-none-any.whl (506 kB)
2025-07-10T21:13:54.8533786Z      ━━━━━━━━━━━━━━━━━━━━━━━━━━━━━━━━━━━━━━ 506.5/506.5 kB 91.4 MB/s eta 0:00:00
2025-07-10T21:13:54.8770166Z Collecting pytzdata==2020.1 (from -r requirements.lock (line 1746))
2025-07-10T21:13:54.8816274Z   Downloading pytzdata-2020.1-py2.py3-none-any.whl (489 kB)
2025-07-10T21:13:54.8894553Z      ━━━━━━━━━━━━━━━━━━━━━━━━━━━━━━━━━━━━━━ 490.0/490.0 kB 87.0 MB/s eta 0:00:00
2025-07-10T21:13:54.9362567Z Collecting pyyaml==6.0.1 (from -r requirements.lock (line 1750))
2025-07-10T21:13:54.9413831Z   Downloading PyYAML-6.0.1-cp311-cp311-manylinux_2_17_x86_64.manylinux2014_x86_64.whl (757 kB)
2025-07-10T21:13:54.9514821Z      ━━━━━━━━━━━━━━━━━━━━━━━━━━━━━━━━━━━━━━ 757.7/757.7 kB 96.1 MB/s eta 0:00:00
2025-07-10T21:13:54.9735772Z Collecting readchar==4.2.1 (from -r requirements.lock (line 1809))
2025-07-10T21:13:54.9775344Z   Downloading readchar-4.2.1-py3-none-any.whl (9.3 kB)
2025-07-10T21:13:55.0325146Z Collecting redis==5.0.1 (from -r requirements.lock (line 1813))
2025-07-10T21:13:55.0364894Z   Downloading redis-5.0.1-py3-none-any.whl (250 kB)
2025-07-10T21:13:55.0425670Z      ━━━━━━━━━━━━━━━━━━━━━━━━━━━━━━━━━━━━━━ 250.3/250.3 kB 59.8 MB/s eta 0:00:00
2025-07-10T21:13:55.0838768Z Collecting referencing==0.36.2 (from -r requirements.lock (line 1817))
2025-07-10T21:13:55.0879943Z   Downloading referencing-0.36.2-py3-none-any.whl (26 kB)
2025-07-10T21:13:55.4274621Z Collecting regex==2024.11.6 (from -r requirements.lock (line 1823))
2025-07-10T21:13:55.4318134Z   Downloading regex-2024.11.6-cp311-cp311-manylinux_2_17_x86_64.manylinux2014_x86_64.whl (792 kB)
2025-07-10T21:13:55.4416936Z      ━━━━━━━━━━━━━━━━━━━━━━━━━━━━━━━━━━━━━ 792.7/792.7 kB 102.2 MB/s eta 0:00:00
2025-07-10T21:13:55.4805871Z Collecting requests==2.32.4 (from -r requirements.lock (line 1919))
2025-07-10T21:13:55.4847083Z   Downloading requests-2.32.4-py3-none-any.whl (64 kB)
2025-07-10T21:13:55.4892852Z      ━━━━━━━━━━━━━━━━━━━━━━━━━━━━━━━━━━━━━━━━ 64.8/64.8 kB 20.5 MB/s eta 0:00:00
2025-07-10T21:13:55.5080647Z Collecting requests-oauthlib==2.0.0 (from -r requirements.lock (line 1930))
2025-07-10T21:13:55.5120315Z   Downloading requests_oauthlib-2.0.0-py2.py3-none-any.whl (24 kB)
2025-07-10T21:13:55.5475038Z Collecting responses==0.24.0 (from -r requirements.lock (line 1936))
2025-07-10T21:13:55.5533344Z   Downloading responses-0.24.0-py3-none-any.whl (54 kB)
2025-07-10T21:13:55.5577418Z      ━━━━━━━━━━━━━━━━━━━━━━━━━━━━━━━━━━━━━━━━ 54.5/54.5 kB 17.9 MB/s eta 0:00:00
2025-07-10T21:13:55.6309902Z Collecting rich==13.9.4 (from -r requirements.lock (line 1939))
2025-07-10T21:13:55.6352144Z   Downloading rich-13.9.4-py3-none-any.whl (242 kB)
2025-07-10T21:13:55.6408822Z      ━━━━━━━━━━━━━━━━━━━━━━━━━━━━━━━━━━━━━━ 242.4/242.4 kB 64.1 MB/s eta 0:00:00
2025-07-10T21:13:55.9163656Z Collecting rpds-py==0.26.0 (from -r requirements.lock (line 1945))
2025-07-10T21:13:55.9209192Z   Downloading rpds_py-0.26.0-cp311-cp311-manylinux_2_17_x86_64.manylinux2014_x86_64.whl (383 kB)
2025-07-10T21:13:55.9279421Z      ━━━━━━━━━━━━━━━━━━━━━━━━━━━━━━━━━━━━━━ 383.9/383.9 kB 73.9 MB/s eta 0:00:00
2025-07-10T21:13:55.9518722Z Collecting rsa==4.9.1 (from -r requirements.lock (line 2093))
2025-07-10T21:13:55.9563394Z   Downloading rsa-4.9.1-py3-none-any.whl (34 kB)
2025-07-10T21:13:56.3057971Z Collecting ruamel-yaml==0.18.14 (from -r requirements.lock (line 2097))
2025-07-10T21:13:56.3103676Z   Downloading ruamel.yaml-0.18.14-py3-none-any.whl (118 kB)
2025-07-10T21:13:56.3155295Z      ━━━━━━━━━━━━━━━━━━━━━━━━━━━━━━━━━━━━━━ 118.6/118.6 kB 35.2 MB/s eta 0:00:00
2025-07-10T21:13:56.3539480Z Collecting ruamel-yaml-clib==0.2.12 (from -r requirements.lock (line 2103))
2025-07-10T21:13:56.3580734Z   Downloading ruamel.yaml.clib-0.2.12-cp311-cp311-manylinux_2_17_x86_64.manylinux2014_x86_64.whl (739 kB)
2025-07-10T21:13:56.3670541Z      ━━━━━━━━━━━━━━━━━━━━━━━━━━━━━━━━━━━━━ 739.1/739.1 kB 108.3 MB/s eta 0:00:00
2025-07-10T21:13:56.4980614Z Collecting scipy==1.16.0 (from -r requirements.lock (line 2151))
2025-07-10T21:13:56.5032180Z   Downloading scipy-1.16.0-cp311-cp311-manylinux2014_x86_64.manylinux_2_17_x86_64.whl (35.3 MB)
2025-07-10T21:13:56.7241719Z      ━━━━━━━━━━━━━━━━━━━━━━━━━━━━━━━━━━━━━━━ 35.3/35.3 MB 112.8 MB/s eta 0:00:00
2025-07-10T21:13:56.8160719Z Collecting sendgrid==6.11.0 (from -r requirements.lock (line 2190))
2025-07-10T21:13:56.8205628Z   Downloading sendgrid-6.11.0-py3-none-any.whl (101 kB)
2025-07-10T21:13:56.8253084Z      ━━━━━━━━━━━━━━━━━━━━━━━━━━━━━━━━━━━━━━ 101.9/101.9 kB 33.7 MB/s eta 0:00:00
2025-07-10T21:13:56.8895739Z Collecting sentry-sdk==1.45.1 (from sentry-sdk[fastapi]==1.45.1->-r requirements.lock (line 2194))
2025-07-10T21:13:56.8960480Z   Downloading sentry_sdk-1.45.1-py2.py3-none-any.whl (267 kB)
2025-07-10T21:13:56.9019916Z      ━━━━━━━━━━━━━━━━━━━━━━━━━━━━━━━━━━━━━━ 267.2/267.2 kB 67.1 MB/s eta 0:00:00
2025-07-10T21:13:56.9276020Z Collecting shellingham==1.5.4 (from -r requirements.lock (line 2200))
2025-07-10T21:13:56.9315679Z   Downloading shellingham-1.5.4-py2.py3-none-any.whl (9.8 kB)
2025-07-10T21:13:56.9538117Z Collecting six==1.17.0 (from -r requirements.lock (line 2204))
2025-07-10T21:13:56.9577557Z   Downloading six-1.17.0-py2.py3-none-any.whl (11 kB)
2025-07-10T21:13:56.9744760Z Collecting sniffio==1.3.1 (from -r requirements.lock (line 2210))
2025-07-10T21:13:56.9815440Z   Downloading sniffio-1.3.1-py3-none-any.whl (10 kB)
2025-07-10T21:13:57.0070534Z Collecting soupsieve==2.7 (from -r requirements.lock (line 2219))
2025-07-10T21:13:57.0109566Z   Downloading soupsieve-2.7-py3-none-any.whl (36 kB)
2025-07-10T21:13:57.3239371Z Collecting sqlalchemy==2.0.23 (from sqlalchemy[asyncio]==2.0.23->-r requirements.lock (line 2223))
2025-07-10T21:13:57.3306961Z   Downloading SQLAlchemy-2.0.23-cp311-cp311-manylinux_2_17_x86_64.manylinux2014_x86_64.whl (3.2 MB)
2025-07-10T21:13:57.3533342Z      ━━━━━━━━━━━━━━━━━━━━━━━━━━━━━━━━━━━━━━━━ 3.2/3.2 MB 155.3 MB/s eta 0:00:00
2025-07-10T21:13:57.3758284Z Collecting starkbank-ecdsa==2.2.0 (from -r requirements.lock (line 2277))
2025-07-10T21:13:57.3802071Z   Downloading starkbank-ecdsa-2.2.0.tar.gz (14 kB)
2025-07-10T21:13:57.3901725Z   Installing build dependencies: started
2025-07-10T21:13:58.9464655Z   Installing build dependencies: finished with status 'done'
2025-07-10T21:13:58.9470169Z   Getting requirements to build wheel: started
2025-07-10T21:13:59.0971005Z   Getting requirements to build wheel: finished with status 'done'
2025-07-10T21:13:59.0980744Z   Preparing metadata (pyproject.toml): started
2025-07-10T21:13:59.2568022Z   Preparing metadata (pyproject.toml): finished with status 'done'
2025-07-10T21:13:59.3000508Z Collecting starlette==0.27.0 (from -r requirements.lock (line 2280))
2025-07-10T21:13:59.3042272Z   Downloading starlette-0.27.0-py3-none-any.whl (66 kB)
2025-07-10T21:13:59.3098559Z      ━━━━━━━━━━━━━━━━━━━━━━━━━━━━━━━━━━━━━━━━ 67.0/67.0 kB 16.0 MB/s eta 0:00:00
2025-07-10T21:13:59.4465289Z Collecting stripe==7.8.0 (from -r requirements.lock (line 2286))
2025-07-10T21:13:59.4527143Z   Downloading stripe-7.8.0-py2.py3-none-any.whl (886 kB)
2025-07-10T21:13:59.4625349Z      ━━━━━━━━━━━━━━━━━━━━━━━━━━━━━━━━━━━━━ 886.0/886.0 kB 113.1 MB/s eta 0:00:00
2025-07-10T21:13:59.4870103Z Collecting tenacity==8.2.3 (from -r requirements.lock (line 2290))
2025-07-10T21:13:59.4909624Z   Downloading tenacity-8.2.3-py3-none-any.whl (24 kB)
2025-07-10T21:13:59.5078848Z Collecting text-unidecode==1.3 (from -r requirements.lock (line 2294))
2025-07-10T21:13:59.5124205Z   Downloading text_unidecode-1.3-py2.py3-none-any.whl (78 kB)
2025-07-10T21:13:59.5171899Z      ━━━━━━━━━━━━━━━━━━━━━━━━━━━━━━━━━━━━━━━━ 78.2/78.2 kB 24.0 MB/s eta 0:00:00
2025-07-10T21:13:59.5333929Z Collecting toml==0.10.2 (from -r requirements.lock (line 2298))
2025-07-10T21:13:59.5375337Z   Downloading toml-0.10.2-py2.py3-none-any.whl (16 kB)
2025-07-10T21:13:59.5953827Z Collecting tqdm==4.67.1 (from -r requirements.lock (line 2302))
2025-07-10T21:13:59.5995623Z   Downloading tqdm-4.67.1-py3-none-any.whl (78 kB)
2025-07-10T21:13:59.6044976Z      ━━━━━━━━━━━━━━━━━━━━━━━━━━━━━━━━━━━━━━━━ 78.5/78.5 kB 23.2 MB/s eta 0:00:00
2025-07-10T21:13:59.6334823Z Collecting typer==0.16.0 (from -r requirements.lock (line 2306))
2025-07-10T21:13:59.6373127Z   Downloading typer-0.16.0-py3-none-any.whl (46 kB)
2025-07-10T21:13:59.6417479Z      ━━━━━━━━━━━━━━━━━━━━━━━━━━━━━━━━━━━━━━━━ 46.3/46.3 kB 14.5 MB/s eta 0:00:00
2025-07-10T21:13:59.6674840Z Collecting typing-extensions==4.14.1 (from -r requirements.lock (line 2310))
2025-07-10T21:13:59.6714086Z   Downloading typing_extensions-4.14.1-py3-none-any.whl (43 kB)
2025-07-10T21:13:59.6757807Z      ━━━━━━━━━━━━━━━━━━━━━━━━━━━━━━━━━━━━━━━━ 43.9/43.9 kB 13.9 MB/s eta 0:00:00
2025-07-10T21:13:59.6976221Z Collecting tzdata==2025.2 (from -r requirements.lock (line 2327))
2025-07-10T21:13:59.7020761Z   Downloading tzdata-2025.2-py2.py3-none-any.whl (347 kB)
2025-07-10T21:13:59.7090023Z      ━━━━━━━━━━━━━━━━━━━━━━━━━━━━━━━━━━━━━━ 347.8/347.8 kB 70.9 MB/s eta 0:00:00
2025-07-10T21:13:59.7354667Z Collecting tzlocal==5.3.1 (from -r requirements.lock (line 2331))
2025-07-10T21:13:59.7395955Z   Downloading tzlocal-5.3.1-py3-none-any.whl (18 kB)
2025-07-10T21:13:59.8090378Z Collecting ujson==5.10.0 (from -r requirements.lock (line 2335))
2025-07-10T21:13:59.8132744Z   Downloading ujson-5.10.0-cp311-cp311-manylinux_2_17_x86_64.manylinux2014_x86_64.whl (53 kB)
2025-07-10T21:13:59.8183829Z      ━━━━━━━━━━━━━━━━━━━━━━━━━━━━━━━━━━━━━━━━ 53.6/53.6 kB 13.7 MB/s eta 0:00:00
2025-07-10T21:13:59.8349269Z Collecting uritemplate==4.2.0 (from -r requirements.lock (line 2415))
2025-07-10T21:13:59.8393470Z   Downloading uritemplate-4.2.0-py3-none-any.whl (11 kB)
2025-07-10T21:13:59.8869353Z Collecting urllib3==1.26.20 (from -r requirements.lock (line 2421))
2025-07-10T21:13:59.8910843Z   Downloading urllib3-1.26.20-py2.py3-none-any.whl (144 kB)
2025-07-10T21:13:59.8964108Z      ━━━━━━━━━━━━━━━━━━━━━━━━━━━━━━━━━━━━━━ 144.2/144.2 kB 41.0 MB/s eta 0:00:00
2025-07-10T21:13:59.9384354Z Collecting uvicorn==0.24.0 (from uvicorn[standard]==0.24.0->-r requirements.lock (line 2430))
2025-07-10T21:13:59.9458801Z   Downloading uvicorn-0.24.0-py3-none-any.whl (59 kB)
2025-07-10T21:13:59.9505876Z      ━━━━━━━━━━━━━━━━━━━━━━━━━━━━━━━━━━━━━━━━ 59.6/59.6 kB 17.5 MB/s eta 0:00:00
2025-07-10T21:13:59.9965258Z Collecting uvloop==0.21.0 (from -r requirements.lock (line 2437))
2025-07-10T21:14:00.0011692Z   Downloading uvloop-0.21.0-cp311-cp311-manylinux_2_17_x86_64.manylinux2014_x86_64.whl (4.0 MB)
2025-07-10T21:14:00.0309627Z      ━━━━━━━━━━━━━━━━━━━━━━━━━━━━━━━━━━━━━━━━ 4.0/4.0 MB 144.9 MB/s eta 0:00:00
2025-07-10T21:14:00.0944356Z Collecting watchdog==6.0.0 (from -r requirements.lock (line 2476))
2025-07-10T21:14:00.0989155Z   Downloading watchdog-6.0.0-py3-none-manylinux2014_x86_64.whl (79 kB)
2025-07-10T21:14:00.1043436Z      ━━━━━━━━━━━━━━━━━━━━━━━━━━━━━━━━━━━━━━━━ 79.1/79.1 kB 19.7 MB/s eta 0:00:00
2025-07-10T21:14:00.1901285Z Collecting watchfiles==1.1.0 (from -r requirements.lock (line 2508))
2025-07-10T21:14:00.1944533Z   Downloading watchfiles-1.1.0-cp311-cp311-manylinux_2_17_x86_64.manylinux2014_x86_64.whl (453 kB)
2025-07-10T21:14:00.2022286Z      ━━━━━━━━━━━━━━━━━━━━━━━━━━━━━━━━━━━━━━ 453.1/453.1 kB 81.3 MB/s eta 0:00:00
2025-07-10T21:14:00.2711701Z Collecting websocket-client==1.8.0 (from -r requirements.lock (line 2616))
2025-07-10T21:14:00.2754049Z   Downloading websocket_client-1.8.0-py3-none-any.whl (58 kB)
2025-07-10T21:14:00.2799622Z      ━━━━━━━━━━━━━━━━━━━━━━━━━━━━━━━━━━━━━━━━ 58.8/58.8 kB 18.2 MB/s eta 0:00:00
2025-07-10T21:14:00.3840755Z Collecting websockets==12.0 (from -r requirements.lock (line 2622))
2025-07-10T21:14:00.3885394Z   Downloading websockets-12.0-cp311-cp311-manylinux_2_5_x86_64.manylinux1_x86_64.manylinux_2_17_x86_64.manylinux2014_x86_64.whl (130 kB)
2025-07-10T21:14:00.3941589Z      ━━━━━━━━━━━━━━━━━━━━━━━━━━━━━━━━━━━━━━ 130.9/130.9 kB 34.4 MB/s eta 0:00:00
2025-07-10T21:14:00.4205664Z Collecting xlcalculator==0.5.0 (from -r requirements.lock (line 2698))
2025-07-10T21:14:00.4252049Z   Downloading xlcalculator-0.5.0.tar.gz (458 kB)
2025-07-10T21:14:00.4329472Z      ━━━━━━━━━━━━━━━━━━━━━━━━━━━━━━━━━━━━━━ 458.4/458.4 kB 83.3 MB/s eta 0:00:00
2025-07-10T21:14:00.4769713Z   Installing build dependencies: started
2025-07-10T21:14:02.0001263Z   Installing build dependencies: finished with status 'done'
2025-07-10T21:14:02.0005763Z   Getting requirements to build wheel: started
2025-07-10T21:14:02.1626260Z   Getting requirements to build wheel: finished with status 'done'
2025-07-10T21:14:02.1635171Z   Preparing metadata (pyproject.toml): started
2025-07-10T21:14:02.3287692Z   Preparing metadata (pyproject.toml): finished with status 'done'
2025-07-10T21:14:02.8456471Z Collecting yarl==1.20.1 (from -r requirements.lock (line 2701))
2025-07-10T21:14:02.8499929Z   Downloading yarl-1.20.1-cp311-cp311-manylinux_2_17_x86_64.manylinux2014_x86_64.whl (348 kB)
2025-07-10T21:14:02.8564400Z      ━━━━━━━━━━━━━━━━━━━━━━━━━━━━━━━━━━━━━━ 349.0/349.0 kB 77.6 MB/s eta 0:00:00
2025-07-10T21:14:02.8740166Z Collecting yearfrac==0.4.8 (from -r requirements.lock (line 2807))
2025-07-10T21:14:02.8802736Z   Downloading yearfrac-0.4.8.tar.gz (7.7 kB)
2025-07-10T21:14:02.8884721Z   Installing build dependencies: started
2025-07-10T21:14:04.4201992Z   Installing build dependencies: finished with status 'done'
2025-07-10T21:14:04.4208745Z   Getting requirements to build wheel: started
2025-07-10T21:14:04.5688274Z   Getting requirements to build wheel: finished with status 'done'
2025-07-10T21:14:04.5695779Z   Preparing metadata (pyproject.toml): started
2025-07-10T21:14:04.7257850Z   Preparing metadata (pyproject.toml): finished with status 'done'
2025-07-10T21:14:08.6898039Z WARNING: The candidate selected for download or install is a yanked version: 'email-validator' candidate (version 2.1.0 at https://files.pythonhosted.org/packages/90/41/4767ff64e422734487a06384a66e62615b1f5cf9cf3b23295e22d3ecf711/email_validator-2.1.0-py3-none-any.whl (from https://pypi.org/simple/email-validator/) (requires-python:>=3.7))
2025-07-10T21:14:08.6903658Z Reason for being yanked: Forgot to drop Python 3.7 from python_requires, see https://github.com/JoshData/python-email-validator/pull/118
2025-07-10T21:14:08.6906379Z WARNING: The candidate selected for download or install is a yanked version: 'stripe' candidate (version 7.8.0 at https://files.pythonhosted.org/packages/9f/0a/f47c33e690008c4619e34578805b30768ca6bdb6acc7b764fe448b478385/stripe-7.8.0-py2.py3-none-any.whl (from https://pypi.org/simple/stripe/) (requires-python:>=3.6))
2025-07-10T21:14:08.6908502Z Reason for being yanked: <none given>
2025-07-10T21:14:08.6953348Z Building wheels for collected packages: pendulum, psutil, starkbank-ecdsa, xlcalculator, yearfrac
2025-07-10T21:14:08.6963124Z   Building wheel for pendulum (pyproject.toml): started
2025-07-10T21:14:11.8723708Z   Building wheel for pendulum (pyproject.toml): finished with status 'done'
2025-07-10T21:14:11.8732128Z   Created wheel for pendulum: filename=pendulum-2.1.2-cp311-cp311-manylinux_2_39_x86_64.whl size=159836 sha256=4cc1558fe7c9366151a1e2c873c7bc89c13f7dfc531875cff717d671557d815f
2025-07-10T21:14:11.8733934Z   Stored in directory: /home/runner/.cache/pip/wheels/a4/b7/10/a86f4f49b1bdf8a0cf3da42d48f499e4cb7529ebab7aad3550
2025-07-10T21:14:11.8763552Z   Building wheel for psutil (pyproject.toml): started
2025-07-10T21:14:13.0151963Z   Building wheel for psutil (pyproject.toml): finished with status 'done'
2025-07-10T21:14:13.0160278Z   Created wheel for psutil: filename=psutil-5.9.0-cp311-cp311-linux_x86_64.whl size=284325 sha256=4e555f3281a1565e0375bdf42ccb7495ce33a78bb477c157fc3879c8c01fc2bf
2025-07-10T21:14:13.0162023Z   Stored in directory: /home/runner/.cache/pip/wheels/b7/3f/a5/6da60cf045cc7d875f3f6746c27e9afa159642fc5acaa5ae08
2025-07-10T21:14:13.0194953Z   Building wheel for starkbank-ecdsa (pyproject.toml): started
2025-07-10T21:14:13.2062876Z   Building wheel for starkbank-ecdsa (pyproject.toml): finished with status 'done'
2025-07-10T21:14:13.2069864Z   Created wheel for starkbank-ecdsa: filename=starkbank_ecdsa-2.2.0-py3-none-any.whl size=16049 sha256=a2b2668b5c94ac91709d14a8418d33275a3c2bc3555cd6b8dd963d286f785818
2025-07-10T21:14:13.2071655Z   Stored in directory: /home/runner/.cache/pip/wheels/af/6c/c8/3a941332ae93d4748d5b4107d70ed22b4e6ff6ac1e225c5c95
2025-07-10T21:14:13.2096330Z   Building wheel for xlcalculator (pyproject.toml): started
2025-07-10T21:14:13.5058672Z   Building wheel for xlcalculator (pyproject.toml): finished with status 'done'
2025-07-10T21:14:13.5069709Z   Created wheel for xlcalculator: filename=xlcalculator-0.5.0-py3-none-any.whl size=634628 sha256=5c32cfb77570b18adc45958e59926365d70f8dc9c2c8011aab6ff48185c8b3dd
2025-07-10T21:14:13.5071133Z   Stored in directory: /home/runner/.cache/pip/wheels/0b/68/db/55377219a752ff8a0bfa051a06675d9b4fb6816e0e953b4e56
2025-07-10T21:14:13.5113143Z   Building wheel for yearfrac (pyproject.toml): started
2025-07-10T21:14:13.6904747Z   Building wheel for yearfrac (pyproject.toml): finished with status 'done'
2025-07-10T21:14:13.6911311Z   Created wheel for yearfrac: filename=yearfrac-0.4.8-py3-none-any.whl size=7357 sha256=ab4024d7c89ea25d4ab5d8faaef03c0216688e380bc3ced06d771f322d7cbd74
2025-07-10T21:14:13.6912888Z   Stored in directory: /home/runner/.cache/pip/wheels/f1/d3/d8/7a1ad02deb18722349b5a6fb3f906a683be4369caafba6c436
2025-07-10T21:14:13.6930123Z Successfully built pendulum psutil starkbank-ecdsa xlcalculator yearfrac
2025-07-10T21:14:14.5179349Z Installing collected packages: text-unidecode, starkbank-ecdsa, pytz, passlib, coolname, websockets, websocket-client, watchdog, uvloop, urllib3, uritemplate, ujson, tzlocal, tzdata, typing-extensions, tqdm, toml, tenacity, soupsieve, sniffio, six, shellingham, ruamel-yaml-clib, rpds-py, regex, redis, readchar, pyyaml, pytzdata, python-slugify, python-json-logger, python-http-client, python-dotenv, pyparsing, pyjwt, pygments, pycparser, pyasn1, psycopg2-binary, psutil, protobuf, propcache, prometheus-client, pluggy, pathspec, packaging, orjson, oauthlib, numpy, multidict, mock, mdurl, markupsafe, markdown, jsonpointer, jsonpickle, iniconfig, idna, hyperframe, httptools, hpack, h11, greenlet, graphviz, geographiclib, fsspec, frozenlist, et-xmlfile, dnspython, distro, coverage, colorama, cloudpickle, click, charset-normalizer, certifi, cachetools, bcrypt, attrs, async-timeout, annotated-types, yearfrac, yarl, uvicorn, sqlalchemy, sentry-sdk, sendgrid, scipy, ruamel-yaml, rsa, requests, referencing, python-dateutil, pytest, pyee, pydantic-core, pyasn1-modules, proto-plus, openpyxl, numpy-financial, markdown-it-py, mako, jsonpatch, jinja2, httplib2, httpcore, h2, gunicorn, griffe, googleapis-common-protos, geopy, email-validator, cffi, beautifulsoup4, asyncpg, asgi-lifespan, anyio, aiosqlite, aiosignal, watchfiles, stripe, starlette, rich, responses, requests-oauthlib, pytest-mock, pytest-env, pytest-cov, pytest-asyncio, pydantic, playwright, pendulum, pandas, jsonschema-specifications, httpx, google-auth, docker, dateparser, cryptography, croniter, alembic, aiohttp, xlcalculator, typer, pydantic-settings, openai, kubernetes, jsonschema, google-auth-httplib2, google-api-core, fastapi, apprise, prefect, google-api-python-client
2025-07-10T21:14:39.9779407Z Successfully installed aiohttp-3.9.1 aiosignal-1.4.0 aiosqlite-0.21.0 alembic-1.12.1 annotated-types-0.7.0 anyio-3.7.1 apprise-1.9.3 asgi-lifespan-2.1.0 async-timeout-5.0.1 asyncpg-0.29.0 attrs-25.3.0 bcrypt-4.3.0 beautifulsoup4-4.12.0 cachetools-5.5.2 certifi-2025.7.9 cffi-1.17.1 charset-normalizer-3.4.2 click-8.1.7 cloudpickle-3.1.1 colorama-0.4.6 coolname-2.2.0 coverage-7.9.2 croniter-2.0.7 cryptography-41.0.7 dateparser-1.2.0 distro-1.9.0 dnspython-2.7.0 docker-6.1.3 email-validator-2.1.0 et-xmlfile-2.0.0 fastapi-0.104.1 frozenlist-1.7.0 fsspec-2025.5.1 geographiclib-2.0 geopy-2.4.1 google-api-core-2.25.1 google-api-python-client-2.100.0 google-auth-2.40.3 google-auth-httplib2-0.2.0 googleapis-common-protos-1.70.0 graphviz-0.21 greenlet-3.0.1 griffe-1.7.3 gunicorn-21.2.0 h11-0.16.0 h2-4.2.0 hpack-4.1.0 httpcore-1.0.9 httplib2-0.22.0 httptools-0.6.4 httpx-0.25.2 hyperframe-6.1.0 idna-3.10 iniconfig-2.1.0 jinja2-3.1.2 jsonpatch-1.33 jsonpickle-4.1.1 jsonpointer-3.0.0 jsonschema-4.24.0 jsonschema-specifications-2025.4.1 kubernetes-28.1.0 mako-1.3.10 markdown-3.8.2 markdown-it-py-3.0.0 markupsafe-3.0.2 mdurl-0.1.2 mock-5.2.0 multidict-6.6.3 numpy-1.26.2 numpy-financial-1.0.0 oauthlib-3.3.1 openai-1.6.1 openpyxl-3.1.5 orjson-3.10.18 packaging-24.2 pandas-2.1.4 passlib-1.7.4 pathspec-0.12.1 pendulum-2.1.2 playwright-1.40.0 pluggy-1.6.0 prefect-2.14.9 prometheus-client-0.19.0 propcache-0.3.2 proto-plus-1.26.1 protobuf-6.31.1 psutil-5.9.0 psycopg2-binary-2.9.9 pyasn1-0.6.1 pyasn1-modules-0.4.2 pycparser-2.22 pydantic-2.5.0 pydantic-core-2.14.1 pydantic-settings-2.1.0 pyee-11.0.1 pygments-2.19.2 pyjwt-2.8.0 pyparsing-3.2.3 pytest-8.4.1 pytest-asyncio-1.0.0 pytest-cov-6.2.1 pytest-env-1.1.5 pytest-mock-3.14.1 python-dateutil-2.8.2 python-dotenv-1.0.0 python-http-client-3.3.7 python-json-logger-2.0.7 python-slugify-8.0.4 pytz-2023.4 pytzdata-2020.1 pyyaml-6.0.1 readchar-4.2.1 redis-5.0.1 referencing-0.36.2 regex-2024.11.6 requests-2.32.4 requests-oauthlib-2.0.0 responses-0.24.0 rich-13.9.4 rpds-py-0.26.0 rsa-4.9.1 ruamel-yaml-0.18.14 ruamel-yaml-clib-0.2.12 scipy-1.16.0 sendgrid-6.11.0 sentry-sdk-1.45.1 shellingham-1.5.4 six-1.17.0 sniffio-1.3.1 soupsieve-2.7 sqlalchemy-2.0.23 starkbank-ecdsa-2.2.0 starlette-0.27.0 stripe-7.8.0 tenacity-8.2.3 text-unidecode-1.3 toml-0.10.2 tqdm-4.67.1 typer-0.16.0 typing-extensions-4.14.1 tzdata-2025.2 tzlocal-5.3.1 ujson-5.10.0 uritemplate-4.2.0 urllib3-1.26.20 uvicorn-0.24.0 uvloop-0.21.0 watchdog-6.0.0 watchfiles-1.1.0 websocket-client-1.8.0 websockets-12.0 xlcalculator-0.5.0 yarl-1.20.1 yearfrac-0.4.8
2025-07-10T21:14:40.1673471Z 
2025-07-10T21:14:40.1674187Z [notice] A new release of pip is available: 23.3.1 -> 25.1.1
2025-07-10T21:14:40.1675003Z [notice] To update, run: pip install --upgrade pip
2025-07-10T21:14:42.3399126Z ##[group]Run source .venv/bin/activate
2025-07-10T21:14:42.3399490Z [36;1msource .venv/bin/activate[0m
2025-07-10T21:14:42.3399768Z [36;1mexport PYTHONPATH=$PYTHONPATH:$(pwd)[0m
2025-07-10T21:14:42.3400031Z [36;1mpytest -q[0m
2025-07-10T21:14:42.3400948Z [36;1mpytest --cov=core --cov=d0_gateway --cov=d1_targeting --cov=d2_sourcing --cov=d3_assessment --cov=d4_enrichment --cov=d5_scoring --cov=d6_reports --cov=d7_storefront --cov=d8_personalization --cov=d9_delivery --cov=d10_analytics --cov=d11_orchestration --cov=database --cov-report=xml --cov-report=term[0m
2025-07-10T21:14:42.3459167Z shell: /usr/bin/bash -e {0}
2025-07-10T21:14:42.3459387Z env:
2025-07-10T21:14:42.3459630Z   pythonLocation: /opt/hostedtoolcache/Python/3.11.13/x64
2025-07-10T21:14:42.3460050Z   PKG_CONFIG_PATH: /opt/hostedtoolcache/Python/3.11.13/x64/lib/pkgconfig
2025-07-10T21:14:42.3460431Z   Python_ROOT_DIR: /opt/hostedtoolcache/Python/3.11.13/x64
2025-07-10T21:14:42.3460804Z   Python2_ROOT_DIR: /opt/hostedtoolcache/Python/3.11.13/x64
2025-07-10T21:14:42.3461150Z   Python3_ROOT_DIR: /opt/hostedtoolcache/Python/3.11.13/x64
2025-07-10T21:14:42.3461492Z   LD_LIBRARY_PATH: /opt/hostedtoolcache/Python/3.11.13/x64/lib
2025-07-10T21:14:42.3461770Z ##[endgroup]
2025-07-10T21:14:56.0351916Z .........................................E
2025-07-10T21:14:56.0352583Z ==================================== ERRORS ====================================
2025-07-10T21:14:56.0353356Z _____ ERROR at setup of TestDeliveryIntegration.test_full_send_flow_works ______
2025-07-10T21:14:56.0354139Z .venv/lib/python3.11/site-packages/sqlalchemy/engine/base.py:145: in __init__
2025-07-10T21:14:56.0354781Z     self._dbapi_connection = engine.raw_connection()
2025-07-10T21:14:56.0355248Z                              ^^^^^^^^^^^^^^^^^^^^^^^
2025-07-10T21:14:56.0355839Z .venv/lib/python3.11/site-packages/sqlalchemy/engine/base.py:3292: in raw_connection
2025-07-10T21:14:56.0356465Z     return self.pool.connect()
2025-07-10T21:14:56.0357167Z            ^^^^^^^^^^^^^^^^^^^
2025-07-10T21:14:56.0357673Z .venv/lib/python3.11/site-packages/sqlalchemy/pool/base.py:452: in connect
2025-07-10T21:14:56.0358268Z     return _ConnectionFairy._checkout(self)
2025-07-10T21:14:56.0358650Z            ^^^^^^^^^^^^^^^^^^^^^^^^^^^^^^^^
2025-07-10T21:14:56.0359214Z .venv/lib/python3.11/site-packages/sqlalchemy/pool/base.py:1269: in _checkout
2025-07-10T21:14:56.0360214Z     fairy = _ConnectionRecord.checkout(pool)
2025-07-10T21:14:56.0360610Z             ^^^^^^^^^^^^^^^^^^^^^^^^^^^^^^^^
2025-07-10T21:14:56.0361133Z .venv/lib/python3.11/site-packages/sqlalchemy/pool/base.py:716: in checkout
2025-07-10T21:14:56.0361695Z     rec = pool._do_get()
2025-07-10T21:14:56.0361990Z           ^^^^^^^^^^^^^^
2025-07-10T21:14:56.0362455Z .venv/lib/python3.11/site-packages/sqlalchemy/pool/impl.py:480: in _do_get
2025-07-10T21:14:56.0363000Z     rec = self.connection
2025-07-10T21:14:56.0363305Z           ^^^^^^^^^^^^^^^
2025-07-10T21:14:56.0363833Z .venv/lib/python3.11/site-packages/sqlalchemy/util/langhelpers.py:1146: in __get__
2025-07-10T21:14:56.0364473Z     obj.__dict__[self.__name__] = result = self.fget(obj)
2025-07-10T21:14:56.0364895Z                                            ^^^^^^^^^^^^^^
2025-07-10T21:14:56.0365441Z .venv/lib/python3.11/site-packages/sqlalchemy/pool/impl.py:437: in connection
2025-07-10T21:14:56.0366016Z     return _ConnectionRecord(self)
2025-07-10T21:14:56.0366365Z            ^^^^^^^^^^^^^^^^^^^^^^^
2025-07-10T21:14:56.0367067Z .venv/lib/python3.11/site-packages/sqlalchemy/pool/base.py:678: in __init__
2025-07-10T21:14:56.0367599Z     self.__connect()
2025-07-10T21:14:56.0368047Z .venv/lib/python3.11/site-packages/sqlalchemy/pool/base.py:902: in __connect
2025-07-10T21:14:56.0368600Z     with util.safe_reraise():
2025-07-10T21:14:56.0369146Z .venv/lib/python3.11/site-packages/sqlalchemy/util/langhelpers.py:146: in __exit__
2025-07-10T21:14:56.0369767Z     raise exc_value.with_traceback(exc_tb)
2025-07-10T21:14:56.0370612Z .venv/lib/python3.11/site-packages/sqlalchemy/pool/base.py:898: in __connect
2025-07-10T21:14:56.0371271Z     self.dbapi_connection = connection = pool._invoke_creator(self)
2025-07-10T21:14:56.0371762Z                                          ^^^^^^^^^^^^^^^^^^^^^^^^^^
2025-07-10T21:14:56.0372308Z .venv/lib/python3.11/site-packages/sqlalchemy/engine/create.py:637: in connect
2025-07-10T21:14:56.0372892Z     return dialect.connect(*cargs, **cparams)
2025-07-10T21:14:56.0373260Z            ^^^^^^^^^^^^^^^^^^^^^^^^^^^^^^^^^^
2025-07-10T21:14:56.0373805Z .venv/lib/python3.11/site-packages/sqlalchemy/engine/default.py:616: in connect
2025-07-10T21:14:56.0374427Z     return self.loaded_dbapi.connect(*cargs, **cparams)
2025-07-10T21:14:56.0374857Z            ^^^^^^^^^^^^^^^^^^^^^^^^^^^^^^^^^^^^^^^^^^^^
2025-07-10T21:14:56.0375317Z E   sqlite3.OperationalError: unable to open database file
2025-07-10T21:14:56.0375667Z 
2025-07-10T21:14:56.0375916Z The above exception was the direct cause of the following exception:
2025-07-10T21:14:56.0376563Z tests/integration/test_delivery_integration.py:43: in setup_database
2025-07-10T21:14:56.0377269Z     Base.metadata.create_all(bind=engine)
2025-07-10T21:14:56.0377838Z .venv/lib/python3.11/site-packages/sqlalchemy/sql/schema.py:5828: in create_all
2025-07-10T21:14:56.0378397Z     bind._run_ddl_visitor(
2025-07-10T21:14:56.0378932Z .venv/lib/python3.11/site-packages/sqlalchemy/engine/base.py:3242: in _run_ddl_visitor
2025-07-10T21:14:56.0379538Z     with self.begin() as conn:
2025-07-10T21:14:56.0380085Z /opt/hostedtoolcache/Python/3.11.13/x64/lib/python3.11/contextlib.py:137: in __enter__
2025-07-10T21:14:56.0380684Z     return next(self.gen)
2025-07-10T21:14:56.0380968Z            ^^^^^^^^^^^^^^
2025-07-10T21:14:56.0381435Z .venv/lib/python3.11/site-packages/sqlalchemy/engine/base.py:3232: in begin
2025-07-10T21:14:56.0381989Z     with self.connect() as conn:
2025-07-10T21:14:56.0382295Z          ^^^^^^^^^^^^^^
2025-07-10T21:14:56.0382754Z .venv/lib/python3.11/site-packages/sqlalchemy/engine/base.py:3268: in connect
2025-07-10T21:14:56.0383300Z     return self._connection_cls(self)
2025-07-10T21:14:56.0383635Z            ^^^^^^^^^^^^^^^^^^^^^^^^^^
2025-07-10T21:14:56.0384135Z .venv/lib/python3.11/site-packages/sqlalchemy/engine/base.py:147: in __init__
2025-07-10T21:14:56.0384766Z     Connection._handle_dbapi_exception_noconnection(
2025-07-10T21:14:56.0385530Z .venv/lib/python3.11/site-packages/sqlalchemy/engine/base.py:2430: in _handle_dbapi_exception_noconnection
2025-07-10T21:14:56.0386541Z     raise sqlalchemy_exception.with_traceback(exc_info[2]) from e
2025-07-10T21:14:56.0387385Z .venv/lib/python3.11/site-packages/sqlalchemy/engine/base.py:145: in __init__
2025-07-10T21:14:56.0387995Z     self._dbapi_connection = engine.raw_connection()
2025-07-10T21:14:56.0388400Z                              ^^^^^^^^^^^^^^^^^^^^^^^
2025-07-10T21:14:56.0388982Z .venv/lib/python3.11/site-packages/sqlalchemy/engine/base.py:3292: in raw_connection
2025-07-10T21:14:56.0389588Z     return self.pool.connect()
2025-07-10T21:14:56.0389926Z            ^^^^^^^^^^^^^^^^^^^
2025-07-10T21:14:56.0390412Z .venv/lib/python3.11/site-packages/sqlalchemy/pool/base.py:452: in connect
2025-07-10T21:14:56.0390997Z     return _ConnectionFairy._checkout(self)
2025-07-10T21:14:56.0391367Z            ^^^^^^^^^^^^^^^^^^^^^^^^^^^^^^^^
2025-07-10T21:14:56.0391884Z .venv/lib/python3.11/site-packages/sqlalchemy/pool/base.py:1269: in _checkout
2025-07-10T21:14:56.0392474Z     fairy = _ConnectionRecord.checkout(pool)
2025-07-10T21:14:56.0392855Z             ^^^^^^^^^^^^^^^^^^^^^^^^^^^^^^^^
2025-07-10T21:14:56.0393357Z .venv/lib/python3.11/site-packages/sqlalchemy/pool/base.py:716: in checkout
2025-07-10T21:14:56.0393891Z     rec = pool._do_get()
2025-07-10T21:14:56.0394180Z           ^^^^^^^^^^^^^^
2025-07-10T21:14:56.0394640Z .venv/lib/python3.11/site-packages/sqlalchemy/pool/impl.py:480: in _do_get
2025-07-10T21:14:56.0395199Z     rec = self.connection
2025-07-10T21:14:56.0395485Z           ^^^^^^^^^^^^^^^
2025-07-10T21:14:56.0396222Z .venv/lib/python3.11/site-packages/sqlalchemy/util/langhelpers.py:1146: in __get__
2025-07-10T21:14:56.0397017Z     obj.__dict__[self.__name__] = result = self.fget(obj)
2025-07-10T21:14:56.0397426Z                                            ^^^^^^^^^^^^^^
2025-07-10T21:14:56.0397958Z .venv/lib/python3.11/site-packages/sqlalchemy/pool/impl.py:437: in connection
2025-07-10T21:14:56.0398505Z     return _ConnectionRecord(self)
2025-07-10T21:14:56.0398833Z            ^^^^^^^^^^^^^^^^^^^^^^^
2025-07-10T21:14:56.0399322Z .venv/lib/python3.11/site-packages/sqlalchemy/pool/base.py:678: in __init__
2025-07-10T21:14:56.0399848Z     self.__connect()
2025-07-10T21:14:56.0400286Z .venv/lib/python3.11/site-packages/sqlalchemy/pool/base.py:902: in __connect
2025-07-10T21:14:56.0400832Z     with util.safe_reraise():
2025-07-10T21:14:56.0401372Z .venv/lib/python3.11/site-packages/sqlalchemy/util/langhelpers.py:146: in __exit__
2025-07-10T21:14:56.0401978Z     raise exc_value.with_traceback(exc_tb)
2025-07-10T21:14:56.0402525Z .venv/lib/python3.11/site-packages/sqlalchemy/pool/base.py:898: in __connect
2025-07-10T21:14:56.0403172Z     self.dbapi_connection = connection = pool._invoke_creator(self)
2025-07-10T21:14:56.0403667Z                                          ^^^^^^^^^^^^^^^^^^^^^^^^^^
2025-07-10T21:14:56.0404220Z .venv/lib/python3.11/site-packages/sqlalchemy/engine/create.py:637: in connect
2025-07-10T21:14:56.0404806Z     return dialect.connect(*cargs, **cparams)
2025-07-10T21:14:56.0405175Z            ^^^^^^^^^^^^^^^^^^^^^^^^^^^^^^^^^^
2025-07-10T21:14:56.0405707Z .venv/lib/python3.11/site-packages/sqlalchemy/engine/default.py:616: in connect
2025-07-10T21:14:56.0406331Z     return self.loaded_dbapi.connect(*cargs, **cparams)
2025-07-10T21:14:56.0406933Z            ^^^^^^^^^^^^^^^^^^^^^^^^^^^^^^^^^^^^^^^^^^^^
2025-07-10T21:14:56.0407565Z E   sqlalchemy.exc.OperationalError: (sqlite3.OperationalError) unable to open database file
2025-07-10T21:14:56.0408334Z E   (Background on this error at: https://sqlalche.me/e/20/e3q8)
2025-07-10T21:14:56.0408872Z =========================== short test summary info ============================
2025-07-10T21:14:56.0410273Z ERROR tests/integration/test_delivery_integration.py::TestDeliveryIntegration::test_full_send_flow_works - sqlalchemy.exc.OperationalError: (sqlite3.OperationalError) unable to open database file
2025-07-10T21:14:56.0411567Z (Background on this error at: https://sqlalche.me/e/20/e3q8)
2025-07-10T21:14:56.0412283Z !!!!!!!!!!!!!!!!!!!!!!!!!! stopping after 1 failures !!!!!!!!!!!!!!!!!!!!!!!!!!!
2025-07-10T21:14:56.0412730Z 41 passed, 1 error in 11.93s
2025-07-10T21:14:56.9876076Z ##[error]Process completed with exit code 1.
2025-07-10T21:14:56.9965091Z Post job cleanup.
2025-07-10T21:14:57.0689398Z [command]/usr/bin/git version
2025-07-10T21:14:57.0724990Z git version 2.49.0
2025-07-10T21:14:57.0771810Z Temporarily overriding HOME='/home/runner/work/_temp/6e244de8-12da-4844-acb8-9f627f4901ae' before making global git config changes
2025-07-10T21:14:57.0773062Z Adding repository directory to the temporary git global config as a safe directory
2025-07-10T21:14:57.0776940Z [command]/usr/bin/git config --global --add safe.directory /home/runner/work/LeadFactory_v1/LeadFactory_v1
2025-07-10T21:14:57.0809285Z [command]/usr/bin/git config --local --name-only --get-regexp core\.sshCommand
2025-07-10T21:14:57.0838668Z [command]/usr/bin/git submodule foreach --recursive sh -c "git config --local --name-only --get-regexp 'core\.sshCommand' && git config --local --unset-all 'core.sshCommand' || :"
2025-07-10T21:14:57.1100509Z [command]/usr/bin/git config --local --name-only --get-regexp http\.https\:\/\/github\.com\/\.extraheader
2025-07-10T21:14:57.1123185Z http.https://github.com/.extraheader
2025-07-10T21:14:57.1135671Z [command]/usr/bin/git config --local --unset-all http.https://github.com/.extraheader
2025-07-10T21:14:57.1166076Z [command]/usr/bin/git submodule foreach --recursive sh -c "git config --local --name-only --get-regexp 'http\.https\:\/\/github\.com\/\.extraheader' && git config --local --unset-all 'http.https://github.com/.extraheader' || :"
2025-07-10T21:14:57.1500711Z Cleaning up orphan processes
